Archive member included to satisfy reference by file (symbol)

c:/truestudio for stm32 9.1.0/armtools/bin/../lib/gcc/arm-atollic-eabi/6.3.1/../../../../arm-atollic-eabi/lib/armv6-m\libc.a(lib_a-errno.o)
                              mbed-dev\platform\mbed_retarget.o (__errno)
c:/truestudio for stm32 9.1.0/armtools/bin/../lib/gcc/arm-atollic-eabi/6.3.1/../../../../arm-atollic-eabi/lib/armv6-m\libc.a(lib_a-exit.o)
                              mbed-dev\platform\mbed_error.o (exit)
c:/truestudio for stm32 9.1.0/armtools/bin/../lib/gcc/arm-atollic-eabi/6.3.1/../../../../arm-atollic-eabi/lib/armv6-m\libc.a(lib_a-fclose.o)
                              mbed-dev\platform\Stream.o (fclose)
c:/truestudio for stm32 9.1.0/armtools/bin/../lib/gcc/arm-atollic-eabi/6.3.1/../../../../arm-atollic-eabi/lib/armv6-m\libc.a(lib_a-fflush.o)
                              c:/truestudio for stm32 9.1.0/armtools/bin/../lib/gcc/arm-atollic-eabi/6.3.1/../../../../arm-atollic-eabi/lib/armv6-m\libc.a(lib_a-fclose.o) (__sflush_r)
c:/truestudio for stm32 9.1.0/armtools/bin/../lib/gcc/arm-atollic-eabi/6.3.1/../../../../arm-atollic-eabi/lib/armv6-m\libc.a(lib_a-fgetc.o)
                              mbed-dev\platform\mbed_retarget.o (fgetc)
c:/truestudio for stm32 9.1.0/armtools/bin/../lib/gcc/arm-atollic-eabi/6.3.1/../../../../arm-atollic-eabi/lib/armv6-m\libc.a(lib_a-fgets.o)
                              mbed-dev\platform\mbed_retarget.o (fgets)
c:/truestudio for stm32 9.1.0/armtools/bin/../lib/gcc/arm-atollic-eabi/6.3.1/../../../../arm-atollic-eabi/lib/armv6-m\libc.a(lib_a-findfp.o)
                              c:/truestudio for stm32 9.1.0/armtools/bin/../lib/gcc/arm-atollic-eabi/6.3.1/../../../../arm-atollic-eabi/lib/armv6-m\libc.a(lib_a-fclose.o) (__sfp_lock_acquire)
c:/truestudio for stm32 9.1.0/armtools/bin/../lib/gcc/arm-atollic-eabi/6.3.1/../../../../arm-atollic-eabi/lib/armv6-m\libc.a(lib_a-fopen.o)
                              mbed-dev\platform\mbed_retarget.o (fopen)
c:/truestudio for stm32 9.1.0/armtools/bin/../lib/gcc/arm-atollic-eabi/6.3.1/../../../../arm-atollic-eabi/lib/armv6-m\libc.a(lib_a-fputc.o)
                              mbed-dev\platform\Stream.o (fputc)
c:/truestudio for stm32 9.1.0/armtools/bin/../lib/gcc/arm-atollic-eabi/6.3.1/../../../../arm-atollic-eabi/lib/armv6-m\libc.a(lib_a-fputs.o)
                              mbed-dev\platform\Stream.o (fputs)
c:/truestudio for stm32 9.1.0/armtools/bin/../lib/gcc/arm-atollic-eabi/6.3.1/../../../../arm-atollic-eabi/lib/armv6-m\libc.a(lib_a-freer.o)
                              c:/truestudio for stm32 9.1.0/armtools/bin/../lib/gcc/arm-atollic-eabi/6.3.1/../../../../arm-atollic-eabi/lib/armv6-m\libc.a(lib_a-fclose.o) (_free_r)
c:/truestudio for stm32 9.1.0/armtools/bin/../lib/gcc/arm-atollic-eabi/6.3.1/../../../../arm-atollic-eabi/lib/armv6-m\libc.a(lib_a-fseek.o)
                              c:/truestudio for stm32 9.1.0/armtools/bin/../lib/gcc/arm-atollic-eabi/6.3.1/../../../../arm-atollic-eabi/lib/armv6-m\libc.a(lib_a-fopen.o) (_fseek_r)
c:/truestudio for stm32 9.1.0/armtools/bin/../lib/gcc/arm-atollic-eabi/6.3.1/../../../../arm-atollic-eabi/lib/armv6-m\libc.a(lib_a-fseeko.o)
                              c:/truestudio for stm32 9.1.0/armtools/bin/../lib/gcc/arm-atollic-eabi/6.3.1/../../../../arm-atollic-eabi/lib/armv6-m\libc.a(lib_a-fseek.o) (_fseeko_r)
c:/truestudio for stm32 9.1.0/armtools/bin/../lib/gcc/arm-atollic-eabi/6.3.1/../../../../arm-atollic-eabi/lib/armv6-m\libc.a(lib_a-fstatr.o)
                              c:/truestudio for stm32 9.1.0/armtools/bin/../lib/gcc/arm-atollic-eabi/6.3.1/../../../../arm-atollic-eabi/lib/armv6-m\libc.a(lib_a-fseeko.o) (_fstat_r)
c:/truestudio for stm32 9.1.0/armtools/bin/../lib/gcc/arm-atollic-eabi/6.3.1/../../../../arm-atollic-eabi/lib/armv6-m\libc.a(lib_a-fvwrite.o)
                              c:/truestudio for stm32 9.1.0/armtools/bin/../lib/gcc/arm-atollic-eabi/6.3.1/../../../../arm-atollic-eabi/lib/armv6-m\libc.a(lib_a-fputs.o) (__sfvwrite_r)
c:/truestudio for stm32 9.1.0/armtools/bin/../lib/gcc/arm-atollic-eabi/6.3.1/../../../../arm-atollic-eabi/lib/armv6-m\libc.a(lib_a-fwalk.o)
                              c:/truestudio for stm32 9.1.0/armtools/bin/../lib/gcc/arm-atollic-eabi/6.3.1/../../../../arm-atollic-eabi/lib/armv6-m\libc.a(lib_a-findfp.o) (_fwalk)
c:/truestudio for stm32 9.1.0/armtools/bin/../lib/gcc/arm-atollic-eabi/6.3.1/../../../../arm-atollic-eabi/lib/armv6-m\libc.a(lib_a-impure.o)
                              c:/truestudio for stm32 9.1.0/armtools/bin/../lib/gcc/arm-atollic-eabi/6.3.1/../../../../arm-atollic-eabi/lib/armv6-m\libc.a(lib_a-exit.o) (_global_impure_ptr)
c:/truestudio for stm32 9.1.0/armtools/bin/../lib/gcc/arm-atollic-eabi/6.3.1/../../../../arm-atollic-eabi/lib/armv6-m\libc.a(lib_a-init.o)
                              mbed-dev\targets\TARGET_STM\TARGET_STM32F0\TARGET_NUCLEO_F070RB\device\TOOLCHAIN_GCC_ARM\startup_stm32f070xb.o (__libc_init_array)
[...]
Memory Configuration

Name             Origin             Length             Attributes
FLASH            0x08000000         0x00020000         xr
RAM              0x200000c0         0x00003f40         xrw
*default*        0x00000000         0xffffffff

Linker script and memory map

LOAD c:/truestudio for stm32 9.1.0/armtools/bin/../lib/gcc/arm-atollic-eabi/6.3.1/armv6-m/crti.o
LOAD c:/truestudio for stm32 9.1.0/armtools/bin/../lib/gcc/arm-atollic-eabi/6.3.1/armv6-m/crtbegin.o
LOAD main.o
LOAD mbed-dev\cmsis\TARGET_CORTEX_M\mbed_tz_context.o
LOAD mbed-dev\drivers\AnalogIn.o
LOAD mbed-dev\drivers\BusIn.o
LOAD mbed-dev\drivers\BusInOut.o
LOAD mbed-dev\drivers\BusOut.o
LOAD mbed-dev\drivers\CAN.o
LOAD mbed-dev\drivers\Ethernet.o
LOAD mbed-dev\drivers\FlashIAP.o
LOAD mbed-dev\drivers\I2C.o
LOAD mbed-dev\drivers\I2CSlave.o
LOAD mbed-dev\drivers\InterruptIn.o
LOAD mbed-dev\drivers\InterruptManager.o
LOAD mbed-dev\drivers\MbedCRC.o
LOAD mbed-dev\drivers\RawSerial.o
LOAD mbed-dev\drivers\SPI.o
LOAD mbed-dev\drivers\SPISlave.o
LOAD mbed-dev\drivers\Serial.o
LOAD mbed-dev\drivers\SerialBase.o
LOAD mbed-dev\drivers\TableCRC.o
LOAD mbed-dev\drivers\Ticker.o
LOAD mbed-dev\drivers\Timeout.o
LOAD mbed-dev\drivers\Timer.o
LOAD mbed-dev\drivers\TimerEvent.o
LOAD mbed-dev\drivers\UARTSerial.o
LOAD mbed-dev\hal\mbed_critical_section_api.o
LOAD mbed-dev\hal\mbed_flash_api.o
LOAD mbed-dev\hal\mbed_gpio.o
LOAD mbed-dev\hal\mbed_itm_api.o
LOAD mbed-dev\hal\mbed_lp_ticker_api.o
LOAD mbed-dev\hal\mbed_lp_ticker_wrapper.o
LOAD mbed-dev\hal\mbed_pinmap_common.o
LOAD mbed-dev\hal\mbed_sleep_manager.o
LOAD mbed-dev\hal\mbed_ticker_api.o
LOAD mbed-dev\hal\mbed_us_ticker_api.o
LOAD mbed-dev\platform\ATCmdParser.o
LOAD mbed-dev\platform\CallChain.o
LOAD mbed-dev\platform\FileBase.o
LOAD mbed-dev\platform\FileHandle.o
LOAD mbed-dev\platform\FilePath.o
LOAD mbed-dev\platform\FileSystemHandle.o
LOAD mbed-dev\platform\LocalFileSystem.o
LOAD mbed-dev\platform\Stream.o
LOAD mbed-dev\platform\mbed_alloc_wrappers.o
LOAD mbed-dev\platform\mbed_application.o
LOAD mbed-dev\platform\mbed_assert.o
LOAD mbed-dev\platform\mbed_board.o
LOAD mbed-dev\platform\mbed_critical.o
LOAD mbed-dev\platform\mbed_error.o
LOAD mbed-dev\platform\mbed_error_hist.o
LOAD mbed-dev\platform\mbed_interface.o
LOAD mbed-dev\platform\mbed_mem_trace.o
LOAD mbed-dev\platform\mbed_mktime.o
LOAD mbed-dev\platform\mbed_poll.o
LOAD mbed-dev\platform\mbed_retarget.o
LOAD mbed-dev\platform\mbed_rtc_time.o
LOAD mbed-dev\platform\mbed_sdk_boot.o
LOAD mbed-dev\platform\mbed_semihost_api.o
LOAD mbed-dev\platform\mbed_stats.o
LOAD mbed-dev\platform\mbed_wait_api_no_rtos.o
LOAD mbed-dev\platform\mbed_wait_api_rtos.o
LOAD mbed-dev\targets\TARGET_STM\TARGET_STM32F0\TARGET_NUCLEO_F070RB\PeripheralPins.o
LOAD mbed-dev\targets\TARGET_STM\TARGET_STM32F0\TARGET_NUCLEO_F070RB\device\TOOLCHAIN_GCC_ARM\startup_stm32f070xb.o
LOAD mbed-dev\targets\TARGET_STM\TARGET_STM32F0\TARGET_NUCLEO_F070RB\device\cmsis_nvic.o
LOAD mbed-dev\targets\TARGET_STM\TARGET_STM32F0\TARGET_NUCLEO_F070RB\device\system_clock.o
LOAD mbed-dev\targets\TARGET_STM\TARGET_STM32F0\analogin_device.o
LOAD mbed-dev\targets\TARGET_STM\TARGET_STM32F0\analogout_device.o
LOAD mbed-dev\targets\TARGET_STM\TARGET_STM32F0\device\stm32f0xx_hal.o
LOAD mbed-dev\targets\TARGET_STM\TARGET_STM32F0\device\stm32f0xx_hal_adc.o
LOAD mbed-dev\targets\TARGET_STM\TARGET_STM32F0\device\stm32f0xx_hal_adc_ex.o
LOAD mbed-dev\targets\TARGET_STM\TARGET_STM32F0\device\stm32f0xx_hal_can.o
LOAD mbed-dev\targets\TARGET_STM\TARGET_STM32F0\device\stm32f0xx_hal_cec.o
LOAD mbed-dev\targets\TARGET_STM\TARGET_STM32F0\device\stm32f0xx_hal_comp.o
LOAD mbed-dev\targets\TARGET_STM\TARGET_STM32F0\device\stm32f0xx_hal_cortex.o
LOAD mbed-dev\targets\TARGET_STM\TARGET_STM32F0\device\stm32f0xx_hal_crc.o
LOAD mbed-dev\targets\TARGET_STM\TARGET_STM32F0\device\stm32f0xx_hal_crc_ex.o
LOAD mbed-dev\targets\TARGET_STM\TARGET_STM32F0\device\stm32f0xx_hal_dac.o
LOAD mbed-dev\targets\TARGET_STM\TARGET_STM32F0\device\stm32f0xx_hal_dac_ex.o
LOAD mbed-dev\targets\TARGET_STM\TARGET_STM32F0\device\stm32f0xx_hal_dma.o
LOAD mbed-dev\targets\TARGET_STM\TARGET_STM32F0\device\stm32f0xx_hal_flash.o
LOAD mbed-dev\targets\TARGET_STM\TARGET_STM32F0\device\stm32f0xx_hal_flash_ex.o
LOAD mbed-dev\targets\TARGET_STM\TARGET_STM32F0\device\stm32f0xx_hal_gpio.o
LOAD mbed-dev\targets\TARGET_STM\TARGET_STM32F0\device\stm32f0xx_hal_i2c.o
LOAD mbed-dev\targets\TARGET_STM\TARGET_STM32F0\device\stm32f0xx_hal_i2c_ex.o
LOAD mbed-dev\targets\TARGET_STM\TARGET_STM32F0\device\stm32f0xx_hal_i2s.o
LOAD mbed-dev\targets\TARGET_STM\TARGET_STM32F0\device\stm32f0xx_hal_irda.o
LOAD mbed-dev\targets\TARGET_STM\TARGET_STM32F0\device\stm32f0xx_hal_iwdg.o
LOAD mbed-dev\targets\TARGET_STM\TARGET_STM32F0\device\stm32f0xx_hal_pcd.o
LOAD mbed-dev\targets\TARGET_STM\TARGET_STM32F0\device\stm32f0xx_hal_pcd_ex.o
LOAD mbed-dev\targets\TARGET_STM\TARGET_STM32F0\device\stm32f0xx_hal_pwr.o
LOAD mbed-dev\targets\TARGET_STM\TARGET_STM32F0\device\stm32f0xx_hal_pwr_ex.o
LOAD mbed-dev\targets\TARGET_STM\TARGET_STM32F0\device\stm32f0xx_hal_rcc.o
LOAD mbed-dev\targets\TARGET_STM\TARGET_STM32F0\device\stm32f0xx_hal_rcc_ex.o
LOAD mbed-dev\targets\TARGET_STM\TARGET_STM32F0\device\stm32f0xx_hal_rtc.o
LOAD mbed-dev\targets\TARGET_STM\TARGET_STM32F0\device\stm32f0xx_hal_rtc_ex.o
LOAD mbed-dev\targets\TARGET_STM\TARGET_STM32F0\device\stm32f0xx_hal_smartcard.o
LOAD mbed-dev\targets\TARGET_STM\TARGET_STM32F0\device\stm32f0xx_hal_smartcard_ex.o
LOAD mbed-dev\targets\TARGET_STM\TARGET_STM32F0\device\stm32f0xx_hal_smbus.o
LOAD mbed-dev\targets\TARGET_STM\TARGET_STM32F0\device\stm32f0xx_hal_spi.o
LOAD mbed-dev\targets\TARGET_STM\TARGET_STM32F0\device\stm32f0xx_hal_spi_ex.o
LOAD mbed-dev\targets\TARGET_STM\TARGET_STM32F0\device\stm32f0xx_hal_tim.o
LOAD mbed-dev\targets\TARGET_STM\TARGET_STM32F0\device\stm32f0xx_hal_tim_ex.o
LOAD mbed-dev\targets\TARGET_STM\TARGET_STM32F0\device\stm32f0xx_hal_tsc.o
LOAD mbed-dev\targets\TARGET_STM\TARGET_STM32F0\device\stm32f0xx_hal_uart.o
LOAD mbed-dev\targets\TARGET_STM\TARGET_STM32F0\device\stm32f0xx_hal_uart_ex.o
LOAD mbed-dev\targets\TARGET_STM\TARGET_STM32F0\device\stm32f0xx_hal_usart.o
LOAD mbed-dev\targets\TARGET_STM\TARGET_STM32F0\device\stm32f0xx_hal_wwdg.o
LOAD mbed-dev\targets\TARGET_STM\TARGET_STM32F0\device\stm32f0xx_ll_adc.o
LOAD mbed-dev\targets\TARGET_STM\TARGET_STM32F0\device\stm32f0xx_ll_comp.o
LOAD mbed-dev\targets\TARGET_STM\TARGET_STM32F0\device\stm32f0xx_ll_crc.o
LOAD mbed-dev\targets\TARGET_STM\TARGET_STM32F0\device\stm32f0xx_ll_crs.o
LOAD mbed-dev\targets\TARGET_STM\TARGET_STM32F0\device\stm32f0xx_ll_dac.o
LOAD mbed-dev\targets\TARGET_STM\TARGET_STM32F0\device\stm32f0xx_ll_dma.o
LOAD mbed-dev\targets\TARGET_STM\TARGET_STM32F0\device\stm32f0xx_ll_exti.o
LOAD mbed-dev\targets\TARGET_STM\TARGET_STM32F0\device\stm32f0xx_ll_gpio.o
LOAD mbed-dev\targets\TARGET_STM\TARGET_STM32F0\device\stm32f0xx_ll_i2c.o
LOAD mbed-dev\targets\TARGET_STM\TARGET_STM32F0\device\stm32f0xx_ll_pwr.o
LOAD mbed-dev\targets\TARGET_STM\TARGET_STM32F0\device\stm32f0xx_ll_rcc.o
LOAD mbed-dev\targets\TARGET_STM\TARGET_STM32F0\device\stm32f0xx_ll_rtc.o
LOAD mbed-dev\targets\TARGET_STM\TARGET_STM32F0\device\stm32f0xx_ll_spi.o
LOAD mbed-dev\targets\TARGET_STM\TARGET_STM32F0\device\stm32f0xx_ll_tim.o
LOAD mbed-dev\targets\TARGET_STM\TARGET_STM32F0\device\stm32f0xx_ll_usart.o
LOAD mbed-dev\targets\TARGET_STM\TARGET_STM32F0\device\stm32f0xx_ll_utils.o
LOAD mbed-dev\targets\TARGET_STM\TARGET_STM32F0\device\system_stm32f0xx.o
LOAD mbed-dev\targets\TARGET_STM\TARGET_STM32F0\flash_api.o
LOAD mbed-dev\targets\TARGET_STM\TARGET_STM32F0\gpio_irq_device.o
LOAD mbed-dev\targets\TARGET_STM\TARGET_STM32F0\pwmout_device.o
LOAD mbed-dev\targets\TARGET_STM\TARGET_STM32F0\serial_device.o
LOAD mbed-dev\targets\TARGET_STM\TARGET_STM32F0\spi_api.o
LOAD mbed-dev\targets\TARGET_STM\analogin_api.o
LOAD mbed-dev\targets\TARGET_STM\analogout_api.o
LOAD mbed-dev\targets\TARGET_STM\can_api.o
LOAD mbed-dev\targets\TARGET_STM\gpio_api.o
LOAD mbed-dev\targets\TARGET_STM\gpio_irq_api.o
LOAD mbed-dev\targets\TARGET_STM\hal_tick_overrides.o
LOAD mbed-dev\targets\TARGET_STM\i2c_api.o
LOAD mbed-dev\targets\TARGET_STM\lp_ticker.o
LOAD mbed-dev\targets\TARGET_STM\mbed_crc_api.o
LOAD mbed-dev\targets\TARGET_STM\mbed_overrides.o
LOAD mbed-dev\targets\TARGET_STM\pinmap.o
LOAD mbed-dev\targets\TARGET_STM\port_api.o
LOAD mbed-dev\targets\TARGET_STM\pwmout_api.o
LOAD mbed-dev\targets\TARGET_STM\rtc_api.o
LOAD mbed-dev\targets\TARGET_STM\serial_api.o
LOAD mbed-dev\targets\TARGET_STM\sleep.o
LOAD mbed-dev\targets\TARGET_STM\stm_spi_api.o
LOAD mbed-dev\targets\TARGET_STM\trng_api.o
LOAD mbed-dev\targets\TARGET_STM\us_ticker.o
                0x00001000                malloc_getpagesize_P = 0x1000
START GROUP
LOAD c:/truestudio for stm32 9.1.0/armtools/bin/../lib/gcc/arm-atollic-eabi/6.3.1/../../../../arm-atollic-eabi/lib/armv6-m\libstdc++.a
LOAD c:/truestudio for stm32 9.1.0/armtools/bin/../lib/gcc/arm-atollic-eabi/6.3.1/../../../../arm-atollic-eabi/lib/armv6-m\libsupc++.a
END GROUP
LOAD c:/truestudio for stm32 9.1.0/armtools/bin/../lib/gcc/arm-atollic-eabi/6.3.1/../../../../arm-atollic-eabi/lib/armv6-m\libstdc++.a
LOAD c:/truestudio for stm32 9.1.0/armtools/bin/../lib/gcc/arm-atollic-eabi/6.3.1/../../../../arm-atollic-eabi/lib/armv6-m\libm.a
LOAD c:/truestudio for stm32 9.1.0/armtools/bin/../lib/gcc/arm-atollic-eabi/6.3.1/../../../../arm-atollic-eabi/lib/armv6-m\libc.a
START GROUP
LOAD c:/truestudio for stm32 9.1.0/armtools/bin/../lib/gcc/arm-atollic-eabi/6.3.1/armv6-m\libgcc.a
LOAD c:/truestudio for stm32 9.1.0/armtools/bin/../lib/gcc/arm-atollic-eabi/6.3.1/../../../../arm-atollic-eabi/lib/armv6-m\libc.a
END GROUP
START GROUP
LOAD c:/truestudio for stm32 9.1.0/armtools/bin/../lib/gcc/arm-atollic-eabi/6.3.1/armv6-m\libgcc.a
LOAD c:/truestudio for stm32 9.1.0/armtools/bin/../lib/gcc/arm-atollic-eabi/6.3.1/../../../../arm-atollic-eabi/lib/armv6-m\libc.a
LOAD c:/truestudio for stm32 9.1.0/armtools/bin/../lib/gcc/arm-atollic-eabi/6.3.1/../../../../arm-atollic-eabi/lib/armv6-m\libnosys.a
END GROUP
LOAD c:/truestudio for stm32 9.1.0/armtools/bin/../lib/gcc/arm-atollic-eabi/6.3.1/armv6-m/crtend.o
LOAD c:/truestudio for stm32 9.1.0/armtools/bin/../lib/gcc/arm-atollic-eabi/6.3.1/armv6-m/crtn.o

.text           0x08000000     0xd0d0
 *(.isr_vector)
 .isr_vector    0x08000000       0xc0 mbed-dev\targets\TARGET_STM\TARGET_STM32F0\TARGET_NUCLEO_F070RB\device\TOOLCHAIN_GCC_ARM\startup_stm32f070xb.o
                0x08000000                g_pfnVectors
 *(.text)
 .text          0x080000c0       0x48 c:/truestudio for stm32 9.1.0/armtools/bin/../lib/gcc/arm-atollic-eabi/6.3.1/armv6-m/crtbegin.o
 .text          0x08000108       0x14 c:/truestudio for stm32 9.1.0/armtools/bin/../lib/gcc/arm-atollic-eabi/6.3.1/../../../../arm-atollic-eabi/lib/armv6-m\libc.a(lib_a-strcmp.o)
                0x08000108                strcmp
 .text          0x0800011c        0xe c:/truestudio for stm32 9.1.0/armtools/bin/../lib/gcc/arm-atollic-eabi/6.3.1/../../../../arm-atollic-eabi/lib/armv6-m\libc.a(lib_a-strlen.o)
                0x0800011c                strlen
 *fill*         0x0800012a        0x2 
 .text          0x0800012c       0x14 c:/truestudio for stm32 9.1.0/armtools/bin/../lib/gcc/arm-atollic-eabi/6.3.1/armv6-m\libgcc.a(_thumb1_case_uqi.o)
                0x0800012c                __gnu_thumb1_case_uqi
 .text          0x08000140       0x14 c:/truestudio for stm32 9.1.0/armtools/bin/../lib/gcc/arm-atollic-eabi/6.3.1/armv6-m\libgcc.a(_thumb1_case_uhi.o)
                0x08000140                __gnu_thumb1_case_uhi
 .text          0x08000154      0x114 c:/truestudio for stm32 9.1.0/armtools/bin/../lib/gcc/arm-atollic-eabi/6.3.1/armv6-m\libgcc.a(_udivsi3.o)
                0x08000154                __aeabi_uidiv
                0x08000154                __udivsi3
                0x08000260                __aeabi_uidivmod
 .text          0x08000268      0x1d4 c:/truestudio for stm32 9.1.0/armtools/bin/../lib/gcc/arm-atollic-eabi/6.3.1/armv6-m\libgcc.a(_divsi3.o)
                0x08000268                __divsi3
                0x08000268                __aeabi_idiv
                0x08000434                __aeabi_idivmod
 .text          0x0800043c        0x4 c:/truestudio for stm32 9.1.0/armtools/bin/../lib/gcc/arm-atollic-eabi/6.3.1/armv6-m\libgcc.a(_dvmd_tls.o)
                0x0800043c                __aeabi_idiv0
                0x0800043c                __aeabi_ldiv0
 .text          0x08000440       0x7c c:/truestudio for stm32 9.1.0/armtools/bin/../lib/gcc/arm-atollic-eabi/6.3.1/armv6-m\libgcc.a(_arm_cmpdf2.o)
                0x08000440                __aeabi_cdrcmple
                0x08000450                __aeabi_cdcmple
                0x08000450                __aeabi_cdcmpeq
                0x08000460                __aeabi_dcmpeq
                0x0800046c                __aeabi_dcmplt
                0x08000480                __aeabi_dcmple
                0x08000494                __aeabi_dcmpgt
                0x080004a8                __aeabi_dcmpge
 .text          0x080004bc       0x74 c:/truestudio for stm32 9.1.0/armtools/bin/../lib/gcc/arm-atollic-eabi/6.3.1/armv6-m\libgcc.a(_arm_cmpsf2.o)
                0x080004bc                __aeabi_cfrcmple
                0x080004c4                __aeabi_cfcmpeq
                0x080004c4                __aeabi_cfcmple
                0x080004d4                __aeabi_fcmpeq
                0x080004e0                __aeabi_fcmplt
                0x080004f4                __aeabi_fcmple
                0x08000508                __aeabi_fcmpgt
                0x0800051c                __aeabi_fcmpge
 .text          0x08000530       0x40 c:/truestudio for stm32 9.1.0/armtools/bin/../lib/gcc/arm-atollic-eabi/6.3.1/armv6-m\libgcc.a(_aeabi_uldivmod.o)
                0x08000530                __aeabi_uldivmod
 .text          0x08000570       0x54 c:/truestudio for stm32 9.1.0/armtools/bin/../lib/gcc/arm-atollic-eabi/6.3.1/armv6-m\libgcc.a(_muldi3.o)
                0x08000570                __muldi3
                0x08000570                __aeabi_lmul
 .text          0x080005c4       0x30 c:/truestudio for stm32 9.1.0/armtools/bin/../lib/gcc/arm-atollic-eabi/6.3.1/armv6-m\libgcc.a(_fixunssfsi.o)
                0x080005c4                __fixunssfsi
                0x080005c4                __aeabi_f2uiz
 .text          0x080005f4       0x3c c:/truestudio for stm32 9.1.0/armtools/bin/../lib/gcc/arm-atollic-eabi/6.3.1/armv6-m\libgcc.a(_fixunsdfsi.o)
                0x080005f4                __aeabi_d2uiz
                0x080005f4                __fixunsdfsi
 .text          0x08000630       0x40 c:/truestudio for stm32 9.1.0/armtools/bin/../lib/gcc/arm-atollic-eabi/6.3.1/armv6-m\libgcc.a(_fixunssfdi.o)
                0x08000630                __fixunssfdi
                0x08000630                __aeabi_f2ulz
 .text          0x08000670      0x180 c:/truestudio for stm32 9.1.0/armtools/bin/../lib/gcc/arm-atollic-eabi/6.3.1/armv6-m\libgcc.a(_udivmoddi4.o)
                0x08000670                __udivmoddi4
 .text          0x080007f0      0x324 c:/truestudio for stm32 9.1.0/armtools/bin/../lib/gcc/arm-atollic-eabi/6.3.1/armv6-m\libgcc.a(addsf3.o)
                0x080007f0                __aeabi_fadd
 .text          0x08000b14      0x290 c:/truestudio for stm32 9.1.0/armtools/bin/../lib/gcc/arm-atollic-eabi/6.3.1/armv6-m\libgcc.a(divsf3.o)
                0x08000b14                __aeabi_fdiv
 .text          0x08000da4       0x4c c:/truestudio for stm32 9.1.0/armtools/bin/../lib/gcc/arm-atollic-eabi/6.3.1/armv6-m\libgcc.a(eqsf2.o)
                0x08000da4                __eqsf2
                0x08000da4                __nesf2
 .text          0x08000df0       0x80 c:/truestudio for stm32 9.1.0/armtools/bin/../lib/gcc/arm-atollic-eabi/6.3.1/armv6-m\libgcc.a(gesf2.o)
                0x08000df0                __gesf2
                0x08000df0                __gtsf2
 .text          0x08000e70       0x84 c:/truestudio for stm32 9.1.0/armtools/bin/../lib/gcc/arm-atollic-eabi/6.3.1/armv6-m\libgcc.a(lesf2.o)
                0x08000e70                __ltsf2
                0x08000e70                __lesf2
 .text          0x08000ef4      0x240 c:/truestudio for stm32 9.1.0/armtools/bin/../lib/gcc/arm-atollic-eabi/6.3.1/armv6-m\libgcc.a(mulsf3.o)
                0x08000ef4                __aeabi_fmul
 .text          0x08001134      0x338 c:/truestudio for stm32 9.1.0/armtools/bin/../lib/gcc/arm-atollic-eabi/6.3.1/armv6-m\libgcc.a(subsf3.o)
                0x08001134                __aeabi_fsub
 .text          0x0800146c       0x40 c:/truestudio for stm32 9.1.0/armtools/bin/../lib/gcc/arm-atollic-eabi/6.3.1/armv6-m\libgcc.a(fixsfsi.o)
                0x0800146c                __aeabi_f2iz
 .text          0x080014ac       0xa0 c:/truestudio for stm32 9.1.0/armtools/bin/../lib/gcc/arm-atollic-eabi/6.3.1/armv6-m\libgcc.a(floatsisf.o)
                0x080014ac                __aeabi_i2f
 .text          0x0800154c       0x8c c:/truestudio for stm32 9.1.0/armtools/bin/../lib/gcc/arm-atollic-eabi/6.3.1/armv6-m\libgcc.a(floatunsisf.o)
                0x0800154c                __aeabi_ui2f
 .text          0x080015d8      0x620 c:/truestudio for stm32 9.1.0/armtools/bin/../lib/gcc/arm-atollic-eabi/6.3.1/armv6-m\libgcc.a(adddf3.o)
                0x080015d8                __aeabi_dadd
 .text          0x08001bf8      0x668 c:/truestudio for stm32 9.1.0/armtools/bin/../lib/gcc/arm-atollic-eabi/6.3.1/armv6-m\libgcc.a(divdf3.o)
                0x08001bf8                __aeabi_ddiv
 .text          0x08002260       0x74 c:/truestudio for stm32 9.1.0/armtools/bin/../lib/gcc/arm-atollic-eabi/6.3.1/armv6-m\libgcc.a(eqdf2.o)
                0x08002260                __nedf2
                0x08002260                __eqdf2
 .text          0x080022d4       0xc8 c:/truestudio for stm32 9.1.0/armtools/bin/../lib/gcc/arm-atollic-eabi/6.3.1/armv6-m\libgcc.a(gedf2.o)
                0x080022d4                __gedf2
                0x080022d4                __gtdf2
 .text          0x0800239c       0xc4 c:/truestudio for stm32 9.1.0/armtools/bin/../lib/gcc/arm-atollic-eabi/6.3.1/armv6-m\libgcc.a(ledf2.o)
                0x0800239c                __ledf2
                0x0800239c                __ltdf2
 .text          0x08002460      0x500 c:/truestudio for stm32 9.1.0/armtools/bin/../lib/gcc/arm-atollic-eabi/6.3.1/armv6-m\libgcc.a(muldf3.o)
                0x08002460                __aeabi_dmul
 .text          0x08002960      0x62c c:/truestudio for stm32 9.1.0/armtools/bin/../lib/gcc/arm-atollic-eabi/6.3.1/armv6-m\libgcc.a(subdf3.o)
                0x08002960                __aeabi_dsub
 .text          0x08002f8c       0x40 c:/truestudio for stm32 9.1.0/armtools/bin/../lib/gcc/arm-atollic-eabi/6.3.1/armv6-m\libgcc.a(unorddf2.o)
                0x08002f8c                __aeabi_dcmpun
 .text          0x08002fcc       0x68 c:/truestudio for stm32 9.1.0/armtools/bin/../lib/gcc/arm-atollic-eabi/6.3.1/armv6-m\libgcc.a(fixdfsi.o)
                0x08002fcc                __aeabi_d2iz
 .text          0x08003034       0x84 c:/truestudio for stm32 9.1.0/armtools/bin/../lib/gcc/arm-atollic-eabi/6.3.1/armv6-m\libgcc.a(floatsidf.o)
                0x08003034                __aeabi_i2d
 .text          0x080030b8       0x70 c:/truestudio for stm32 9.1.0/armtools/bin/../lib/gcc/arm-atollic-eabi/6.3.1/armv6-m\libgcc.a(floatunsidf.o)
                0x080030b8                __aeabi_ui2d
 .text          0x08003128       0xa4 c:/truestudio for stm32 9.1.0/armtools/bin/../lib/gcc/arm-atollic-eabi/6.3.1/armv6-m\libgcc.a(extendsfdf2.o)
                0x08003128                __aeabi_f2d
 .text          0x080031cc       0x3c c:/truestudio for stm32 9.1.0/armtools/bin/../lib/gcc/arm-atollic-eabi/6.3.1/armv6-m\libgcc.a(_clzsi2.o)
                0x080031cc                __clzsi2
 .text          0x08003208       0x18 c:/truestudio for stm32 9.1.0/armtools/bin/../lib/gcc/arm-atollic-eabi/6.3.1/armv6-m\libgcc.a(_clzdi2.o)
                0x08003208                __clzdi2
 *(.text*)
 .text._ZN4mbed8AnalogInD2Ev
                0x08003220        0x2 main.o
                0x08003220                mbed::AnalogIn::~AnalogIn()
                0x08003220                mbed::AnalogIn::~AnalogIn()
 *fill*         0x08003222        0x2 
 .text._ZN4mbed8AnalogIn4lockEv
                0x08003224       0x18 main.o
                0x08003224                mbed::AnalogIn::lock()
 .text._ZN4mbed8AnalogIn6unlockEv
                0x0800323c       0x18 main.o
                0x0800323c                mbed::AnalogIn::unlock()
 .text._ZN4mbed8CallbackIFvvEE13function_callIPS1_EEvPKv
                0x08003254        0x8 main.o
                0x08003254                void mbed::Callback<void ()>::function_call<void (*)()>(void const*)
 .text._ZN4mbed8CallbackIFvvEE13function_moveIPS1_EEvPvPKv
                0x0800325c        0xa main.o
                0x0800325c                void mbed::Callback<void ()>::function_move<void (*)()>(void*, void const*)
 .text._ZN4mbed8CallbackIFvvEE13function_dtorIPS1_EEvPv
                0x08003266        0x2 main.o
                0x08003266                void mbed::Callback<void ()>::function_dtor<void (*)()>(void*)
 .text._Z16incremento_Servov
                0x08003268      0x138 main.o
                0x08003268                incremento_Servo()
 .text._ZN4mbed6PwmOutD2Ev
                0x080033a0       0x20 main.o
                0x080033a0                mbed::PwmOut::~PwmOut()
                0x080033a0                mbed::PwmOut::~PwmOut()
 .text._ZN4mbed8AnalogInD0Ev
                0x080033c0        0xc main.o
                0x080033c0                mbed::AnalogIn::~AnalogIn()
 .text._ZN4mbed6TickerD2Ev
                0x080033cc       0x28 main.o
                0x080033cc                mbed::Ticker::~Ticker()
                0x080033cc                mbed::Ticker::~Ticker()
 .text._ZN4mbed6SerialD2Ev
                0x080033f4       0x4c main.o
                0x080033f4                mbed::Serial::~Serial()
                0x080033f4                mbed::Serial::~Serial()
                0x08003420                non-virtual thunk to mbed::Serial::~Serial()
                0x08003430                non-virtual thunk to mbed::Serial::~Serial()
 .text._Z17adquirir_entradasv
                0x08003440      0x114 main.o
                0x08003440                adquirir_entradas()
 .text._Z10rxCallbackv
                0x08003554      0x1e4 main.o
                0x08003554                rxCallback()
 .text._ZN4mbed8AnalogInC2E7PinName
                0x08003738       0x3c main.o
                0x08003738                mbed::AnalogIn::AnalogIn(PinName)
                0x08003738                mbed::AnalogIn::AnalogIn(PinName)
 .text._ZN4mbed6TickerC2Ev
                0x08003774       0x28 main.o
                0x08003774                mbed::Ticker::Ticker()
                0x08003774                mbed::Ticker::Ticker()
 .text._Z41__static_initialization_and_destruction_0ii
                0x0800379c       0xd4 main.o
 .text._ZN4mbed6Ticker6attachENS_8CallbackIFvvEEEf
                0x08003870       0x90 main.o
                0x08003870                mbed::Ticker::attach(mbed::Callback<void ()>, float)
 .text._ZN4mbed6TickerD0Ev
                0x08003900       0x30 main.o
                0x08003900                mbed::Ticker::~Ticker()
 .text.main     0x08003930       0xa4 main.o
                0x08003930                main
 .text._ZN4mbed6SerialD0Ev
                0x080039d4       0x50 main.o
                0x080039d4                mbed::Serial::~Serial()
                0x08003a04                non-virtual thunk to mbed::Serial::~Serial()
                0x08003a14                non-virtual thunk to mbed::Serial::~Serial()
 .text._GLOBAL__sub_I_sensor_temperatura
                0x08003a24       0x10 main.o
 .text._ZN4mbed14CircularBufferINS_11TransactionINS_3SPIEEELm2EmED2Ev
                0x08003a34       0x26 mbed-dev\drivers\SPI.o
                0x08003a34                mbed::CircularBuffer<mbed::Transaction<mbed::SPI>, 2ul, unsigned long>::~CircularBuffer()
                0x08003a34                mbed::CircularBuffer<mbed::Transaction<mbed::SPI>, 2ul, unsigned long>::~CircularBuffer()
 *fill*         0x08003a5a        0x2 
 .text._Z41__static_initialization_and_destruction_0ii
                0x08003a5c       0x5c mbed-dev\drivers\SPI.o
 .text._GLOBAL__sub_I__ZN4mbed3SPI19_transaction_bufferE
                0x08003ab8       0x10 mbed-dev\drivers\SPI.o
 .text._ZN4mbed10FileHandle5lseekEli
                0x08003ac8        0xa mbed-dev\drivers\Serial.o
                0x08003ac8                mbed::FileHandle::lseek(long, int)
 .text._ZN4mbed10FileHandle5fsyncEv
                0x08003ad2        0xa mbed-dev\drivers\Serial.o
                0x08003ad2                mbed::FileHandle::fsync()
 .text._ZN4mbed10FileHandle4flenEv
                0x08003adc        0xa mbed-dev\drivers\Serial.o
                0x08003adc                mbed::FileHandle::flen()
 .text._ZN4mbed10FileHandle12set_blockingEb
                0x08003ae6        0xe mbed-dev\drivers\Serial.o
                0x08003ae6                mbed::FileHandle::set_blocking(bool)
 .text._ZNK4mbed10FileHandle11is_blockingEv
                0x08003af4        0x4 mbed-dev\drivers\Serial.o
                0x08003af4                mbed::FileHandle::is_blocking() const
 .text._ZNK4mbed10FileHandle4pollEs
                0x08003af8        0x4 mbed-dev\drivers\Serial.o
                0x08003af8                mbed::FileHandle::poll(short) const
 .text._ZN4mbed10FileHandle5sigioENS_8CallbackIFvvEEE
                0x08003afc        0x2 mbed-dev\drivers\Serial.o
                0x08003afc                mbed::FileHandle::sigio(mbed::Callback<void ()>)
 .text._ZN4mbed6Serial4lockEv
                0x08003afe        0x2 mbed-dev\drivers\Serial.o
                0x08003afe                mbed::Serial::lock()
 .text._ZThn188_N4mbed6Serial4lockEv
                0x08003b00       0x10 mbed-dev\drivers\Serial.o
                0x08003b00                non-virtual thunk to mbed::Serial::lock()
 .text._ZN4mbed6Serial6unlockEv
                0x08003b10        0x2 mbed-dev\drivers\Serial.o
                0x08003b10                mbed::Serial::unlock()
 *fill*         0x08003b12        0x2 
 .text._ZThn188_N4mbed6Serial6unlockEv
                0x08003b14       0x10 mbed-dev\drivers\Serial.o
                0x08003b14                non-virtual thunk to mbed::Serial::unlock()
 .text._ZN4mbed6Serial5_getcEv
                0x08003b24        0x8 mbed-dev\drivers\Serial.o
                0x08003b24                mbed::Serial::_getc()
 .text._ZThn188_N4mbed6Serial5_getcEv
                0x08003b2c       0x10 mbed-dev\drivers\Serial.o
                0x08003b2c                non-virtual thunk to mbed::Serial::_getc()
 .text._ZN4mbed6Serial5_putcEi
                0x08003b3c        0x8 mbed-dev\drivers\Serial.o
                0x08003b3c                mbed::Serial::_putc(int)
 .text._ZThn188_N4mbed6Serial5_putcEi
                0x08003b44       0x10 mbed-dev\drivers\Serial.o
                0x08003b44                non-virtual thunk to mbed::Serial::_putc(int)
 .text._ZN4mbed6SerialC2E7PinNameS1_PKci
                0x08003b54       0x34 mbed-dev\drivers\Serial.o
                0x08003b54                mbed::Serial::Serial(PinName, PinName, char const*, int)
                0x08003b54                mbed::Serial::Serial(PinName, PinName, char const*, int)
 .text._ZN4mbed10SerialBase12_irq_handlerEm9SerialIrq
                0x08003b88       0x1c mbed-dev\drivers\SerialBase.o
                0x08003b88                mbed::SerialBase::_irq_handler(unsigned long, SerialIrq)
 .text._ZN4mbed10SerialBase4lockEv
                0x08003ba4        0x2 mbed-dev\drivers\SerialBase.o
                0x08003ba4                mbed::SerialBase::lock()
 .text._ZN4mbed10SerialBase6unlockEv
                0x08003ba6        0x2 mbed-dev\drivers\SerialBase.o
                0x08003ba6                mbed::SerialBase::unlock()
 .text._ZN6CThunkIN4mbed10SerialBaseEE10trampolineEPS1_PvPMS1_FvS4_E
                0x08003ba8       0x28 mbed-dev\drivers\SerialBase.o
                0x08003ba8                CThunk<mbed::SerialBase>::trampoline(mbed::SerialBase*, void*, void (mbed::SerialBase::**)(void*))
 .text._ZN4mbed10SerialBaseC2E7PinNameS1_i
                0x08003bd0      0x11c mbed-dev\drivers\SerialBase.o
                0x08003bd0                mbed::SerialBase::SerialBase(PinName, PinName, int)
                0x08003bd0                mbed::SerialBase::SerialBase(PinName, PinName, int)
 .text._ZN4mbed10SerialBase8readableEv
                0x08003cec       0x20 mbed-dev\drivers\SerialBase.o
                0x08003cec                mbed::SerialBase::readable()
 .text._ZN4mbed10SerialBase6attachENS_8CallbackIFvvEEENS0_7IrqTypeE
                0x08003d0c       0xd2 mbed-dev\drivers\SerialBase.o
                0x08003d0c                mbed::SerialBase::attach(mbed::Callback<void ()>, mbed::SerialBase::IrqType)
 *fill*         0x08003dde        0x2 
 .text._ZN4mbed10SerialBaseD2Ev
                0x08003de0       0x80 mbed-dev\drivers\SerialBase.o
                0x08003de0                mbed::SerialBase::~SerialBase()
                0x08003de0                mbed::SerialBase::~SerialBase()
 .text._ZN4mbed10SerialBaseD0Ev
                0x08003e60       0x12 mbed-dev\drivers\SerialBase.o
                0x08003e60                mbed::SerialBase::~SerialBase()
 .text._ZN4mbed10SerialBase10_base_getcEv
                0x08003e72        0xa mbed-dev\drivers\SerialBase.o
                0x08003e72                mbed::SerialBase::_base_getc()
 .text._ZN4mbed10SerialBase10_base_putcEi
                0x08003e7c        0xe mbed-dev\drivers\SerialBase.o
                0x08003e7c                mbed::SerialBase::_base_putc(int)
 .text._ZN4mbed6Ticker7handlerEv
                0x08003e8a       0x26 mbed-dev\drivers\Ticker.o
                0x08003e8a                mbed::Ticker::handler()
 .text._ZN4mbed6Ticker6detachEv
                0x08003eb0       0x6c mbed-dev\drivers\Ticker.o
                0x08003eb0                mbed::Ticker::detach()
 .text._ZN4mbed6Ticker5setupEy
                0x08003f1c       0x30 mbed-dev\drivers\Ticker.o
                0x08003f1c                mbed::Ticker::setup(unsigned long long)
 .text._ZN4mbed10TimerEvent3irqEm
                0x08003f4c        0xa mbed-dev\drivers\TimerEvent.o
                0x08003f4c                mbed::TimerEvent::irq(unsigned long)
 *fill*         0x08003f56        0x2 
 .text._ZN4mbed10TimerEventC2Ev
                0x08003f58       0x30 mbed-dev\drivers\TimerEvent.o
                0x08003f58                mbed::TimerEvent::TimerEvent()
                0x08003f58                mbed::TimerEvent::TimerEvent()
 .text._ZN4mbed10TimerEvent15insert_absoluteEy
                0x08003f88       0x16 mbed-dev\drivers\TimerEvent.o
                0x08003f88                mbed::TimerEvent::insert_absolute(unsigned long long)
 .text._ZN4mbed10TimerEvent6removeEv
                0x08003f9e        0xe mbed-dev\drivers\TimerEvent.o
                0x08003f9e                mbed::TimerEvent::remove()
 .text._ZN4mbed10TimerEventD2Ev
                0x08003fac       0x18 mbed-dev\drivers\TimerEvent.o
                0x08003fac                mbed::TimerEvent::~TimerEvent()
                0x08003fac                mbed::TimerEvent::~TimerEvent()
 .text._ZN4mbed10FileHandle4tellEv
                0x08003fc4        0xe mbed-dev\drivers\UARTSerial.o
                0x08003fc4                mbed::FileHandle::tell()
 .text._ZN4mbed10FileHandle6rewindEv
                0x08003fd2        0xe mbed-dev\drivers\UARTSerial.o
                0x08003fd2                mbed::FileHandle::rewind()
 .text.are_interrupts_enabled
                0x08003fe0       0x10 mbed-dev\hal\mbed_critical_section_api.o
 .text.hal_critical_section_enter
                0x08003ff0       0x24 mbed-dev\hal\mbed_critical_section_api.o
                0x08003ff0                hal_critical_section_enter
 .text.hal_critical_section_exit
                0x08004014       0x1c mbed-dev\hal\mbed_critical_section_api.o
                0x08004014                hal_critical_section_exit
 .text.gpio_init_out_ex
                0x08004030       0x34 mbed-dev\hal\mbed_gpio.o
                0x08004030                gpio_init_out_ex
 .text.gpio_init_out
                0x08004064        0xa mbed-dev\hal\mbed_gpio.o
                0x08004064                gpio_init_out
 *fill*         0x0800406e        0x2 
 .text.pinmap_pinout
                0x08004070       0x44 mbed-dev\hal\mbed_pinmap_common.o
                0x08004070                pinmap_pinout
 .text.pinmap_merge
                0x080040b4       0x30 mbed-dev\hal\mbed_pinmap_common.o
                0x080040b4                pinmap_merge
 .text.pinmap_find_peripheral
                0x080040e4       0x1a mbed-dev\hal\mbed_pinmap_common.o
                0x080040e4                pinmap_find_peripheral
 *fill*         0x080040fe        0x2 
 .text.pinmap_peripheral
                0x08004100       0x30 mbed-dev\hal\mbed_pinmap_common.o
                0x08004100                pinmap_peripheral
 .text.pinmap_find_function
                0x08004130       0x1a mbed-dev\hal\mbed_pinmap_common.o
                0x08004130                pinmap_find_function
 *fill*         0x0800414a        0x2 
 .text.pinmap_function
                0x0800414c       0x30 mbed-dev\hal\mbed_pinmap_common.o
                0x0800414c                pinmap_function
 .text.sleep_manager_lock_deep_sleep_internal
                0x0800417c       0x44 mbed-dev\hal\mbed_sleep_manager.o
                0x0800417c                sleep_manager_lock_deep_sleep_internal
 .text.sleep_manager_unlock_deep_sleep_internal
                0x080041c0       0x40 mbed-dev\hal\mbed_sleep_manager.o
                0x080041c0                sleep_manager_unlock_deep_sleep_internal
 .text.set_handler
                0x08004200        0x6 mbed-dev\hal\mbed_ticker_api.o
 *fill*         0x08004206        0x2 
 .text.update_present_time
                0x08004208      0x15c mbed-dev\hal\mbed_ticker_api.o
 .text.compute_tick
                0x08004364       0x94 mbed-dev\hal\mbed_ticker_api.o
 .text._ticker_match_interval_passed
                0x080043f8       0x2c mbed-dev\hal\mbed_ticker_api.o
                0x080043f8                _ticker_match_interval_passed
 .text.schedule_interrupt
                0x08004424       0x84 mbed-dev\hal\mbed_ticker_api.o
 .text.initialize
                0x080044a8      0x100 mbed-dev\hal\mbed_ticker_api.o
 .text.ticker_set_handler
                0x080045a8       0x1c mbed-dev\hal\mbed_ticker_api.o
                0x080045a8                ticker_set_handler
 .text.ticker_irq_handler
                0x080045c4       0x60 mbed-dev\hal\mbed_ticker_api.o
                0x080045c4                ticker_irq_handler
 .text.ticker_insert_event_us
                0x08004624       0x54 mbed-dev\hal\mbed_ticker_api.o
                0x08004624                ticker_insert_event_us
 .text.ticker_remove_event
                0x08004678       0x36 mbed-dev\hal\mbed_ticker_api.o
                0x08004678                ticker_remove_event
 .text.ticker_read_us
                0x080046ae       0x1e mbed-dev\hal\mbed_ticker_api.o
                0x080046ae                ticker_read_us
 .text.ticker_read
                0x080046cc        0x8 mbed-dev\hal\mbed_ticker_api.o
                0x080046cc                ticker_read
 .text.get_us_ticker_data
                0x080046d4        0x8 mbed-dev\hal\mbed_us_ticker_api.o
                0x080046d4                get_us_ticker_data
 .text.us_ticker_irq_handler
                0x080046dc       0x18 mbed-dev\hal\mbed_us_ticker_api.o
                0x080046dc                us_ticker_irq_handler
 .text._ZN4mbed8FileBaseC2EPKcNS_8PathTypeE
                0x080046f4       0x48 mbed-dev\platform\FileBase.o
                0x080046f4                mbed::FileBase::FileBase(char const*, mbed::PathType)
                0x080046f4                mbed::FileBase::FileBase(char const*, mbed::PathType)
 .text._ZN4mbed8FileBase6lookupEPKcj
                0x0800473c       0x78 mbed-dev\platform\FileBase.o
                0x0800473c                mbed::FileBase::lookup(char const*, unsigned int)
 .text._ZN4mbed8FileBase11getPathTypeEv
                0x080047b4        0x4 mbed-dev\platform\FileBase.o
                0x080047b4                mbed::FileBase::getPathType()
 .text._ZN4mbed8FileBaseD2Ev
                0x080047b8       0x6c mbed-dev\platform\FileBase.o
                0x080047b8                mbed::FileBase::~FileBase()
                0x080047b8                mbed::FileBase::~FileBase()
 .text._ZN4mbed8FileBaseD0Ev
                0x08004824       0x12 mbed-dev\platform\FileBase.o
                0x08004824                mbed::FileBase::~FileBase()
 .text._ZN4mbed10FileHandle4syncEv
                0x08004836        0x4 mbed-dev\platform\FileHandle.o
                0x08004836                mbed::FileHandle::sync()
 .text._ZN4mbed10FileHandle6isattyEv
                0x0800483a        0x4 mbed-dev\platform\FileHandle.o
                0x0800483a                mbed::FileHandle::isatty()
 .text._ZN4mbed10FileHandle4sizeEv
                0x0800483e       0x32 mbed-dev\platform\FileHandle.o
                0x0800483e                mbed::FileHandle::size()
 .text._ZN4mbed8FilePathC2EPKc
                0x08004870       0x40 mbed-dev\platform\FilePath.o
                0x08004870                mbed::FilePath::FilePath(char const*)
                0x08004870                mbed::FilePath::FilePath(char const*)
 .text._ZN4mbed8FilePath8fileNameEv
                0x080048b0        0x4 mbed-dev\platform\FilePath.o
                0x080048b0                mbed::FilePath::fileName()
 .text._ZN4mbed8FilePath12isFileSystemEv
                0x080048b4       0x1a mbed-dev\platform\FilePath.o
                0x080048b4                mbed::FilePath::isFileSystem()
 .text._ZN4mbed8FilePath10fileSystemEv
                0x080048ce       0x1e mbed-dev\platform\FilePath.o
                0x080048ce                mbed::FilePath::fileSystem()
 .text._ZN4mbed8FilePath6isFileEv
                0x080048ec       0x18 mbed-dev\platform\FilePath.o
                0x080048ec                mbed::FilePath::isFile()
 .text._ZN4mbed8FilePath4fileEv
                0x08004904       0x1e mbed-dev\platform\FilePath.o
                0x08004904                mbed::FilePath::file()
 .text._ZN4mbed8FilePath6existsEv
                0x08004922        0xa mbed-dev\platform\FilePath.o
                0x08004922                mbed::FilePath::exists()
 .text._ZN4mbed6Stream4lockEv
                0x0800492c        0x2 mbed-dev\platform\Stream.o
                0x0800492c                mbed::Stream::lock()
 .text._ZN4mbed6Stream6unlockEv
                0x0800492e        0x2 mbed-dev\platform\Stream.o
                0x0800492e                mbed::Stream::unlock()
 .text._ZN4mbed6Stream5closeEv
                0x08004930        0x4 mbed-dev\platform\Stream.o
                0x08004930                mbed::Stream::close()
 .text._ZN4mbed6Stream5writeEPKvj
                0x08004934       0x42 mbed-dev\platform\Stream.o
                0x08004934                mbed::Stream::write(void const*, unsigned int)
 .text._ZN4mbed6Stream4readEPvj
                0x08004976       0x32 mbed-dev\platform\Stream.o
                0x08004976                mbed::Stream::read(void*, unsigned int)
 .text._ZN4mbed6Stream4seekEli
                0x080049a8        0x4 mbed-dev\platform\Stream.o
                0x080049a8                mbed::Stream::seek(long, int)
 .text._ZN4mbed6Stream4tellEv
                0x080049ac        0x4 mbed-dev\platform\Stream.o
                0x080049ac                mbed::Stream::tell()
 .text._ZN4mbed6Stream6rewindEv
                0x080049b0        0x2 mbed-dev\platform\Stream.o
                0x080049b0                mbed::Stream::rewind()
 .text._ZN4mbed6Stream6isattyEv
                0x080049b2        0x4 mbed-dev\platform\Stream.o
                0x080049b2                mbed::Stream::isatty()
 .text._ZN4mbed6Stream4syncEv
                0x080049b6        0x4 mbed-dev\platform\Stream.o
                0x080049b6                mbed::Stream::sync()
 .text._ZN4mbed6Stream4sizeEv
                0x080049ba        0x4 mbed-dev\platform\Stream.o
                0x080049ba                mbed::Stream::size()
 *fill*         0x080049be        0x2 
 .text._ZN4mbed6StreamC2EPKc
                0x080049c0       0x58 mbed-dev\platform\Stream.o
                0x080049c0                mbed::Stream::Stream(char const*)
                0x080049c0                mbed::Stream::Stream(char const*)
 .text._ZN4mbed6StreamD2Ev
                0x08004a18       0x30 mbed-dev\platform\Stream.o
                0x08004a18                mbed::Stream::~Stream()
                0x08004a18                mbed::Stream::~Stream()
 .text._ZN4mbed6Stream4getcEv
                0x08004a48       0x24 mbed-dev\platform\Stream.o
                0x08004a48                mbed::Stream::getc()
 .text._ZN4mbed6Stream6printfEPKcz
                0x08004a6c       0x3a mbed-dev\platform\Stream.o
                0x08004a6c                mbed::Stream::printf(char const*, ...)
 .text.mbed_die
                0x08004aa6       0x5a mbed-dev\platform\mbed_board.o
                0x08004aa6                mbed_die
 .text.core_util_are_interrupts_enabled
                0x08004b00       0x10 mbed-dev\platform\mbed_critical.o
                0x08004b00                core_util_are_interrupts_enabled
 .text.core_util_is_isr_active
                0x08004b10        0xc mbed-dev\platform\mbed_critical.o
                0x08004b10                core_util_is_isr_active
 .text.core_util_critical_section_enter
                0x08004b1c       0x14 mbed-dev\platform\mbed_critical.o
                0x08004b1c                core_util_critical_section_enter
 .text.core_util_critical_section_exit
                0x08004b30       0x24 mbed-dev\platform\mbed_critical.o
                0x08004b30                core_util_critical_section_exit
 .text.core_util_atomic_incr_u16
                0x08004b54       0x1a mbed-dev\platform\mbed_critical.o
                0x08004b54                core_util_atomic_incr_u16
 .text.core_util_atomic_decr_u16
                0x08004b6e       0x1a mbed-dev\platform\mbed_critical.o
                0x08004b6e                core_util_atomic_decr_u16
 .text.handle_error
                0x08004b88       0x80 mbed-dev\platform\mbed_error.o
 .text.mbed_halt_system
                0x08004c08       0x1c mbed-dev\platform\mbed_error.o
 .text.error    0x08004c24       0x38 mbed-dev\platform\mbed_error.o
                0x08004c24                error
 .text.mbed_error
                0x08004c5c       0x24 mbed-dev\platform\mbed_error.o
                0x08004c5c                mbed_error
 .text._ZN12DirectSerial4seekEli
                0x08004c80        0x6 mbed-dev\platform\mbed_retarget.o
                0x08004c80                DirectSerial::seek(long, int)
 .text._ZN12DirectSerial4sizeEv
                0x08004c86        0x6 mbed-dev\platform\mbed_retarget.o
                0x08004c86                DirectSerial::size()
 .text._ZN12DirectSerial6isattyEv
                0x08004c8c        0x4 mbed-dev\platform\mbed_retarget.o
                0x08004c8c                DirectSerial::isatty()
 .text._ZN12DirectSerial5closeEv
                0x08004c90        0x4 mbed-dev\platform\mbed_retarget.o
                0x08004c90                DirectSerial::close()
 .text._ZL12convert_crlfi
                0x08004c94        0x4 mbed-dev\platform\mbed_retarget.o
 .text._ZN12DirectSerialD2Ev
                0x08004c98        0x2 mbed-dev\platform\mbed_retarget.o
                0x08004c98                DirectSerial::~DirectSerial()
                0x08004c98                DirectSerial::~DirectSerial()
 *fill*         0x08004c9a        0x2 
 .text._ZN12DirectSerial5writeEPKvj
                0x08004c9c       0x20 mbed-dev\platform\mbed_retarget.o
                0x08004c9c                DirectSerial::write(void const*, unsigned int)
 .text._ZN12DirectSerial4readEPvj
                0x08004cbc       0x1c mbed-dev\platform\mbed_retarget.o
                0x08004cbc                DirectSerial::read(void*, unsigned int)
 .text._ZNK12DirectSerial4pollEs
                0x08004cd8       0x50 mbed-dev\platform\mbed_retarget.o
                0x08004cd8                DirectSerial::poll(short) const
 .text._ZL14unbind_from_fdiPN4mbed10FileHandleE
                0x08004d28       0x2c mbed-dev\platform\mbed_retarget.o
 .text._ZL18handle_open_errorsij
                0x08004d54       0x20 mbed-dev\platform\mbed_retarget.o
 .text._ZL18reserve_filehandlev
                0x08004d74       0x6c mbed-dev\platform\mbed_retarget.o
 .text._ZN4mbed17remove_filehandleEPNS_10FileHandleE
                0x08004de0       0x48 mbed-dev\platform\mbed_retarget.o
                0x08004de0                mbed::remove_filehandle(mbed::FileHandle*)
 .text._ZN12DirectSerialC2E7PinNameS0_i
                0x08004e28       0x38 mbed-dev\platform\mbed_retarget.o
                0x08004e28                DirectSerial::DirectSerial(PinName, PinName, int)
                0x08004e28                DirectSerial::DirectSerial(PinName, PinName, int)
 .text._ZL15default_consolev
                0x08004e60       0x40 mbed-dev\platform\mbed_retarget.o
 .text._ZN4mbed28mbed_target_override_consoleEi
                0x08004ea0        0x4 mbed-dev\platform\mbed_retarget.o
                0x08004ea0                mbed::mbed_target_override_console(int)
 .text._ZN4mbed21mbed_override_consoleEi
                0x08004ea4        0x4 mbed-dev\platform\mbed_retarget.o
                0x08004ea4                mbed::mbed_override_console(int)
 .text._ZL11get_consolei
                0x08004ea8       0x1e mbed-dev\platform\mbed_retarget.o
 *fill*         0x08004ec6        0x2 
 .text._ZL7get_fhci
                0x08004ec8       0x30 mbed-dev\platform\mbed_retarget.o
 .text._ZN4mbed10bind_to_fdEPNS_10FileHandleE
                0x08004ef8       0x2c mbed-dev\platform\mbed_retarget.o
                0x08004ef8                mbed::bind_to_fd(mbed::FileHandle*)
 .text.open     0x08004f24       0xa8 mbed-dev\platform\mbed_retarget.o
                0x08004f24                open
 .text._open    0x08004fcc       0x7c mbed-dev\platform\mbed_retarget.o
                0x08004fcc                _open
 .text.close    0x08005048       0x44 mbed-dev\platform\mbed_retarget.o
                0x08005048                close
 .text._close   0x0800508c        0x8 mbed-dev\platform\mbed_retarget.o
                0x0800508c                _close
 .text.write    0x08005094       0x3c mbed-dev\platform\mbed_retarget.o
                0x08005094                write
 .text._write   0x080050d0       0xdc mbed-dev\platform\mbed_retarget.o
                0x080050d0                _write
 .text.read     0x080051ac       0x3c mbed-dev\platform\mbed_retarget.o
                0x080051ac                read
 .text._read    0x080051e8       0xa0 mbed-dev\platform\mbed_retarget.o
                0x080051e8                _read
 .text.isatty   0x08005288       0x30 mbed-dev\platform\mbed_retarget.o
                0x08005288                isatty
 .text._isatty  0x080052b8        0x8 mbed-dev\platform\mbed_retarget.o
                0x080052b8                _isatty
 .text.lseek    0x080052c0       0x3c mbed-dev\platform\mbed_retarget.o
                0x080052c0                lseek
 .text._lseek   0x080052fc        0x8 mbed-dev\platform\mbed_retarget.o
                0x080052fc                _lseek
 .text.fstat    0x08005304       0x3e mbed-dev\platform\mbed_retarget.o
                0x08005304                fstat
 .text._fstat   0x08005342        0x8 mbed-dev\platform\mbed_retarget.o
                0x08005342                _fstat
 .text.__cxa_pure_virtual
                0x0800534a        0x8 mbed-dev\platform\mbed_retarget.o
                0x0800534a                __cxa_pure_virtual
 *fill*         0x08005352        0x2 
 .text._sbrk    0x08005354       0x50 mbed-dev\platform\mbed_retarget.o
                0x08005354                _sbrk
 .text._exit    0x080053a4       0x28 mbed-dev\platform\mbed_retarget.o
                0x080053a4                _exit
 .text.__aeabi_atexit
                0x080053cc        0x4 mbed-dev\platform\mbed_retarget.o
                0x080053cc                __aeabi_atexit
 .text._ZN4mbed26mbed_set_unbuffered_streamEP7__sFILE
                0x080053d0        0xa mbed-dev\platform\mbed_retarget.o
                0x080053d0                mbed::mbed_set_unbuffered_stream(__sFILE*)
 .text.fdopen   0x080053da       0x4c mbed-dev\platform\mbed_retarget.o
                0x080053da                fdopen
 .text._ZN4mbed6fdopenEPNS_10FileHandleEPKc
                0x08005426       0x2a mbed-dev\platform\mbed_retarget.o
                0x08005426                mbed::fdopen(mbed::FileHandle*, char const*)
 .text._ZN4mbed9mbed_getcEP7__sFILE
                0x08005450        0x8 mbed-dev\platform\mbed_retarget.o
                0x08005450                mbed::mbed_getc(__sFILE*)
 .text.__rtos_malloc_lock
                0x08005458        0x2 mbed-dev\platform\mbed_retarget.o
                0x08005458                __rtos_malloc_lock
 .text.__rtos_malloc_unlock
                0x0800545a        0x2 mbed-dev\platform\mbed_retarget.o
                0x0800545a                __rtos_malloc_unlock
 .text.__malloc_lock
                0x0800545c        0x8 mbed-dev\platform\mbed_retarget.o
                0x0800545c                __malloc_lock
 .text.__malloc_unlock
                0x08005464        0x8 mbed-dev\platform\mbed_retarget.o
                0x08005464                __malloc_unlock
 .text._ZdlPv   0x0800546c        0x8 mbed-dev\platform\mbed_retarget.o
                0x0800546c                operator delete(void*)
 .text._ZN12DirectSerialD0Ev
                0x08005474        0xc mbed-dev\platform\mbed_retarget.o
                0x08005474                DirectSerial::~DirectSerial()
 .text.software_init_hook_rtos
                0x08005480        0x2 mbed-dev\platform\mbed_sdk_boot.o
                0x08005480                software_init_hook_rtos
 .text.software_init_hook
                0x08005482        0xc mbed-dev\platform\mbed_sdk_boot.o
                0x08005482                software_init_hook
 .text.wait_us  0x0800548e       0x1e mbed-dev\platform\mbed_wait_api_no_rtos.o
                0x0800548e                wait_us
 .text.wait     0x080054ac       0x18 mbed-dev\platform\mbed_wait_api_no_rtos.o
                0x080054ac                wait
 .text.wait_ms  0x080054c4        0xe mbed-dev\platform\mbed_wait_api_no_rtos.o
                0x080054c4                wait_ms
 *fill*         0x080054d2        0x2 
 .text.Reset_Handler
                0x080054d4       0x54 mbed-dev\targets\TARGET_STM\TARGET_STM32F0\TARGET_NUCLEO_F070RB\device\TOOLCHAIN_GCC_ARM\startup_stm32f070xb.o
                0x080054d4                Reset_Handler
 .text.Default_Handler
                0x08005528        0x2 mbed-dev\targets\TARGET_STM\TARGET_STM32F0\TARGET_NUCLEO_F070RB\device\TOOLCHAIN_GCC_ARM\startup_stm32f070xb.o
                0x08005528                TIM1_CC_IRQHandler
                0x08005528                HardFault_Handler
                0x08005528                TIM6_IRQHandler
                0x08005528                SysTick_Handler
                0x08005528                PendSV_Handler
                0x08005528                NMI_Handler
                0x08005528                I2C1_IRQHandler
                0x08005528                SPI1_IRQHandler
                0x08005528                USART3_4_IRQHandler
                0x08005528                EXTI2_3_IRQHandler
                0x08005528                ADC1_IRQHandler
                0x08005528                I2C2_IRQHandler
                0x08005528                TIM17_IRQHandler
                0x08005528                RTC_IRQHandler
                0x08005528                TIM16_IRQHandler
                0x08005528                TIM3_IRQHandler
                0x08005528                EXTI4_15_IRQHandler
                0x08005528                RCC_IRQHandler
                0x08005528                DMA1_Channel1_IRQHandler
                0x08005528                Default_Handler
                0x08005528                TIM14_IRQHandler
                0x08005528                DMA1_Channel4_5_IRQHandler
                0x08005528                TIM7_IRQHandler
                0x08005528                TIM15_IRQHandler
                0x08005528                EXTI0_1_IRQHandler
                0x08005528                USB_IRQHandler
                0x08005528                SPI2_IRQHandler
                0x08005528                SVC_Handler
                0x08005528                WWDG_IRQHandler
                0x08005528                DMA1_Channel2_3_IRQHandler
                0x08005528                USART2_IRQHandler
                0x08005528                FLASH_IRQHandler
                0x08005528                USART1_IRQHandler
                0x08005528                TIM1_BRK_UP_TRG_COM_IRQHandler
 *fill*         0x0800552a        0x2 
 .text.NVIC_SetVector
                0x0800552c       0x4c mbed-dev\targets\TARGET_STM\TARGET_STM32F0\TARGET_NUCLEO_F070RB\device\cmsis_nvic.o
                0x0800552c                NVIC_SetVector
 .text.SystemInit
                0x08005578       0x6c mbed-dev\targets\TARGET_STM\TARGET_STM32F0\TARGET_NUCLEO_F070RB\device\system_clock.o
                0x08005578                SystemInit
 .text.SetSysClock_PLL_HSE
                0x080055e4       0x84 mbed-dev\targets\TARGET_STM\TARGET_STM32F0\TARGET_NUCLEO_F070RB\device\system_clock.o
                0x080055e4                SetSysClock_PLL_HSE
 .text.SetSysClock_PLL_HSI
                0x08005668       0x5e mbed-dev\targets\TARGET_STM\TARGET_STM32F0\TARGET_NUCLEO_F070RB\device\system_clock.o
                0x08005668                SetSysClock_PLL_HSI
 *fill*         0x080056c6        0x2 
 .text.SetSysClock
                0x080056c8       0x24 mbed-dev\targets\TARGET_STM\TARGET_STM32F0\TARGET_NUCLEO_F070RB\device\system_clock.o
                0x080056c8                SetSysClock
 .text.analogin_init
                0x080056ec       0xcc mbed-dev\targets\TARGET_STM\TARGET_STM32F0\analogin_device.o
                0x080056ec                analogin_init
 .text.adc_read
                0x080057b8       0xd0 mbed-dev\targets\TARGET_STM\TARGET_STM32F0\analogin_device.o
                0x080057b8                adc_read
 .text.HAL_MspInit
                0x08005888        0x2 mbed-dev\targets\TARGET_STM\TARGET_STM32F0\device\stm32f0xx_hal.o
                0x08005888                HAL_MspInit
 *fill*         0x0800588a        0x2 
 .text.HAL_Init
                0x0800588c       0x20 mbed-dev\targets\TARGET_STM\TARGET_STM32F0\device\stm32f0xx_hal.o
                0x0800588c                HAL_Init
 .text.ADC_Enable
                0x080058ac       0xb4 mbed-dev\targets\TARGET_STM\TARGET_STM32F0\device\stm32f0xx_hal_adc.o
 .text.HAL_ADC_MspInit
                0x08005960        0x2 mbed-dev\targets\TARGET_STM\TARGET_STM32F0\device\stm32f0xx_hal_adc.o
                0x08005960                HAL_ADC_MspInit
 *fill*         0x08005962        0x2 
 .text.HAL_ADC_Init
                0x08005964      0x18c mbed-dev\targets\TARGET_STM\TARGET_STM32F0\device\stm32f0xx_hal_adc.o
                0x08005964                HAL_ADC_Init
 .text.HAL_ADC_Start
                0x08005af0       0x60 mbed-dev\targets\TARGET_STM\TARGET_STM32F0\device\stm32f0xx_hal_adc.o
                0x08005af0                HAL_ADC_Start
 .text.HAL_ADC_PollForConversion
                0x08005b50       0xc0 mbed-dev\targets\TARGET_STM\TARGET_STM32F0\device\stm32f0xx_hal_adc.o
                0x08005b50                HAL_ADC_PollForConversion
 .text.HAL_ADC_GetValue
                0x08005c10        0x6 mbed-dev\targets\TARGET_STM\TARGET_STM32F0\device\stm32f0xx_hal_adc.o
                0x08005c10                HAL_ADC_GetValue
 *fill*         0x08005c16        0x2 
 .text.HAL_ADC_ConfigChannel
                0x08005c18      0x134 mbed-dev\targets\TARGET_STM\TARGET_STM32F0\device\stm32f0xx_hal_adc.o
                0x08005c18                HAL_ADC_ConfigChannel
 .text.HAL_ADCEx_Calibration_Start
                0x08005d4c       0xc0 mbed-dev\targets\TARGET_STM\TARGET_STM32F0\device\stm32f0xx_hal_adc_ex.o
                0x08005d4c                HAL_ADCEx_Calibration_Start
 .text.HAL_RCC_OscConfig
                0x08005e0c      0x460 mbed-dev\targets\TARGET_STM\TARGET_STM32F0\device\stm32f0xx_hal_rcc.o
                0x08005e0c                HAL_RCC_OscConfig
 .text.HAL_RCC_GetSysClockFreq
                0x0800626c       0x74 mbed-dev\targets\TARGET_STM\TARGET_STM32F0\device\stm32f0xx_hal_rcc.o
                0x0800626c                HAL_RCC_GetSysClockFreq
 .text.HAL_RCC_ClockConfig
                0x080062e0      0x154 mbed-dev\targets\TARGET_STM\TARGET_STM32F0\device\stm32f0xx_hal_rcc.o
                0x080062e0                HAL_RCC_ClockConfig
 .text.HAL_RCC_GetHCLKFreq
                0x08006434        0xc mbed-dev\targets\TARGET_STM\TARGET_STM32F0\device\stm32f0xx_hal_rcc.o
                0x08006434                HAL_RCC_GetHCLKFreq
 .text.HAL_RCC_GetPCLK1Freq
                0x08006440       0x20 mbed-dev\targets\TARGET_STM\TARGET_STM32F0\device\stm32f0xx_hal_rcc.o
                0x08006440                HAL_RCC_GetPCLK1Freq
 .text.HAL_RCC_GetClockConfig
                0x08006460       0x38 mbed-dev\targets\TARGET_STM\TARGET_STM32F0\device\stm32f0xx_hal_rcc.o
                0x08006460                HAL_RCC_GetClockConfig
 .text.TIM_OC1_SetConfig
                0x08006498       0x8c mbed-dev\targets\TARGET_STM\TARGET_STM32F0\device\stm32f0xx_hal_tim.o
 .text.TIM_OC3_SetConfig
                0x08006524       0x94 mbed-dev\targets\TARGET_STM\TARGET_STM32F0\device\stm32f0xx_hal_tim.o
 .text.TIM_OC4_SetConfig
                0x080065b8       0x74 mbed-dev\targets\TARGET_STM\TARGET_STM32F0\device\stm32f0xx_hal_tim.o
 .text.HAL_TIM_Base_MspInit
                0x0800662c        0x2 mbed-dev\targets\TARGET_STM\TARGET_STM32F0\device\stm32f0xx_hal_tim.o
                0x0800662c                HAL_TIM_Base_MspInit
 .text.HAL_TIM_Base_Start
                0x0800662e       0x18 mbed-dev\targets\TARGET_STM\TARGET_STM32F0\device\stm32f0xx_hal_tim.o
                0x0800662e                HAL_TIM_Base_Start
 .text.HAL_TIM_PWM_MspInit
                0x08006646        0x2 mbed-dev\targets\TARGET_STM\TARGET_STM32F0\device\stm32f0xx_hal_tim.o
                0x08006646                HAL_TIM_PWM_MspInit
 .text.TIM_Base_SetConfig
                0x08006648       0x94 mbed-dev\targets\TARGET_STM\TARGET_STM32F0\device\stm32f0xx_hal_tim.o
                0x08006648                TIM_Base_SetConfig
 .text.HAL_TIM_Base_Init
                0x080066dc       0x34 mbed-dev\targets\TARGET_STM\TARGET_STM32F0\device\stm32f0xx_hal_tim.o
                0x080066dc                HAL_TIM_Base_Init
 .text.HAL_TIM_PWM_Init
                0x08006710       0x34 mbed-dev\targets\TARGET_STM\TARGET_STM32F0\device\stm32f0xx_hal_tim.o
                0x08006710                HAL_TIM_PWM_Init
 .text.TIM_OC2_SetConfig
                0x08006744       0x88 mbed-dev\targets\TARGET_STM\TARGET_STM32F0\device\stm32f0xx_hal_tim.o
                0x08006744                TIM_OC2_SetConfig
 .text.HAL_TIM_PWM_ConfigChannel
                0x080067cc       0xec mbed-dev\targets\TARGET_STM\TARGET_STM32F0\device\stm32f0xx_hal_tim.o
                0x080067cc                HAL_TIM_PWM_ConfigChannel
 .text.TIM_CCxChannelCmd
                0x080068b8       0x16 mbed-dev\targets\TARGET_STM\TARGET_STM32F0\device\stm32f0xx_hal_tim.o
                0x080068b8                TIM_CCxChannelCmd
 *fill*         0x080068ce        0x2 
 .text.HAL_TIM_OC_Start
                0x080068d0       0x64 mbed-dev\targets\TARGET_STM\TARGET_STM32F0\device\stm32f0xx_hal_tim.o
                0x080068d0                HAL_TIM_OC_Start
 .text.HAL_TIM_PWM_Start
                0x08006934       0x64 mbed-dev\targets\TARGET_STM\TARGET_STM32F0\device\stm32f0xx_hal_tim.o
                0x08006934                HAL_TIM_PWM_Start
 .text.TIM_CCxNChannelCmd
                0x08006998       0x16 mbed-dev\targets\TARGET_STM\TARGET_STM32F0\device\stm32f0xx_hal_tim_ex.o
 .text.HAL_TIMEx_PWMN_Start
                0x080069ae       0x26 mbed-dev\targets\TARGET_STM\TARGET_STM32F0\device\stm32f0xx_hal_tim_ex.o
                0x080069ae                HAL_TIMEx_PWMN_Start
 .text.HAL_UART_MspInit
                0x080069d4        0x2 mbed-dev\targets\TARGET_STM\TARGET_STM32F0\device\stm32f0xx_hal_uart.o
                0x080069d4                HAL_UART_MspInit
 *fill*         0x080069d6        0x2 
 .text.UART_SetConfig
                0x080069d8      0x1d0 mbed-dev\targets\TARGET_STM\TARGET_STM32F0\device\stm32f0xx_hal_uart.o
                0x080069d8                UART_SetConfig
 .text.UART_AdvFeatureConfig
                0x08006ba8       0xe0 mbed-dev\targets\TARGET_STM\TARGET_STM32F0\device\stm32f0xx_hal_uart.o
                0x08006ba8                UART_AdvFeatureConfig
 .text.UART_CheckIdleState
                0x08006c88       0x16 mbed-dev\targets\TARGET_STM\TARGET_STM32F0\device\stm32f0xx_hal_uart.o
                0x08006c88                UART_CheckIdleState
 *fill*         0x08006c9e        0x2 
 .text.HAL_UART_Init
                0x08006ca0       0x70 mbed-dev\targets\TARGET_STM\TARGET_STM32F0\device\stm32f0xx_hal_uart.o
                0x08006ca0                HAL_UART_Init
 .text.SystemCoreClockUpdate
                0x08006d10       0x94 mbed-dev\targets\TARGET_STM\TARGET_STM32F0\device\system_stm32f0xx.o
                0x08006d10                SystemCoreClockUpdate
 .text.uart_irq
                0x08006da4       0x84 mbed-dev\targets\TARGET_STM\TARGET_STM32F0\serial_device.o
 .text.uart3_8_irq
                0x08006e28       0x30 mbed-dev\targets\TARGET_STM\TARGET_STM32F0\serial_device.o
 .text.uart2_irq
                0x08006e58       0x10 mbed-dev\targets\TARGET_STM\TARGET_STM32F0\serial_device.o
 .text.uart1_irq
                0x08006e68       0x10 mbed-dev\targets\TARGET_STM\TARGET_STM32F0\serial_device.o
 .text.serial_irq_handler
                0x08006e78       0x18 mbed-dev\targets\TARGET_STM\TARGET_STM32F0\serial_device.o
                0x08006e78                serial_irq_handler
 .text.serial_irq_set
                0x08006e90      0x10c mbed-dev\targets\TARGET_STM\TARGET_STM32F0\serial_device.o
                0x08006e90                serial_irq_set
 .text.serial_getc
                0x08006f9c       0x28 mbed-dev\targets\TARGET_STM\TARGET_STM32F0\serial_device.o
                0x08006f9c                serial_getc
 .text.serial_putc
                0x08006fc4       0x28 mbed-dev\targets\TARGET_STM\TARGET_STM32F0\serial_device.o
                0x08006fc4                serial_putc
 .text.analogin_read
                0x08006fec       0x18 mbed-dev\targets\TARGET_STM\analogin_api.o
                0x08006fec                analogin_read
 .text.Set_GPIO_Clock
                0x08007004       0xb4 mbed-dev\targets\TARGET_STM\gpio_api.o
                0x08007004                Set_GPIO_Clock
 .text.gpio_set
                0x080070b8       0x14 mbed-dev\targets\TARGET_STM\gpio_api.o
                0x080070b8                gpio_set
 .text.gpio_init
                0x080070cc       0x44 mbed-dev\targets\TARGET_STM\gpio_api.o
                0x080070cc                gpio_init
 .text.gpio_mode
                0x08007110        0xc mbed-dev\targets\TARGET_STM\gpio_api.o
                0x08007110                gpio_mode
 .text.gpio_dir
                0x0800711c       0x2c mbed-dev\targets\TARGET_STM\gpio_api.o
                0x0800711c                gpio_dir
 .text.HAL_InitTick
                0x08007148        0xa mbed-dev\targets\TARGET_STM\hal_tick_overrides.o
                0x08007148                HAL_InitTick
 *fill*         0x08007152        0x2 
 .text.HAL_GetTick
                0x08007154       0x58 mbed-dev\targets\TARGET_STM\hal_tick_overrides.o
                0x08007154                HAL_GetTick
 .text.mbed_sdk_init
                0x080071ac       0x20 mbed-dev\targets\TARGET_STM\mbed_overrides.o
                0x080071ac                mbed_sdk_init
 .text.pin_function
                0x080071cc      0x114 mbed-dev\targets\TARGET_STM\pinmap.o
                0x080071cc                pin_function
 .text.pin_mode
                0x080072e0       0x8c mbed-dev\targets\TARGET_STM\pinmap.o
                0x080072e0                pin_mode
 .text.pwmout_write
                0x0800736c       0xb8 mbed-dev\targets\TARGET_STM\pwmout_api.o
                0x0800736c                pwmout_write
 .text.pwmout_read
                0x08007424       0x3a mbed-dev\targets\TARGET_STM\pwmout_api.o
                0x08007424                pwmout_read
 *fill*         0x0800745e        0x2 
 .text.pwmout_period_us
                0x08007460      0x168 mbed-dev\targets\TARGET_STM\pwmout_api.o
                0x08007460                pwmout_period_us
 .text.pwmout_init
                0x080075c8      0x124 mbed-dev\targets\TARGET_STM\pwmout_api.o
                0x080075c8                pwmout_init
 .text.pwmout_period_ms
                0x080076ec        0xe mbed-dev\targets\TARGET_STM\pwmout_api.o
                0x080076ec                pwmout_period_ms
 .text.pwmout_pulsewidth_us
                0x080076fa       0x24 mbed-dev\targets\TARGET_STM\pwmout_api.o
                0x080076fa                pwmout_pulsewidth_us
 .text.pwmout_pulsewidth_ms
                0x0800771e        0xe mbed-dev\targets\TARGET_STM\pwmout_api.o
                0x0800771e                pwmout_pulsewidth_ms
 .text.serial_readable
                0x0800772c       0x30 mbed-dev\targets\TARGET_STM\serial_api.o
                0x0800772c                serial_readable
 .text.serial_writable
                0x0800775c       0x1c mbed-dev\targets\TARGET_STM\serial_api.o
                0x0800775c                serial_writable
 .text.init_uart
                0x08007778       0x80 mbed-dev\targets\TARGET_STM\serial_api.o
                0x08007778                init_uart
 .text.serial_baud
                0x080077f8        0xa mbed-dev\targets\TARGET_STM\serial_api.o
                0x080077f8                serial_baud
 *fill*         0x08007802        0x2 
 .text.get_uart_index
                0x08007804       0x40 mbed-dev\targets\TARGET_STM\serial_api.o
                0x08007804                get_uart_index
 .text.serial_init
                0x08007844      0x154 mbed-dev\targets\TARGET_STM\serial_api.o
                0x08007844                serial_init
 .text.timer_update_irq_handler
                0x08007998       0x10 mbed-dev\targets\TARGET_STM\us_ticker.o
                0x08007998                timer_update_irq_handler
 .text.timer_oc_irq_handler
                0x080079a8       0x30 mbed-dev\targets\TARGET_STM\us_ticker.o
                0x080079a8                timer_oc_irq_handler
 .text.us_ticker_get_info
                0x080079d8        0x8 mbed-dev\targets\TARGET_STM\us_ticker.o
                0x080079d8                us_ticker_get_info
 .text.init_16bit_timer
                0x080079e0       0xe8 mbed-dev\targets\TARGET_STM\us_ticker.o
                0x080079e0                init_16bit_timer
 .text.us_ticker_init
                0x08007ac8       0x14 mbed-dev\targets\TARGET_STM\us_ticker.o
                0x08007ac8                us_ticker_init
 .text.us_ticker_read
                0x08007adc        0xc mbed-dev\targets\TARGET_STM\us_ticker.o
                0x08007adc                us_ticker_read
 .text.us_ticker_set_interrupt
                0x08007ae8       0x1c mbed-dev\targets\TARGET_STM\us_ticker.o
                0x08007ae8                us_ticker_set_interrupt
 .text.us_ticker_fire_interrupt
                0x08007b04       0x20 mbed-dev\targets\TARGET_STM\us_ticker.o
                0x08007b04                us_ticker_fire_interrupt
 .text.us_ticker_disable_interrupt
                0x08007b24       0x14 mbed-dev\targets\TARGET_STM\us_ticker.o
                0x08007b24                us_ticker_disable_interrupt
 .text.us_ticker_clear_interrupt
                0x08007b38       0x10 mbed-dev\targets\TARGET_STM\us_ticker.o
                0x08007b38                us_ticker_clear_interrupt
 .text.__errno  0x08007b48        0xc c:/truestudio for stm32 9.1.0/armtools/bin/../lib/gcc/arm-atollic-eabi/6.3.1/../../../../arm-atollic-eabi/lib/armv6-m\libc.a(lib_a-errno.o)
                0x08007b48                __errno
 .text.exit     0x08007b54       0x20 c:/truestudio for stm32 9.1.0/armtools/bin/../lib/gcc/arm-atollic-eabi/6.3.1/../../../../arm-atollic-eabi/lib/armv6-m\libc.a(lib_a-exit.o)
                0x08007b54                exit
 .text._fclose_r
                0x08007b74       0xe4 c:/truestudio for stm32 9.1.0/armtools/bin/../lib/gcc/arm-atollic-eabi/6.3.1/../../../../arm-atollic-eabi/lib/armv6-m\libc.a(lib_a-fclose.o)
                0x08007b74                _fclose_r
 .text.fclose   0x08007c58       0x14 c:/truestudio for stm32 9.1.0/armtools/bin/../lib/gcc/arm-atollic-eabi/6.3.1/../../../../arm-atollic-eabi/lib/armv6-m\libc.a(lib_a-fclose.o)
                0x08007c58                fclose
 .text.__sflush_r
                0x08007c6c      0x130 c:/truestudio for stm32 9.1.0/armtools/bin/../lib/gcc/arm-atollic-eabi/6.3.1/../../../../arm-atollic-eabi/lib/armv6-m\libc.a(lib_a-fflush.o)
                0x08007c6c                __sflush_r
 .text._fflush_r
                0x08007d9c       0x80 c:/truestudio for stm32 9.1.0/armtools/bin/../lib/gcc/arm-atollic-eabi/6.3.1/../../../../arm-atollic-eabi/lib/armv6-m\libc.a(lib_a-fflush.o)
                0x08007d9c                _fflush_r
 .text.fflush   0x08007e1c       0x28 c:/truestudio for stm32 9.1.0/armtools/bin/../lib/gcc/arm-atollic-eabi/6.3.1/../../../../arm-atollic-eabi/lib/armv6-m\libc.a(lib_a-fflush.o)
                0x08007e1c                fflush
 .text._fgetc_r
                0x08007e44       0x84 c:/truestudio for stm32 9.1.0/armtools/bin/../lib/gcc/arm-atollic-eabi/6.3.1/../../../../arm-atollic-eabi/lib/armv6-m\libc.a(lib_a-fgetc.o)
                0x08007e44                _fgetc_r
 .text.fgetc    0x08007ec8       0x14 c:/truestudio for stm32 9.1.0/armtools/bin/../lib/gcc/arm-atollic-eabi/6.3.1/../../../../arm-atollic-eabi/lib/armv6-m\libc.a(lib_a-fgetc.o)
                0x08007ec8                fgetc
 .text._cleanup_r
                0x08007edc       0x10 c:/truestudio for stm32 9.1.0/armtools/bin/../lib/gcc/arm-atollic-eabi/6.3.1/../../../../arm-atollic-eabi/lib/armv6-m\libc.a(lib_a-findfp.o)
                0x08007edc                _cleanup_r
 .text.std.isra.0
                0x08007eec       0x48 c:/truestudio for stm32 9.1.0/armtools/bin/../lib/gcc/arm-atollic-eabi/6.3.1/../../../../arm-atollic-eabi/lib/armv6-m\libc.a(lib_a-findfp.o)
 .text.__sfmoreglue
                0x08007f34       0x2c c:/truestudio for stm32 9.1.0/armtools/bin/../lib/gcc/arm-atollic-eabi/6.3.1/../../../../arm-atollic-eabi/lib/armv6-m\libc.a(lib_a-findfp.o)
                0x08007f34                __sfmoreglue
 .text.__sfp_lock_acquire
                0x08007f60       0x10 c:/truestudio for stm32 9.1.0/armtools/bin/../lib/gcc/arm-atollic-eabi/6.3.1/../../../../arm-atollic-eabi/lib/armv6-m\libc.a(lib_a-findfp.o)
                0x08007f60                __sfp_lock_acquire
 .text.__sfp_lock_release
                0x08007f70       0x10 c:/truestudio for stm32 9.1.0/armtools/bin/../lib/gcc/arm-atollic-eabi/6.3.1/../../../../arm-atollic-eabi/lib/armv6-m\libc.a(lib_a-findfp.o)
                0x08007f70                __sfp_lock_release
 .text.__sinit_lock_acquire
                0x08007f80       0x10 c:/truestudio for stm32 9.1.0/armtools/bin/../lib/gcc/arm-atollic-eabi/6.3.1/../../../../arm-atollic-eabi/lib/armv6-m\libc.a(lib_a-findfp.o)
                0x08007f80                __sinit_lock_acquire
 .text.__sinit_lock_release
                0x08007f90       0x10 c:/truestudio for stm32 9.1.0/armtools/bin/../lib/gcc/arm-atollic-eabi/6.3.1/../../../../arm-atollic-eabi/lib/armv6-m\libc.a(lib_a-findfp.o)
                0x08007f90                __sinit_lock_release
 .text.__sinit  0x08007fa0       0x74 c:/truestudio for stm32 9.1.0/armtools/bin/../lib/gcc/arm-atollic-eabi/6.3.1/../../../../arm-atollic-eabi/lib/armv6-m\libc.a(lib_a-findfp.o)
                0x08007fa0                __sinit
 .text.__sfp    0x08008014       0x90 c:/truestudio for stm32 9.1.0/armtools/bin/../lib/gcc/arm-atollic-eabi/6.3.1/../../../../arm-atollic-eabi/lib/armv6-m\libc.a(lib_a-findfp.o)
                0x08008014                __sfp
 .text._fopen_r
                0x080080a4       0xa4 c:/truestudio for stm32 9.1.0/armtools/bin/../lib/gcc/arm-atollic-eabi/6.3.1/../../../../arm-atollic-eabi/lib/armv6-m\libc.a(lib_a-fopen.o)
                0x080080a4                _fopen_r
 .text.fopen    0x08008148       0x14 c:/truestudio for stm32 9.1.0/armtools/bin/../lib/gcc/arm-atollic-eabi/6.3.1/../../../../arm-atollic-eabi/lib/armv6-m\libc.a(lib_a-fopen.o)
                0x08008148                fopen
 .text._malloc_trim_r
                0x0800815c       0xa8 c:/truestudio for stm32 9.1.0/armtools/bin/../lib/gcc/arm-atollic-eabi/6.3.1/../../../../arm-atollic-eabi/lib/armv6-m\libc.a(lib_a-freer.o)
                0x0800815c                _malloc_trim_r
 .text._free_r  0x08008204      0x168 c:/truestudio for stm32 9.1.0/armtools/bin/../lib/gcc/arm-atollic-eabi/6.3.1/../../../../arm-atollic-eabi/lib/armv6-m\libc.a(lib_a-freer.o)
                0x08008204                _free_r
 .text._fseek_r
                0x0800836c        0x8 c:/truestudio for stm32 9.1.0/armtools/bin/../lib/gcc/arm-atollic-eabi/6.3.1/../../../../arm-atollic-eabi/lib/armv6-m\libc.a(lib_a-fseek.o)
                0x0800836c                _fseek_r
 .text._fseeko_r
                0x08008374      0x2fc c:/truestudio for stm32 9.1.0/armtools/bin/../lib/gcc/arm-atollic-eabi/6.3.1/../../../../arm-atollic-eabi/lib/armv6-m\libc.a(lib_a-fseeko.o)
                0x08008374                _fseeko_r
 .text._fstat_r
                0x08008670       0x24 c:/truestudio for stm32 9.1.0/armtools/bin/../lib/gcc/arm-atollic-eabi/6.3.1/../../../../arm-atollic-eabi/lib/armv6-m\libc.a(lib_a-fstatr.o)
                0x08008670                _fstat_r
 .text.__sfvwrite_r
                0x08008694      0x2c4 c:/truestudio for stm32 9.1.0/armtools/bin/../lib/gcc/arm-atollic-eabi/6.3.1/../../../../arm-atollic-eabi/lib/armv6-m\libc.a(lib_a-fvwrite.o)
                0x08008694                __sfvwrite_r
 .text._fwalk   0x08008958       0x38 c:/truestudio for stm32 9.1.0/armtools/bin/../lib/gcc/arm-atollic-eabi/6.3.1/../../../../arm-atollic-eabi/lib/armv6-m\libc.a(lib_a-fwalk.o)
                0x08008958                _fwalk
 .text._fwalk_reent
                0x08008990       0x42 c:/truestudio for stm32 9.1.0/armtools/bin/../lib/gcc/arm-atollic-eabi/6.3.1/../../../../arm-atollic-eabi/lib/armv6-m\libc.a(lib_a-fwalk.o)
                0x08008990                _fwalk_reent
 *fill*         0x080089d2        0x2 
 .text.__libc_init_array
                0x080089d4       0x48 c:/truestudio for stm32 9.1.0/armtools/bin/../lib/gcc/arm-atollic-eabi/6.3.1/../../../../arm-atollic-eabi/lib/armv6-m\libc.a(lib_a-init.o)
                0x080089d4                __libc_init_array
 .text.__retarget_lock_init_recursive
                0x08008a1c        0x2 c:/truestudio for stm32 9.1.0/armtools/bin/../lib/gcc/arm-atollic-eabi/6.3.1/../../../../arm-atollic-eabi/lib/armv6-m\libc.a(lib_a-lock.o)
                0x08008a1c                __retarget_lock_init_recursive
 .text.__retarget_lock_close_recursive
                0x08008a1e        0x2 c:/truestudio for stm32 9.1.0/armtools/bin/../lib/gcc/arm-atollic-eabi/6.3.1/../../../../arm-atollic-eabi/lib/armv6-m\libc.a(lib_a-lock.o)
                0x08008a1e                __retarget_lock_close_recursive
 .text.__retarget_lock_acquire_recursive
                0x08008a20        0x2 c:/truestudio for stm32 9.1.0/armtools/bin/../lib/gcc/arm-atollic-eabi/6.3.1/../../../../arm-atollic-eabi/lib/armv6-m\libc.a(lib_a-lock.o)
                0x08008a20                __retarget_lock_acquire_recursive
 .text.__retarget_lock_release_recursive
                0x08008a22        0x2 c:/truestudio for stm32 9.1.0/armtools/bin/../lib/gcc/arm-atollic-eabi/6.3.1/../../../../arm-atollic-eabi/lib/armv6-m\libc.a(lib_a-lock.o)
                0x08008a22                __retarget_lock_release_recursive
 .text.__swhatbuf_r
                0x08008a24       0x60 c:/truestudio for stm32 9.1.0/armtools/bin/../lib/gcc/arm-atollic-eabi/6.3.1/../../../../arm-atollic-eabi/lib/armv6-m\libc.a(lib_a-makebuf.o)
                0x08008a24                __swhatbuf_r
 .text.__smakebuf_r
                0x08008a84       0x88 c:/truestudio for stm32 9.1.0/armtools/bin/../lib/gcc/arm-atollic-eabi/6.3.1/../../../../arm-atollic-eabi/lib/armv6-m\libc.a(lib_a-makebuf.o)
                0x08008a84                __smakebuf_r
 .text.malloc   0x08008b0c       0x14 c:/truestudio for stm32 9.1.0/armtools/bin/../lib/gcc/arm-atollic-eabi/6.3.1/../../../../arm-atollic-eabi/lib/armv6-m\libc.a(lib_a-malloc.o)
                0x08008b0c                malloc
 .text.free     0x08008b20       0x14 c:/truestudio for stm32 9.1.0/armtools/bin/../lib/gcc/arm-atollic-eabi/6.3.1/../../../../arm-atollic-eabi/lib/armv6-m\libc.a(lib_a-malloc.o)
                0x08008b20                free
 .text._malloc_r
                0x08008b34      0x408 c:/truestudio for stm32 9.1.0/armtools/bin/../lib/gcc/arm-atollic-eabi/6.3.1/../../../../arm-atollic-eabi/lib/armv6-m\libc.a(lib_a-mallocr.o)
                0x08008b34                _malloc_r
 .text.memchr   0x08008f3c       0x16 c:/truestudio for stm32 9.1.0/armtools/bin/../lib/gcc/arm-atollic-eabi/6.3.1/../../../../arm-atollic-eabi/lib/armv6-m\libc.a(lib_a-memchr-stub.o)
                0x08008f3c                memchr
 .text.memcpy   0x08008f52       0x12 c:/truestudio for stm32 9.1.0/armtools/bin/../lib/gcc/arm-atollic-eabi/6.3.1/../../../../arm-atollic-eabi/lib/armv6-m\libc.a(lib_a-memcpy-stub.o)
                0x08008f52                memcpy
 .text.memmove  0x08008f64       0x24 c:/truestudio for stm32 9.1.0/armtools/bin/../lib/gcc/arm-atollic-eabi/6.3.1/../../../../arm-atollic-eabi/lib/armv6-m\libc.a(lib_a-memmove.o)
                0x08008f64                memmove
 .text.memset   0x08008f88       0x10 c:/truestudio for stm32 9.1.0/armtools/bin/../lib/gcc/arm-atollic-eabi/6.3.1/../../../../arm-atollic-eabi/lib/armv6-m\libc.a(lib_a-memset.o)
                0x08008f88                memset
 .text._open_r  0x08008f98       0x28 c:/truestudio for stm32 9.1.0/armtools/bin/../lib/gcc/arm-atollic-eabi/6.3.1/../../../../arm-atollic-eabi/lib/armv6-m\libc.a(lib_a-openr.o)
                0x08008f98                _open_r
 .text._realloc_r
                0x08008fc0      0x2f8 c:/truestudio for stm32 9.1.0/armtools/bin/../lib/gcc/arm-atollic-eabi/6.3.1/../../../../arm-atollic-eabi/lib/armv6-m\libc.a(lib_a-reallocr.o)
                0x08008fc0                _realloc_r
 .text.lflush   0x080092b8       0x18 c:/truestudio for stm32 9.1.0/armtools/bin/../lib/gcc/arm-atollic-eabi/6.3.1/../../../../arm-atollic-eabi/lib/armv6-m\libc.a(lib_a-refill.o)
 .text.__srefill_r
                0x080092d0      0x13c c:/truestudio for stm32 9.1.0/armtools/bin/../lib/gcc/arm-atollic-eabi/6.3.1/../../../../arm-atollic-eabi/lib/armv6-m\libc.a(lib_a-refill.o)
                0x080092d0                __srefill_r
 .text.__srget_r
                0x0800940c       0x60 c:/truestudio for stm32 9.1.0/armtools/bin/../lib/gcc/arm-atollic-eabi/6.3.1/../../../../arm-atollic-eabi/lib/armv6-m\libc.a(lib_a-rget.o)
                0x0800940c                __srget_r
 .text._sbrk_r  0x0800946c       0x24 c:/truestudio for stm32 9.1.0/armtools/bin/../lib/gcc/arm-atollic-eabi/6.3.1/../../../../arm-atollic-eabi/lib/armv6-m\libc.a(lib_a-sbrkr.o)
                0x0800946c                _sbrk_r
 .text.setbuf   0x08009490       0x12 c:/truestudio for stm32 9.1.0/armtools/bin/../lib/gcc/arm-atollic-eabi/6.3.1/../../../../arm-atollic-eabi/lib/armv6-m\libc.a(lib_a-setbuf.o)
                0x08009490                setbuf
 *fill*         0x080094a2        0x2 
 .text.setvbuf  0x080094a4      0x19c c:/truestudio for stm32 9.1.0/armtools/bin/../lib/gcc/arm-atollic-eabi/6.3.1/../../../../arm-atollic-eabi/lib/armv6-m\libc.a(lib_a-setvbuf.o)
                0x080094a4                setvbuf
 .text.__sread  0x08009640       0x28 c:/truestudio for stm32 9.1.0/armtools/bin/../lib/gcc/arm-atollic-eabi/6.3.1/../../../../arm-atollic-eabi/lib/armv6-m\libc.a(lib_a-stdio.o)
                0x08009640                __sread
 .text.__swrite
                0x08009668       0x38 c:/truestudio for stm32 9.1.0/armtools/bin/../lib/gcc/arm-atollic-eabi/6.3.1/../../../../arm-atollic-eabi/lib/armv6-m\libc.a(lib_a-stdio.o)
                0x08009668                __swrite
 .text.__sseek  0x080096a0       0x2c c:/truestudio for stm32 9.1.0/armtools/bin/../lib/gcc/arm-atollic-eabi/6.3.1/../../../../arm-atollic-eabi/lib/armv6-m\libc.a(lib_a-stdio.o)
                0x080096a0                __sseek
 .text.__sclose
                0x080096cc        0xc c:/truestudio for stm32 9.1.0/armtools/bin/../lib/gcc/arm-atollic-eabi/6.3.1/../../../../arm-atollic-eabi/lib/armv6-m\libc.a(lib_a-stdio.o)
                0x080096cc                __sclose
 .text.strncmp  0x080096d8       0x22 c:/truestudio for stm32 9.1.0/armtools/bin/../lib/gcc/arm-atollic-eabi/6.3.1/../../../../arm-atollic-eabi/lib/armv6-m\libc.a(lib_a-strncmp.o)
                0x080096d8                strncmp
 .text.strspn   0x080096fa       0x22 c:/truestudio for stm32 9.1.0/armtools/bin/../lib/gcc/arm-atollic-eabi/6.3.1/../../../../arm-atollic-eabi/lib/armv6-m\libc.a(lib_a-strspn.o)
                0x080096fa                strspn
 .text._vfprintf_r
                0x0800971c     0x1230 c:/truestudio for stm32 9.1.0/armtools/bin/../lib/gcc/arm-atollic-eabi/6.3.1/../../../../arm-atollic-eabi/lib/armv6-m\libc.a(lib_a-vfprintf.o)
                0x0800971c                _vfprintf_r
 .text.vfprintf
                0x0800a94c       0x18 c:/truestudio for stm32 9.1.0/armtools/bin/../lib/gcc/arm-atollic-eabi/6.3.1/../../../../arm-atollic-eabi/lib/armv6-m\libc.a(lib_a-vfprintf.o)
                0x0800a94c                vfprintf
 .text.__sbprintf
                0x0800a964       0x88 c:/truestudio for stm32 9.1.0/armtools/bin/../lib/gcc/arm-atollic-eabi/6.3.1/../../../../arm-atollic-eabi/lib/armv6-m\libc.a(lib_a-vfprintf.o)
 .text.__swbuf_r
                0x0800a9ec       0xcc c:/truestudio for stm32 9.1.0/armtools/bin/../lib/gcc/arm-atollic-eabi/6.3.1/../../../../arm-atollic-eabi/lib/armv6-m\libc.a(lib_a-wbuf.o)
                0x0800a9ec                __swbuf_r
 .text._write_r
                0x0800aab8       0x28 c:/truestudio for stm32 9.1.0/armtools/bin/../lib/gcc/arm-atollic-eabi/6.3.1/../../../../arm-atollic-eabi/lib/armv6-m\libc.a(lib_a-writer.o)
                0x0800aab8                _write_r
 .text.__swsetup_r
                0x0800aae0       0xec c:/truestudio for stm32 9.1.0/armtools/bin/../lib/gcc/arm-atollic-eabi/6.3.1/../../../../arm-atollic-eabi/lib/armv6-m\libc.a(lib_a-wsetup.o)
                0x0800aae0                __swsetup_r
 .text.__call_exitprocs
                0x0800abcc      0x104 c:/truestudio for stm32 9.1.0/armtools/bin/../lib/gcc/arm-atollic-eabi/6.3.1/../../../../arm-atollic-eabi/lib/armv6-m\libc.a(lib_a-__call_atexit.o)
                0x0800abcc                __call_exitprocs
 .text._close_r
                0x0800acd0       0x24 c:/truestudio for stm32 9.1.0/armtools/bin/../lib/gcc/arm-atollic-eabi/6.3.1/../../../../arm-atollic-eabi/lib/armv6-m\libc.a(lib_a-closer.o)
                0x0800acd0                _close_r
 .text.quorem   0x0800acf4      0x108 c:/truestudio for stm32 9.1.0/armtools/bin/../lib/gcc/arm-atollic-eabi/6.3.1/../../../../arm-atollic-eabi/lib/armv6-m\libc.a(lib_a-dtoa.o)
 .text._dtoa_r  0x0800adfc      0xbd0 c:/truestudio for stm32 9.1.0/armtools/bin/../lib/gcc/arm-atollic-eabi/6.3.1/../../../../arm-atollic-eabi/lib/armv6-m\libc.a(lib_a-dtoa.o)
                0x0800adfc                _dtoa_r
 .text.__sflags
                0x0800b9cc       0x72 c:/truestudio for stm32 9.1.0/armtools/bin/../lib/gcc/arm-atollic-eabi/6.3.1/../../../../arm-atollic-eabi/lib/armv6-m\libc.a(lib_a-flags.o)
                0x0800b9cc                __sflags
 *fill*         0x0800ba3e        0x2 
 .text._isatty_r
                0x0800ba40       0x24 c:/truestudio for stm32 9.1.0/armtools/bin/../lib/gcc/arm-atollic-eabi/6.3.1/../../../../arm-atollic-eabi/lib/armv6-m\libc.a(lib_a-isattyr.o)
                0x0800ba40                _isatty_r
 .text.__locale_mb_cur_max
                0x0800ba64       0x1c c:/truestudio for stm32 9.1.0/armtools/bin/../lib/gcc/arm-atollic-eabi/6.3.1/../../../../arm-atollic-eabi/lib/armv6-m\libc.a(lib_a-locale.o)
                0x0800ba64                __locale_mb_cur_max
 .text._localeconv_r
                0x0800ba80       0x18 c:/truestudio for stm32 9.1.0/armtools/bin/../lib/gcc/arm-atollic-eabi/6.3.1/../../../../arm-atollic-eabi/lib/armv6-m\libc.a(lib_a-localeconv.o)
                0x0800ba80                _localeconv_r
 .text._lseek_r
                0x0800ba98       0x28 c:/truestudio for stm32 9.1.0/armtools/bin/../lib/gcc/arm-atollic-eabi/6.3.1/../../../../arm-atollic-eabi/lib/armv6-m\libc.a(lib_a-lseekr.o)
                0x0800ba98                _lseek_r
 .text.__ascii_mbtowc
                0x0800bac0       0x24 c:/truestudio for stm32 9.1.0/armtools/bin/../lib/gcc/arm-atollic-eabi/6.3.1/../../../../arm-atollic-eabi/lib/armv6-m\libc.a(lib_a-mbtowc_r.o)
                0x0800bac0                __ascii_mbtowc
 .text._Balloc  0x0800bae4       0x70 c:/truestudio for stm32 9.1.0/armtools/bin/../lib/gcc/arm-atollic-eabi/6.3.1/../../../../arm-atollic-eabi/lib/armv6-m\libc.a(lib_a-mprec.o)
                0x0800bae4                _Balloc
 .text._Bfree   0x0800bb54       0x32 c:/truestudio for stm32 9.1.0/armtools/bin/../lib/gcc/arm-atollic-eabi/6.3.1/../../../../arm-atollic-eabi/lib/armv6-m\libc.a(lib_a-mprec.o)
                0x0800bb54                _Bfree
 .text.__multadd
                0x0800bb86       0x78 c:/truestudio for stm32 9.1.0/armtools/bin/../lib/gcc/arm-atollic-eabi/6.3.1/../../../../arm-atollic-eabi/lib/armv6-m\libc.a(lib_a-mprec.o)
                0x0800bb86                __multadd
 .text.__hi0bits
                0x0800bbfe       0x34 c:/truestudio for stm32 9.1.0/armtools/bin/../lib/gcc/arm-atollic-eabi/6.3.1/../../../../arm-atollic-eabi/lib/armv6-m\libc.a(lib_a-mprec.o)
                0x0800bbfe                __hi0bits
 .text.__lo0bits
                0x0800bc32       0x5e c:/truestudio for stm32 9.1.0/armtools/bin/../lib/gcc/arm-atollic-eabi/6.3.1/../../../../arm-atollic-eabi/lib/armv6-m\libc.a(lib_a-mprec.o)
                0x0800bc32                __lo0bits
 .text.__i2b    0x0800bc90       0x12 c:/truestudio for stm32 9.1.0/armtools/bin/../lib/gcc/arm-atollic-eabi/6.3.1/../../../../arm-atollic-eabi/lib/armv6-m\libc.a(lib_a-mprec.o)
                0x0800bc90                __i2b
 .text.__multiply
                0x0800bca2      0x11e c:/truestudio for stm32 9.1.0/armtools/bin/../lib/gcc/arm-atollic-eabi/6.3.1/../../../../arm-atollic-eabi/lib/armv6-m\libc.a(lib_a-mprec.o)
                0x0800bca2                __multiply
 .text.__pow5mult
                0x0800bdc0       0xa4 c:/truestudio for stm32 9.1.0/armtools/bin/../lib/gcc/arm-atollic-eabi/6.3.1/../../../../arm-atollic-eabi/lib/armv6-m\libc.a(lib_a-mprec.o)
                0x0800bdc0                __pow5mult
 .text.__lshift
                0x0800be64       0xa2 c:/truestudio for stm32 9.1.0/armtools/bin/../lib/gcc/arm-atollic-eabi/6.3.1/../../../../arm-atollic-eabi/lib/armv6-m\libc.a(lib_a-mprec.o)
                0x0800be64                __lshift
 .text.__mcmp   0x0800bf06       0x32 c:/truestudio for stm32 9.1.0/armtools/bin/../lib/gcc/arm-atollic-eabi/6.3.1/../../../../arm-atollic-eabi/lib/armv6-m\libc.a(lib_a-mprec.o)
                0x0800bf06                __mcmp
 .text.__mdiff  0x0800bf38       0xc8 c:/truestudio for stm32 9.1.0/armtools/bin/../lib/gcc/arm-atollic-eabi/6.3.1/../../../../arm-atollic-eabi/lib/armv6-m\libc.a(lib_a-mprec.o)
                0x0800bf38                __mdiff
 .text.__d2b    0x0800c000       0xa8 c:/truestudio for stm32 9.1.0/armtools/bin/../lib/gcc/arm-atollic-eabi/6.3.1/../../../../arm-atollic-eabi/lib/armv6-m\libc.a(lib_a-mprec.o)
                0x0800c000                __d2b
 .text._read_r  0x0800c0a8       0x28 c:/truestudio for stm32 9.1.0/armtools/bin/../lib/gcc/arm-atollic-eabi/6.3.1/../../../../arm-atollic-eabi/lib/armv6-m\libc.a(lib_a-readr.o)
                0x0800c0a8                _read_r
 .text.__sprint_r
                0x0800c0d0       0x6e c:/truestudio for stm32 9.1.0/armtools/bin/../lib/gcc/arm-atollic-eabi/6.3.1/../../../../arm-atollic-eabi/lib/armv6-m\libc.a(lib_a-vfiprintf.o)
                0x0800c0d0                __sprint_r
 .text.__ascii_wctomb
                0x0800c13e       0x18 c:/truestudio for stm32 9.1.0/armtools/bin/../lib/gcc/arm-atollic-eabi/6.3.1/../../../../arm-atollic-eabi/lib/armv6-m\libc.a(lib_a-wctomb_r.o)
                0x0800c13e                __ascii_wctomb
 .text._calloc_r
                0x0800c156       0x58 c:/truestudio for stm32 9.1.0/armtools/bin/../lib/gcc/arm-atollic-eabi/6.3.1/../../../../arm-atollic-eabi/lib/armv6-m\libc.a(lib_a-callocr.o)
                0x0800c156                _calloc_r
 .text.__fputwc
                0x0800c1ae       0x7c c:/truestudio for stm32 9.1.0/armtools/bin/../lib/gcc/arm-atollic-eabi/6.3.1/../../../../arm-atollic-eabi/lib/armv6-m\libc.a(lib_a-fputwc.o)
                0x0800c1ae                __fputwc
 .text._fputwc_r
                0x0800c22a       0x52 c:/truestudio for stm32 9.1.0/armtools/bin/../lib/gcc/arm-atollic-eabi/6.3.1/../../../../arm-atollic-eabi/lib/armv6-m\libc.a(lib_a-fputwc.o)
                0x0800c22a                _fputwc_r
 .text._wcrtomb_r
                0x0800c27c       0x4c c:/truestudio for stm32 9.1.0/armtools/bin/../lib/gcc/arm-atollic-eabi/6.3.1/../../../../arm-atollic-eabi/lib/armv6-m\libc.a(lib_a-wcrtomb.o)
                0x0800c27c                _wcrtomb_r
 *(.glue_7)
 .glue_7        0x0800c2c8        0x0 linker stubs
 *(.glue_7t)
 .glue_7t       0x0800c2c8        0x0 linker stubs
 *(.eh_frame)
 .eh_frame      0x0800c2c8        0x0 c:/truestudio for stm32 9.1.0/armtools/bin/../lib/gcc/arm-atollic-eabi/6.3.1/armv6-m/crtbegin.o
 .eh_frame      0x0800c2c8        0x4 c:/truestudio for stm32 9.1.0/armtools/bin/../lib/gcc/arm-atollic-eabi/6.3.1/armv6-m/crtend.o
 *(.init)
 .init          0x0800c2cc        0x4 c:/truestudio for stm32 9.1.0/armtools/bin/../lib/gcc/arm-atollic-eabi/6.3.1/armv6-m/crti.o
                0x0800c2cc                _init
 .init          0x0800c2d0        0x8 c:/truestudio for stm32 9.1.0/armtools/bin/../lib/gcc/arm-atollic-eabi/6.3.1/armv6-m/crtn.o
 *(.fini)
 .fini          0x0800c2d8        0x4 c:/truestudio for stm32 9.1.0/armtools/bin/../lib/gcc/arm-atollic-eabi/6.3.1/armv6-m/crti.o
                0x0800c2d8                _fini
 .fini          0x0800c2dc        0x8 c:/truestudio for stm32 9.1.0/armtools/bin/../lib/gcc/arm-atollic-eabi/6.3.1/armv6-m/crtn.o
 *crtbegin.o(.ctors)
 *crtbegin?.o(.ctors)
 *(EXCLUDE_FILE(*crtend.o *crtend?.o) .ctors)
 *(SORT(.ctors.*))
 *(.ctors)
 *crtbegin.o(.dtors)
 *crtbegin?.o(.dtors)
 *(EXCLUDE_FILE(*crtend.o *crtend?.o) .dtors)
 *(SORT(.dtors.*))
 *(.dtors)
 *(.rodata*)
 .rodata._Z10rxCallbackv
                0x0800c2e4       0xd0 main.o
 .rodata._ZTVN4mbed8AnalogInE
                0x0800c3b4       0x18 main.o
                0x0800c3b4                vtable for mbed::AnalogIn
 .rodata._ZZN4mbed8CallbackIFvvEE8generateIPS1_EEvRKT_E3ops
                0x0800c3cc        0xc main.o
                0x0800c3cc                void mbed::Callback<void ()>::generate<void (*)()>(void (* const&)())::ops
 .rodata._Z10rxCallbackv.str1.4
                0x0800c3d8       0x3c main.o
 .rodata._Z16incremento_Servov.str1.4
                0x0800c414       0x35 main.o
 *fill*         0x0800c449        0x3 
 .rodata._Z17adquirir_entradasv.str1.4
                0x0800c44c       0x3e main.o
 *fill*         0x0800c48a        0x2 
 .rodata.main.str1.4
                0x0800c48c       0xe6 main.o
 *fill*         0x0800c572        0x2 
 .rodata._ZTVN4mbed6SerialE
                0x0800c574       0x90 mbed-dev\drivers\Serial.o
                0x0800c574                vtable for mbed::Serial
 .rodata._ZTVN4mbed10SerialBaseE
                0x0800c604       0x18 mbed-dev\drivers\SerialBase.o
                0x0800c604                vtable for mbed::SerialBase
 .rodata._ZTVN4mbed6TickerE
                0x0800c61c       0x14 mbed-dev\drivers\Ticker.o
                0x0800c61c                vtable for mbed::Ticker
 .rodata._ZTVN4mbed10TimerEventE
                0x0800c630       0x14 mbed-dev\drivers\TimerEvent.o
                0x0800c630                vtable for mbed::TimerEvent
 .rodata.us_data
                0x0800c644        0x8 mbed-dev\hal\mbed_us_ticker_api.o
 .rodata.us_interface
                0x0800c64c       0x1c mbed-dev\hal\mbed_us_ticker_api.o
 .rodata._ZTVN4mbed8FileBaseE
                0x0800c668       0x10 mbed-dev\platform\FileBase.o
                0x0800c668                vtable for mbed::FileBase
 .rodata._ZTVN4mbed10FileHandleE
                0x0800c678       0x50 mbed-dev\platform\FileHandle.o
                0x0800c678                vtable for mbed::FileHandle
 .rodata._ZN4mbed8FilePathC2EPKc.str1.4
                0x0800c6c8        0x2 mbed-dev\platform\FilePath.o
 *fill*         0x0800c6ca        0x2 