Archive member included to satisfy reference by file (symbol)

c:/truestudio for stm32 9.1.0/armtools/bin/../lib/gcc/arm-atollic-eabi/6.3.1/../../../../arm-atollic-eabi/lib/armv6-m\libc.a(lib_a-errno.o)
                              mbed-dev\platform\mbed_retarget.o (__errno)
c:/truestudio for stm32 9.1.0/armtools/bin/../lib/gcc/arm-atollic-eabi/6.3.1/../../../../arm-atollic-eabi/lib/armv6-m\libc.a(lib_a-exit.o)
                              mbed-dev\platform\mbed_error.o (exit)
c:/truestudio for stm32 9.1.0/armtools/bin/../lib/gcc/arm-atollic-eabi/6.3.1/../../../../arm-atollic-eabi/lib/armv6-m\libc.a(lib_a-fclose.o)
                              mbed-dev\platform\Stream.o (fclose)
c:/truestudio for stm32 9.1.0/armtools/bin/../lib/gcc/arm-atollic-eabi/6.3.1/../../../../arm-atollic-eabi/lib/armv6-m\libc.a(lib_a-fflush.o)
                              c:/truestudio for stm32 9.1.0/armtools/bin/../lib/gcc/arm-atollic-eabi/6.3.1/../../../../arm-atollic-eabi/lib/armv6-m\libc.a(lib_a-fclose.o) (__sflush_r)
c:/truestudio for stm32 9.1.0/armtools/bin/../lib/gcc/arm-atollic-eabi/6.3.1/../../../../arm-atollic-eabi/lib/armv6-m\libc.a(lib_a-fgetc.o)
                              mbed-dev\platform\mbed_retarget.o (fgetc)
c:/truestudio for stm32 9.1.0/armtools/bin/../lib/gcc/arm-atollic-eabi/6.3.1/../../../../arm-atollic-eabi/lib/armv6-m\libc.a(lib_a-fgets.o)
                              mbed-dev\platform\mbed_retarget.o (fgets)
c:/truestudio for stm32 9.1.0/armtools/bin/../lib/gcc/arm-atollic-eabi/6.3.1/../../../../arm-atollic-eabi/lib/armv6-m\libc.a(lib_a-findfp.o)
                              c:/truestudio for stm32 9.1.0/armtools/bin/../lib/gcc/arm-atollic-eabi/6.3.1/../../../../arm-atollic-eabi/lib/armv6-m\libc.a(lib_a-fclose.o) (__sfp_lock_acquire)
c:/truestudio for stm32 9.1.0/armtools/bin/../lib/gcc/arm-atollic-eabi/6.3.1/../../../../arm-atollic-eabi/lib/armv6-m\libc.a(lib_a-fopen.o)
                              mbed-dev\platform\mbed_retarget.o (fopen)
c:/truestudio for stm32 9.1.0/armtools/bin/../lib/gcc/arm-atollic-eabi/6.3.1/../../../../arm-atollic-eabi/lib/armv6-m\libc.a(lib_a-fputc.o)
                              mbed-dev\platform\Stream.o (fputc)
c:/truestudio for stm32 9.1.0/armtools/bin/../lib/gcc/arm-atollic-eabi/6.3.1/../../../../arm-atollic-eabi/lib/armv6-m\libc.a(lib_a-fputs.o)
                              mbed-dev\platform\Stream.o (fputs)
c:/truestudio for stm32 9.1.0/armtools/bin/../lib/gcc/arm-atollic-eabi/6.3.1/../../../../arm-atollic-eabi/lib/armv6-m\libc.a(lib_a-freer.o)
                              c:/truestudio for stm32 9.1.0/armtools/bin/../lib/gcc/arm-atollic-eabi/6.3.1/../../../../arm-atollic-eabi/lib/armv6-m\libc.a(lib_a-fclose.o) (_free_r)
c:/truestudio for stm32 9.1.0/armtools/bin/../lib/gcc/arm-atollic-eabi/6.3.1/../../../../arm-atollic-eabi/lib/armv6-m\libc.a(lib_a-fseek.o)
                              c:/truestudio for stm32 9.1.0/armtools/bin/../lib/gcc/arm-atollic-eabi/6.3.1/../../../../arm-atollic-eabi/lib/armv6-m\libc.a(lib_a-fopen.o) (_fseek_r)
c:/truestudio for stm32 9.1.0/armtools/bin/../lib/gcc/arm-atollic-eabi/6.3.1/../../../../arm-atollic-eabi/lib/armv6-m\libc.a(lib_a-fseeko.o)
                              c:/truestudio for stm32 9.1.0/armtools/bin/../lib/gcc/arm-atollic-eabi/6.3.1/../../../../arm-atollic-eabi/lib/armv6-m\libc.a(lib_a-fseek.o) (_fseeko_r)
c:/truestudio for stm32 9.1.0/armtools/bin/../lib/gcc/arm-atollic-eabi/6.3.1/../../../../arm-atollic-eabi/lib/armv6-m\libc.a(lib_a-fstatr.o)
                              c:/truestudio for stm32 9.1.0/armtools/bin/../lib/gcc/arm-atollic-eabi/6.3.1/../../../../arm-atollic-eabi/lib/armv6-m\libc.a(lib_a-fseeko.o) (_fstat_r)
c:/truestudio for stm32 9.1.0/armtools/bin/../lib/gcc/arm-atollic-eabi/6.3.1/../../../../arm-atollic-eabi/lib/armv6-m\libc.a(lib_a-fvwrite.o)
                              c:/truestudio for stm32 9.1.0/armtools/bin/../lib/gcc/arm-atollic-eabi/6.3.1/../../../../arm-atollic-eabi/lib/armv6-m\libc.a(lib_a-fputs.o) (__sfvwrite_r)
c:/truestudio for stm32 9.1.0/armtools/bin/../lib/gcc/arm-atollic-eabi/6.3.1/../../../../arm-atollic-eabi/lib/armv6-m\libc.a(lib_a-fwalk.o)
                              c:/truestudio for stm32 9.1.0/armtools/bin/../lib/gcc/arm-atollic-eabi/6.3.1/../../../../arm-atollic-eabi/lib/armv6-m\libc.a(lib_a-findfp.o) (_fwalk)
c:/truestudio for stm32 9.1.0/armtools/bin/../lib/gcc/arm-atollic-eabi/6.3.1/../../../../arm-atollic-eabi/lib/armv6-m\libc.a(lib_a-impure.o)
                              c:/truestudio for stm32 9.1.0/armtools/bin/../lib/gcc/arm-atollic-eabi/6.3.1/../../../../arm-atollic-eabi/lib/armv6-m\libc.a(lib_a-exit.o) (_global_impure_ptr)
c:/truestudio for stm32 9.1.0/armtools/bin/../lib/gcc/arm-atollic-eabi/6.3.1/../../../../arm-atollic-eabi/lib/armv6-m\libc.a(lib_a-init.o)
                              mbed-dev\targets\TARGET_STM\TARGET_STM32F0\TARGET_NUCLEO_F070RB\device\TOOLCHAIN_GCC_ARM\startup_stm32f070xb.o (__libc_init_array)
[...]
Memory Configuration

Name             Origin             Length             Attributes
FLASH            0x08000000         0x00020000         xr
RAM              0x200000c0         0x00003f40         xrw
*default*        0x00000000         0xffffffff

Linker script and memory map

LOAD c:/truestudio for stm32 9.1.0/armtools/bin/../lib/gcc/arm-atollic-eabi/6.3.1/armv6-m/crti.o
LOAD c:/truestudio for stm32 9.1.0/armtools/bin/../lib/gcc/arm-atollic-eabi/6.3.1/armv6-m/crtbegin.o
LOAD main.o
LOAD mbed-dev\cmsis\TARGET_CORTEX_M\mbed_tz_context.o
LOAD mbed-dev\drivers\AnalogIn.o
LOAD mbed-dev\drivers\BusIn.o
LOAD mbed-dev\drivers\BusInOut.o
LOAD mbed-dev\drivers\BusOut.o
LOAD mbed-dev\drivers\CAN.o
LOAD mbed-dev\drivers\Ethernet.o
LOAD mbed-dev\drivers\FlashIAP.o
LOAD mbed-dev\drivers\I2C.o
LOAD mbed-dev\drivers\I2CSlave.o
LOAD mbed-dev\drivers\InterruptIn.o
LOAD mbed-dev\drivers\InterruptManager.o
LOAD mbed-dev\drivers\MbedCRC.o
LOAD mbed-dev\drivers\RawSerial.o
LOAD mbed-dev\drivers\SPI.o
LOAD mbed-dev\drivers\SPISlave.o
LOAD mbed-dev\drivers\Serial.o
LOAD mbed-dev\drivers\SerialBase.o
LOAD mbed-dev\drivers\TableCRC.o
LOAD mbed-dev\drivers\Ticker.o
LOAD mbed-dev\drivers\Timeout.o
LOAD mbed-dev\drivers\Timer.o
LOAD mbed-dev\drivers\TimerEvent.o
LOAD mbed-dev\drivers\UARTSerial.o
LOAD mbed-dev\hal\mbed_critical_section_api.o
LOAD mbed-dev\hal\mbed_flash_api.o
LOAD mbed-dev\hal\mbed_gpio.o
LOAD mbed-dev\hal\mbed_itm_api.o
LOAD mbed-dev\hal\mbed_lp_ticker_api.o
LOAD mbed-dev\hal\mbed_lp_ticker_wrapper.o
LOAD mbed-dev\hal\mbed_pinmap_common.o
LOAD mbed-dev\hal\mbed_sleep_manager.o
LOAD mbed-dev\hal\mbed_ticker_api.o
LOAD mbed-dev\hal\mbed_us_ticker_api.o
LOAD mbed-dev\platform\ATCmdParser.o
LOAD mbed-dev\platform\CallChain.o
LOAD mbed-dev\platform\FileBase.o
LOAD mbed-dev\platform\FileHandle.o
LOAD mbed-dev\platform\FilePath.o
LOAD mbed-dev\platform\FileSystemHandle.o
LOAD mbed-dev\platform\LocalFileSystem.o
LOAD mbed-dev\platform\Stream.o
LOAD mbed-dev\platform\mbed_alloc_wrappers.o
LOAD mbed-dev\platform\mbed_application.o
LOAD mbed-dev\platform\mbed_assert.o
LOAD mbed-dev\platform\mbed_board.o
LOAD mbed-dev\platform\mbed_critical.o
LOAD mbed-dev\platform\mbed_error.o
LOAD mbed-dev\platform\mbed_error_hist.o
LOAD mbed-dev\platform\mbed_interface.o
LOAD mbed-dev\platform\mbed_mem_trace.o
LOAD mbed-dev\platform\mbed_mktime.o
LOAD mbed-dev\platform\mbed_poll.o
LOAD mbed-dev\platform\mbed_retarget.o
LOAD mbed-dev\platform\mbed_rtc_time.o
LOAD mbed-dev\platform\mbed_sdk_boot.o
LOAD mbed-dev\platform\mbed_semihost_api.o
LOAD mbed-dev\platform\mbed_stats.o
LOAD mbed-dev\platform\mbed_wait_api_no_rtos.o
LOAD mbed-dev\platform\mbed_wait_api_rtos.o
LOAD mbed-dev\targets\TARGET_STM\TARGET_STM32F0\TARGET_NUCLEO_F070RB\PeripheralPins.o
LOAD mbed-dev\targets\TARGET_STM\TARGET_STM32F0\TARGET_NUCLEO_F070RB\device\TOOLCHAIN_GCC_ARM\startup_stm32f070xb.o
LOAD mbed-dev\targets\TARGET_STM\TARGET_STM32F0\TARGET_NUCLEO_F070RB\device\cmsis_nvic.o
LOAD mbed-dev\targets\TARGET_STM\TARGET_STM32F0\TARGET_NUCLEO_F070RB\device\system_clock.o
LOAD mbed-dev\targets\TARGET_STM\TARGET_STM32F0\analogin_device.o
LOAD mbed-dev\targets\TARGET_STM\TARGET_STM32F0\analogout_device.o
LOAD mbed-dev\targets\TARGET_STM\TARGET_STM32F0\device\stm32f0xx_hal.o
LOAD mbed-dev\targets\TARGET_STM\TARGET_STM32F0\device\stm32f0xx_hal_adc.o
LOAD mbed-dev\targets\TARGET_STM\TARGET_STM32F0\device\stm32f0xx_hal_adc_ex.o
LOAD mbed-dev\targets\TARGET_STM\TARGET_STM32F0\device\stm32f0xx_hal_can.o
LOAD mbed-dev\targets\TARGET_STM\TARGET_STM32F0\device\stm32f0xx_hal_cec.o
LOAD mbed-dev\targets\TARGET_STM\TARGET_STM32F0\device\stm32f0xx_hal_comp.o
LOAD mbed-dev\targets\TARGET_STM\TARGET_STM32F0\device\stm32f0xx_hal_cortex.o
LOAD mbed-dev\targets\TARGET_STM\TARGET_STM32F0\device\stm32f0xx_hal_crc.o
LOAD mbed-dev\targets\TARGET_STM\TARGET_STM32F0\device\stm32f0xx_hal_crc_ex.o
LOAD mbed-dev\targets\TARGET_STM\TARGET_STM32F0\device\stm32f0xx_hal_dac.o
LOAD mbed-dev\targets\TARGET_STM\TARGET_STM32F0\device\stm32f0xx_hal_dac_ex.o
LOAD mbed-dev\targets\TARGET_STM\TARGET_STM32F0\device\stm32f0xx_hal_dma.o
LOAD mbed-dev\targets\TARGET_STM\TARGET_STM32F0\device\stm32f0xx_hal_flash.o
LOAD mbed-dev\targets\TARGET_STM\TARGET_STM32F0\device\stm32f0xx_hal_flash_ex.o
LOAD mbed-dev\targets\TARGET_STM\TARGET_STM32F0\device\stm32f0xx_hal_gpio.o
LOAD mbed-dev\targets\TARGET_STM\TARGET_STM32F0\device\stm32f0xx_hal_i2c.o
LOAD mbed-dev\targets\TARGET_STM\TARGET_STM32F0\device\stm32f0xx_hal_i2c_ex.o
LOAD mbed-dev\targets\TARGET_STM\TARGET_STM32F0\device\stm32f0xx_hal_i2s.o
LOAD mbed-dev\targets\TARGET_STM\TARGET_STM32F0\device\stm32f0xx_hal_irda.o
LOAD mbed-dev\targets\TARGET_STM\TARGET_STM32F0\device\stm32f0xx_hal_iwdg.o
LOAD mbed-dev\targets\TARGET_STM\TARGET_STM32F0\device\stm32f0xx_hal_pcd.o
LOAD mbed-dev\targets\TARGET_STM\TARGET_STM32F0\device\stm32f0xx_hal_pcd_ex.o
LOAD mbed-dev\targets\TARGET_STM\TARGET_STM32F0\device\stm32f0xx_hal_pwr.o
LOAD mbed-dev\targets\TARGET_STM\TARGET_STM32F0\device\stm32f0xx_hal_pwr_ex.o
LOAD mbed-dev\targets\TARGET_STM\TARGET_STM32F0\device\stm32f0xx_hal_rcc.o
LOAD mbed-dev\targets\TARGET_STM\TARGET_STM32F0\device\stm32f0xx_hal_rcc_ex.o
LOAD mbed-dev\targets\TARGET_STM\TARGET_STM32F0\device\stm32f0xx_hal_rtc.o
LOAD mbed-dev\targets\TARGET_STM\TARGET_STM32F0\device\stm32f0xx_hal_rtc_ex.o
LOAD mbed-dev\targets\TARGET_STM\TARGET_STM32F0\device\stm32f0xx_hal_smartcard.o
LOAD mbed-dev\targets\TARGET_STM\TARGET_STM32F0\device\stm32f0xx_hal_smartcard_ex.o
LOAD mbed-dev\targets\TARGET_STM\TARGET_STM32F0\device\stm32f0xx_hal_smbus.o
LOAD mbed-dev\targets\TARGET_STM\TARGET_STM32F0\device\stm32f0xx_hal_spi.o
LOAD mbed-dev\targets\TARGET_STM\TARGET_STM32F0\device\stm32f0xx_hal_spi_ex.o
LOAD mbed-dev\targets\TARGET_STM\TARGET_STM32F0\device\stm32f0xx_hal_tim.o
LOAD mbed-dev\targets\TARGET_STM\TARGET_STM32F0\device\stm32f0xx_hal_tim_ex.o
LOAD mbed-dev\targets\TARGET_STM\TARGET_STM32F0\device\stm32f0xx_hal_tsc.o
LOAD mbed-dev\targets\TARGET_STM\TARGET_STM32F0\device\stm32f0xx_hal_uart.o
LOAD mbed-dev\targets\TARGET_STM\TARGET_STM32F0\device\stm32f0xx_hal_uart_ex.o
LOAD mbed-dev\targets\TARGET_STM\TARGET_STM32F0\device\stm32f0xx_hal_usart.o
LOAD mbed-dev\targets\TARGET_STM\TARGET_STM32F0\device\stm32f0xx_hal_wwdg.o
LOAD mbed-dev\targets\TARGET_STM\TARGET_STM32F0\device\stm32f0xx_ll_adc.o
LOAD mbed-dev\targets\TARGET_STM\TARGET_STM32F0\device\stm32f0xx_ll_comp.o
LOAD mbed-dev\targets\TARGET_STM\TARGET_STM32F0\device\stm32f0xx_ll_crc.o
LOAD mbed-dev\targets\TARGET_STM\TARGET_STM32F0\device\stm32f0xx_ll_crs.o
LOAD mbed-dev\targets\TARGET_STM\TARGET_STM32F0\device\stm32f0xx_ll_dac.o
LOAD mbed-dev\targets\TARGET_STM\TARGET_STM32F0\device\stm32f0xx_ll_dma.o
LOAD mbed-dev\targets\TARGET_STM\TARGET_STM32F0\device\stm32f0xx_ll_exti.o
LOAD mbed-dev\targets\TARGET_STM\TARGET_STM32F0\device\stm32f0xx_ll_gpio.o
LOAD mbed-dev\targets\TARGET_STM\TARGET_STM32F0\device\stm32f0xx_ll_i2c.o
LOAD mbed-dev\targets\TARGET_STM\TARGET_STM32F0\device\stm32f0xx_ll_pwr.o
LOAD mbed-dev\targets\TARGET_STM\TARGET_STM32F0\device\stm32f0xx_ll_rcc.o
LOAD mbed-dev\targets\TARGET_STM\TARGET_STM32F0\device\stm32f0xx_ll_rtc.o
LOAD mbed-dev\targets\TARGET_STM\TARGET_STM32F0\device\stm32f0xx_ll_spi.o
LOAD mbed-dev\targets\TARGET_STM\TARGET_STM32F0\device\stm32f0xx_ll_tim.o
LOAD mbed-dev\targets\TARGET_STM\TARGET_STM32F0\device\stm32f0xx_ll_usart.o
LOAD mbed-dev\targets\TARGET_STM\TARGET_STM32F0\device\stm32f0xx_ll_utils.o
LOAD mbed-dev\targets\TARGET_STM\TARGET_STM32F0\device\system_stm32f0xx.o
LOAD mbed-dev\targets\TARGET_STM\TARGET_STM32F0\flash_api.o
LOAD mbed-dev\targets\TARGET_STM\TARGET_STM32F0\gpio_irq_device.o
LOAD mbed-dev\targets\TARGET_STM\TARGET_STM32F0\pwmout_device.o
LOAD mbed-dev\targets\TARGET_STM\TARGET_STM32F0\serial_device.o
LOAD mbed-dev\targets\TARGET_STM\TARGET_STM32F0\spi_api.o
LOAD mbed-dev\targets\TARGET_STM\analogin_api.o
LOAD mbed-dev\targets\TARGET_STM\analogout_api.o
LOAD mbed-dev\targets\TARGET_STM\can_api.o
LOAD mbed-dev\targets\TARGET_STM\gpio_api.o
LOAD mbed-dev\targets\TARGET_STM\gpio_irq_api.o
LOAD mbed-dev\targets\TARGET_STM\hal_tick_overrides.o
LOAD mbed-dev\targets\TARGET_STM\i2c_api.o
LOAD mbed-dev\targets\TARGET_STM\lp_ticker.o
LOAD mbed-dev\targets\TARGET_STM\mbed_crc_api.o
LOAD mbed-dev\targets\TARGET_STM\mbed_overrides.o
LOAD mbed-dev\targets\TARGET_STM\pinmap.o
LOAD mbed-dev\targets\TARGET_STM\port_api.o
LOAD mbed-dev\targets\TARGET_STM\pwmout_api.o
LOAD mbed-dev\targets\TARGET_STM\rtc_api.o
LOAD mbed-dev\targets\TARGET_STM\serial_api.o
LOAD mbed-dev\targets\TARGET_STM\sleep.o
LOAD mbed-dev\targets\TARGET_STM\stm_spi_api.o
LOAD mbed-dev\targets\TARGET_STM\trng_api.o
LOAD mbed-dev\targets\TARGET_STM\us_ticker.o
                0x00001000                malloc_getpagesize_P = 0x1000
START GROUP
LOAD c:/truestudio for stm32 9.1.0/armtools/bin/../lib/gcc/arm-atollic-eabi/6.3.1/../../../../arm-atollic-eabi/lib/armv6-m\libstdc++.a
LOAD c:/truestudio for stm32 9.1.0/armtools/bin/../lib/gcc/arm-atollic-eabi/6.3.1/../../../../arm-atollic-eabi/lib/armv6-m\libsupc++.a
END GROUP
LOAD c:/truestudio for stm32 9.1.0/armtools/bin/../lib/gcc/arm-atollic-eabi/6.3.1/../../../../arm-atollic-eabi/lib/armv6-m\libstdc++.a
LOAD c:/truestudio for stm32 9.1.0/armtools/bin/../lib/gcc/arm-atollic-eabi/6.3.1/../../../../arm-atollic-eabi/lib/armv6-m\libm.a
LOAD c:/truestudio for stm32 9.1.0/armtools/bin/../lib/gcc/arm-atollic-eabi/6.3.1/../../../../arm-atollic-eabi/lib/armv6-m\libc.a
START GROUP
LOAD c:/truestudio for stm32 9.1.0/armtools/bin/../lib/gcc/arm-atollic-eabi/6.3.1/armv6-m\libgcc.a
LOAD c:/truestudio for stm32 9.1.0/armtools/bin/../lib/gcc/arm-atollic-eabi/6.3.1/../../../../arm-atollic-eabi/lib/armv6-m\libc.a
END GROUP
START GROUP
LOAD c:/truestudio for stm32 9.1.0/armtools/bin/../lib/gcc/arm-atollic-eabi/6.3.1/armv6-m\libgcc.a
LOAD c:/truestudio for stm32 9.1.0/armtools/bin/../lib/gcc/arm-atollic-eabi/6.3.1/../../../../arm-atollic-eabi/lib/armv6-m\libc.a
LOAD c:/truestudio for stm32 9.1.0/armtools/bin/../lib/gcc/arm-atollic-eabi/6.3.1/../../../../arm-atollic-eabi/lib/armv6-m\libnosys.a
END GROUP
LOAD c:/truestudio for stm32 9.1.0/armtools/bin/../lib/gcc/arm-atollic-eabi/6.3.1/armv6-m/crtend.o
LOAD c:/truestudio for stm32 9.1.0/armtools/bin/../lib/gcc/arm-atollic-eabi/6.3.1/armv6-m/crtn.o

.text           0x08000000     0x5b0c
 *(.isr_vector)
 .isr_vector    0x08000000       0xc0 mbed-dev\targets\TARGET_STM\TARGET_STM32F0\TARGET_NUCLEO_F070RB\device\TOOLCHAIN_GCC_ARM\startup_stm32f070xb.o
                0x08000000                g_pfnVectors
 *(.text)
 .text          0x080000c0       0x48 c:/truestudio for stm32 9.1.0/armtools/bin/../lib/gcc/arm-atollic-eabi/6.3.1/armv6-m/crtbegin.o
 .text          0x08000108       0x14 c:/truestudio for stm32 9.1.0/armtools/bin/../lib/gcc/arm-atollic-eabi/6.3.1/../../../../arm-atollic-eabi/lib/armv6-m\libc.a(lib_a-strcmp.o)
                0x08000108                strcmp
 .text          0x0800011c        0xe c:/truestudio for stm32 9.1.0/armtools/bin/../lib/gcc/arm-atollic-eabi/6.3.1/../../../../arm-atollic-eabi/lib/armv6-m\libc.a(lib_a-strlen.o)
                0x0800011c                strlen
 *fill*         0x0800012a        0x2 
 .text          0x0800012c      0x114 c:/truestudio for stm32 9.1.0/armtools/bin/../lib/gcc/arm-atollic-eabi/6.3.1/armv6-m\libgcc.a(_udivsi3.o)
                0x0800012c                __aeabi_uidiv
                0x0800012c                __udivsi3
                0x08000238                __aeabi_uidivmod
 .text          0x08000240        0x4 c:/truestudio for stm32 9.1.0/armtools/bin/../lib/gcc/arm-atollic-eabi/6.3.1/armv6-m\libgcc.a(_dvmd_tls.o)
                0x08000240                __aeabi_idiv0
                0x08000240                __aeabi_ldiv0
 .text          0x08000244       0x40 c:/truestudio for stm32 9.1.0/armtools/bin/../lib/gcc/arm-atollic-eabi/6.3.1/armv6-m\libgcc.a(_aeabi_uldivmod.o)
                0x08000244                __aeabi_uldivmod
 .text          0x08000284       0x54 c:/truestudio for stm32 9.1.0/armtools/bin/../lib/gcc/arm-atollic-eabi/6.3.1/armv6-m\libgcc.a(_muldi3.o)
                0x08000284                __muldi3
                0x08000284                __aeabi_lmul
 .text          0x080002d8      0x180 c:/truestudio for stm32 9.1.0/armtools/bin/../lib/gcc/arm-atollic-eabi/6.3.1/armv6-m\libgcc.a(_udivmoddi4.o)
                0x080002d8                __udivmoddi4
 .text          0x08000458       0x3c c:/truestudio for stm32 9.1.0/armtools/bin/../lib/gcc/arm-atollic-eabi/6.3.1/armv6-m\libgcc.a(_clzsi2.o)
                0x08000458                __clzsi2
 .text          0x08000494       0x18 c:/truestudio for stm32 9.1.0/armtools/bin/../lib/gcc/arm-atollic-eabi/6.3.1/armv6-m\libgcc.a(_clzdi2.o)
                0x08000494                __clzdi2
 *(.text*)
 .text._ZN4mbed8CallbackIFvvEE13function_callIPS1_EEvPKv
                0x080004ac        0x8 main.o
                0x080004ac                void mbed::Callback<void ()>::function_call<void (*)()>(void const*)
 .text._ZN4mbed8CallbackIFvvEE13function_moveIPS1_EEvPvPKv
                0x080004b4        0xa main.o
                0x080004b4                void mbed::Callback<void ()>::function_move<void (*)()>(void*, void const*)
 .text._ZN4mbed8CallbackIFvvEE13function_dtorIPS1_EEvPv
                0x080004be        0x2 main.o
                0x080004be                void mbed::Callback<void ()>::function_dtor<void (*)()>(void*)
 .text._Z10EnviaDatosv
                0x080004c0       0x58 main.o
                0x080004c0                EnviaDatos()
 .text._ZN4mbed6SerialD2Ev
                0x08000518       0x4c main.o
                0x08000518                mbed::Serial::~Serial()
                0x08000518                mbed::Serial::~Serial()
                0x08000544                non-virtual thunk to mbed::Serial::~Serial()
                0x08000554                non-virtual thunk to mbed::Serial::~Serial()
 .text._ZN4mbed6TickerD2Ev
                0x08000564       0x28 main.o
                0x08000564                mbed::Ticker::~Ticker()
                0x08000564                mbed::Ticker::~Ticker()
 .text._Z41__static_initialization_and_destruction_0ii
                0x0800058c       0xdc main.o
 .text._ZN4mbed6TickerD0Ev
                0x08000668       0x30 main.o
                0x08000668                mbed::Ticker::~Ticker()
 .text._Z5Resetv
                0x08000698       0x44 main.o
                0x08000698                Reset()
 .text.main     0x080006dc       0xd8 main.o
                0x080006dc                main
 .text._Z13RedirigeSenalcc
                0x080007b4       0x38 main.o
                0x080007b4                RedirigeSenal(char, char)
 .text._Z14ActualizaSenalv
                0x080007ec       0x80 main.o
                0x080007ec                ActualizaSenal()
 .text._Z5myirqv
                0x0800086c       0x80 main.o
                0x0800086c                myirq()
 .text._ZN4mbed6SerialD0Ev
                0x080008ec       0x50 main.o
                0x080008ec                mbed::Serial::~Serial()
                0x0800091c                non-virtual thunk to mbed::Serial::~Serial()
                0x0800092c                non-virtual thunk to mbed::Serial::~Serial()
 .text._GLOBAL__sub_I_timer1
                0x0800093c       0x10 main.o
 .text._ZN4mbed14CircularBufferINS_11TransactionINS_3SPIEEELm2EmED2Ev
                0x0800094c       0x26 mbed-dev\drivers\SPI.o
                0x0800094c                mbed::CircularBuffer<mbed::Transaction<mbed::SPI>, 2ul, unsigned long>::~CircularBuffer()
                0x0800094c                mbed::CircularBuffer<mbed::Transaction<mbed::SPI>, 2ul, unsigned long>::~CircularBuffer()
 *fill*         0x08000972        0x2 
 .text._Z41__static_initialization_and_destruction_0ii
                0x08000974       0x5c mbed-dev\drivers\SPI.o
 .text._GLOBAL__sub_I__ZN4mbed3SPI19_transaction_bufferE
                0x080009d0       0x10 mbed-dev\drivers\SPI.o
 .text._ZN4mbed10FileHandle5lseekEli
                0x080009e0        0xa mbed-dev\drivers\Serial.o
                0x080009e0                mbed::FileHandle::lseek(long, int)
 .text._ZN4mbed10FileHandle5fsyncEv
                0x080009ea        0xa mbed-dev\drivers\Serial.o
                0x080009ea                mbed::FileHandle::fsync()
 .text._ZN4mbed10FileHandle4flenEv
                0x080009f4        0xa mbed-dev\drivers\Serial.o
                0x080009f4                mbed::FileHandle::flen()
 .text._ZN4mbed10FileHandle12set_blockingEb
                0x080009fe        0xe mbed-dev\drivers\Serial.o
                0x080009fe                mbed::FileHandle::set_blocking(bool)
 .text._ZNK4mbed10FileHandle11is_blockingEv
                0x08000a0c        0x4 mbed-dev\drivers\Serial.o
                0x08000a0c                mbed::FileHandle::is_blocking() const
 .text._ZNK4mbed10FileHandle4pollEs
                0x08000a10        0x4 mbed-dev\drivers\Serial.o
                0x08000a10                mbed::FileHandle::poll(short) const
 .text._ZN4mbed10FileHandle5sigioENS_8CallbackIFvvEEE
                0x08000a14        0x2 mbed-dev\drivers\Serial.o
                0x08000a14                mbed::FileHandle::sigio(mbed::Callback<void ()>)
 .text._ZN4mbed6Serial4lockEv
                0x08000a16        0x2 mbed-dev\drivers\Serial.o
                0x08000a16                mbed::Serial::lock()
 .text._ZThn188_N4mbed6Serial4lockEv
                0x08000a18       0x10 mbed-dev\drivers\Serial.o
                0x08000a18                non-virtual thunk to mbed::Serial::lock()
 .text._ZN4mbed6Serial6unlockEv
                0x08000a28        0x2 mbed-dev\drivers\Serial.o
                0x08000a28                mbed::Serial::unlock()
 *fill*         0x08000a2a        0x2 
 .text._ZThn188_N4mbed6Serial6unlockEv
                0x08000a2c       0x10 mbed-dev\drivers\Serial.o
                0x08000a2c                non-virtual thunk to mbed::Serial::unlock()
 .text._ZN4mbed6Serial5_getcEv
                0x08000a3c        0x8 mbed-dev\drivers\Serial.o
                0x08000a3c                mbed::Serial::_getc()
 .text._ZThn188_N4mbed6Serial5_getcEv
                0x08000a44       0x10 mbed-dev\drivers\Serial.o
                0x08000a44                non-virtual thunk to mbed::Serial::_getc()
 .text._ZN4mbed6Serial5_putcEi
                0x08000a54        0x8 mbed-dev\drivers\Serial.o
                0x08000a54                mbed::Serial::_putc(int)
 .text._ZThn188_N4mbed6Serial5_putcEi
                0x08000a5c       0x10 mbed-dev\drivers\Serial.o
                0x08000a5c                non-virtual thunk to mbed::Serial::_putc(int)
 .text._ZN4mbed6SerialC2E7PinNameS1_PKci
                0x08000a6c       0x34 mbed-dev\drivers\Serial.o
                0x08000a6c                mbed::Serial::Serial(PinName, PinName, char const*, int)
                0x08000a6c                mbed::Serial::Serial(PinName, PinName, char const*, int)
 .text._ZN4mbed10SerialBase12_irq_handlerEm9SerialIrq
                0x08000aa0       0x1c mbed-dev\drivers\SerialBase.o
                0x08000aa0                mbed::SerialBase::_irq_handler(unsigned long, SerialIrq)
 .text._ZN4mbed10SerialBase4lockEv
                0x08000abc        0x2 mbed-dev\drivers\SerialBase.o
                0x08000abc                mbed::SerialBase::lock()
 .text._ZN4mbed10SerialBase6unlockEv
                0x08000abe        0x2 mbed-dev\drivers\SerialBase.o
                0x08000abe                mbed::SerialBase::unlock()
 .text._ZN6CThunkIN4mbed10SerialBaseEE10trampolineEPS1_PvPMS1_FvS4_E
                0x08000ac0       0x28 mbed-dev\drivers\SerialBase.o
                0x08000ac0                CThunk<mbed::SerialBase>::trampoline(mbed::SerialBase*, void*, void (mbed::SerialBase::**)(void*))
 .text._ZN4mbed10SerialBaseC2E7PinNameS1_i
                0x08000ae8      0x11c mbed-dev\drivers\SerialBase.o
                0x08000ae8                mbed::SerialBase::SerialBase(PinName, PinName, int)
                0x08000ae8                mbed::SerialBase::SerialBase(PinName, PinName, int)
 .text._ZN4mbed10SerialBase8readableEv
                0x08000c04       0x20 mbed-dev\drivers\SerialBase.o
                0x08000c04                mbed::SerialBase::readable()
 .text._ZN4mbed10SerialBase6attachENS_8CallbackIFvvEEENS0_7IrqTypeE
                0x08000c24       0xd2 mbed-dev\drivers\SerialBase.o
                0x08000c24                mbed::SerialBase::attach(mbed::Callback<void ()>, mbed::SerialBase::IrqType)
 *fill*         0x08000cf6        0x2 
 .text._ZN4mbed10SerialBaseD2Ev
                0x08000cf8       0x80 mbed-dev\drivers\SerialBase.o
                0x08000cf8                mbed::SerialBase::~SerialBase()
                0x08000cf8                mbed::SerialBase::~SerialBase()
 .text._ZN4mbed10SerialBaseD0Ev
                0x08000d78       0x12 mbed-dev\drivers\SerialBase.o
                0x08000d78                mbed::SerialBase::~SerialBase()
 .text._ZN4mbed10SerialBase10_base_getcEv
                0x08000d8a        0xa mbed-dev\drivers\SerialBase.o
                0x08000d8a                mbed::SerialBase::_base_getc()
 .text._ZN4mbed10SerialBase10_base_putcEi
                0x08000d94        0xe mbed-dev\drivers\SerialBase.o
                0x08000d94                mbed::SerialBase::_base_putc(int)
 .text._ZN4mbed6Ticker7handlerEv
                0x08000da2       0x26 mbed-dev\drivers\Ticker.o
                0x08000da2                mbed::Ticker::handler()
 .text._ZN4mbed6Ticker6detachEv
                0x08000dc8       0x6c mbed-dev\drivers\Ticker.o
                0x08000dc8                mbed::Ticker::detach()
 .text._ZN4mbed6Ticker5setupEy
                0x08000e34       0x30 mbed-dev\drivers\Ticker.o
                0x08000e34                mbed::Ticker::setup(unsigned long long)
 .text._ZN4mbed10TimerEvent3irqEm
                0x08000e64        0xa mbed-dev\drivers\TimerEvent.o
                0x08000e64                mbed::TimerEvent::irq(unsigned long)
 *fill*         0x08000e6e        0x2 
 .text._ZN4mbed10TimerEventC2Ev
                0x08000e70       0x30 mbed-dev\drivers\TimerEvent.o
                0x08000e70                mbed::TimerEvent::TimerEvent()
                0x08000e70                mbed::TimerEvent::TimerEvent()
 .text._ZN4mbed10TimerEvent15insert_absoluteEy
                0x08000ea0       0x16 mbed-dev\drivers\TimerEvent.o
                0x08000ea0                mbed::TimerEvent::insert_absolute(unsigned long long)
 .text._ZN4mbed10TimerEvent6removeEv
                0x08000eb6        0xe mbed-dev\drivers\TimerEvent.o
                0x08000eb6                mbed::TimerEvent::remove()
 .text._ZN4mbed10TimerEventD2Ev
                0x08000ec4       0x18 mbed-dev\drivers\TimerEvent.o
                0x08000ec4                mbed::TimerEvent::~TimerEvent()
                0x08000ec4                mbed::TimerEvent::~TimerEvent()
 .text._ZN4mbed10FileHandle4tellEv
                0x08000edc        0xe mbed-dev\drivers\UARTSerial.o
                0x08000edc                mbed::FileHandle::tell()
 .text._ZN4mbed10FileHandle6rewindEv
                0x08000eea        0xe mbed-dev\drivers\UARTSerial.o
                0x08000eea                mbed::FileHandle::rewind()
 .text.are_interrupts_enabled
                0x08000ef8       0x10 mbed-dev\hal\mbed_critical_section_api.o
 .text.hal_critical_section_enter
                0x08000f08       0x24 mbed-dev\hal\mbed_critical_section_api.o
                0x08000f08                hal_critical_section_enter
 .text.hal_critical_section_exit
                0x08000f2c       0x1c mbed-dev\hal\mbed_critical_section_api.o
                0x08000f2c                hal_critical_section_exit
 .text.gpio_init_out_ex
                0x08000f48       0x34 mbed-dev\hal\mbed_gpio.o
                0x08000f48                gpio_init_out_ex
 .text.gpio_init_out
                0x08000f7c        0xa mbed-dev\hal\mbed_gpio.o
                0x08000f7c                gpio_init_out
 *fill*         0x08000f86        0x2 
 .text.pinmap_pinout
                0x08000f88       0x44 mbed-dev\hal\mbed_pinmap_common.o
                0x08000f88                pinmap_pinout
 .text.pinmap_merge
                0x08000fcc       0x30 mbed-dev\hal\mbed_pinmap_common.o
                0x08000fcc                pinmap_merge
 .text.pinmap_find_peripheral
                0x08000ffc       0x1a mbed-dev\hal\mbed_pinmap_common.o
                0x08000ffc                pinmap_find_peripheral
 *fill*         0x08001016        0x2 
 .text.pinmap_peripheral
                0x08001018       0x30 mbed-dev\hal\mbed_pinmap_common.o
                0x08001018                pinmap_peripheral
 .text.sleep_manager_lock_deep_sleep_internal
                0x08001048       0x44 mbed-dev\hal\mbed_sleep_manager.o
                0x08001048                sleep_manager_lock_deep_sleep_internal
 .text.sleep_manager_unlock_deep_sleep_internal
                0x0800108c       0x40 mbed-dev\hal\mbed_sleep_manager.o
                0x0800108c                sleep_manager_unlock_deep_sleep_internal
 .text.set_handler
                0x080010cc        0x6 mbed-dev\hal\mbed_ticker_api.o
 *fill*         0x080010d2        0x2 
 .text.update_present_time
                0x080010d4      0x15c mbed-dev\hal\mbed_ticker_api.o
 .text.compute_tick
                0x08001230       0x94 mbed-dev\hal\mbed_ticker_api.o
 .text._ticker_match_interval_passed
                0x080012c4       0x2c mbed-dev\hal\mbed_ticker_api.o
                0x080012c4                _ticker_match_interval_passed
 .text.schedule_interrupt
                0x080012f0       0x84 mbed-dev\hal\mbed_ticker_api.o
 .text.initialize
                0x08001374      0x100 mbed-dev\hal\mbed_ticker_api.o
 .text.ticker_set_handler
                0x08001474       0x1c mbed-dev\hal\mbed_ticker_api.o
                0x08001474                ticker_set_handler
 .text.ticker_irq_handler
                0x08001490       0x60 mbed-dev\hal\mbed_ticker_api.o
                0x08001490                ticker_irq_handler
 .text.ticker_insert_event_us
                0x080014f0       0x54 mbed-dev\hal\mbed_ticker_api.o
                0x080014f0                ticker_insert_event_us
 .text.ticker_remove_event
                0x08001544       0x36 mbed-dev\hal\mbed_ticker_api.o
                0x08001544                ticker_remove_event
 .text.ticker_read_us
                0x0800157a       0x1e mbed-dev\hal\mbed_ticker_api.o
                0x0800157a                ticker_read_us
 .text.ticker_read
                0x08001598        0x8 mbed-dev\hal\mbed_ticker_api.o
                0x08001598                ticker_read
 .text.get_us_ticker_data
                0x080015a0        0x8 mbed-dev\hal\mbed_us_ticker_api.o
                0x080015a0                get_us_ticker_data
 .text.us_ticker_irq_handler
                0x080015a8       0x18 mbed-dev\hal\mbed_us_ticker_api.o
                0x080015a8                us_ticker_irq_handler
 .text._ZN4mbed8FileBaseC2EPKcNS_8PathTypeE
                0x080015c0       0x48 mbed-dev\platform\FileBase.o
                0x080015c0                mbed::FileBase::FileBase(char const*, mbed::PathType)
                0x080015c0                mbed::FileBase::FileBase(char const*, mbed::PathType)
 .text._ZN4mbed8FileBase6lookupEPKcj
                0x08001608       0x78 mbed-dev\platform\FileBase.o
                0x08001608                mbed::FileBase::lookup(char const*, unsigned int)
 .text._ZN4mbed8FileBase11getPathTypeEv
                0x08001680        0x4 mbed-dev\platform\FileBase.o
                0x08001680                mbed::FileBase::getPathType()
 .text._ZN4mbed8FileBaseD2Ev
                0x08001684       0x6c mbed-dev\platform\FileBase.o
                0x08001684                mbed::FileBase::~FileBase()
                0x08001684                mbed::FileBase::~FileBase()
 .text._ZN4mbed8FileBaseD0Ev
                0x080016f0       0x12 mbed-dev\platform\FileBase.o
                0x080016f0                mbed::FileBase::~FileBase()
 .text._ZN4mbed10FileHandle4syncEv
                0x08001702        0x4 mbed-dev\platform\FileHandle.o
                0x08001702                mbed::FileHandle::sync()
 .text._ZN4mbed10FileHandle6isattyEv
                0x08001706        0x4 mbed-dev\platform\FileHandle.o
                0x08001706                mbed::FileHandle::isatty()
 .text._ZN4mbed10FileHandle4sizeEv
                0x0800170a       0x32 mbed-dev\platform\FileHandle.o
                0x0800170a                mbed::FileHandle::size()
 .text._ZN4mbed8FilePathC2EPKc
                0x0800173c       0x40 mbed-dev\platform\FilePath.o
                0x0800173c                mbed::FilePath::FilePath(char const*)
                0x0800173c                mbed::FilePath::FilePath(char const*)
 .text._ZN4mbed8FilePath8fileNameEv
                0x0800177c        0x4 mbed-dev\platform\FilePath.o
                0x0800177c                mbed::FilePath::fileName()
 .text._ZN4mbed8FilePath12isFileSystemEv
                0x08001780       0x1a mbed-dev\platform\FilePath.o
                0x08001780                mbed::FilePath::isFileSystem()
 .text._ZN4mbed8FilePath10fileSystemEv
                0x0800179a       0x1e mbed-dev\platform\FilePath.o
                0x0800179a                mbed::FilePath::fileSystem()
 .text._ZN4mbed8FilePath6isFileEv
                0x080017b8       0x18 mbed-dev\platform\FilePath.o
                0x080017b8                mbed::FilePath::isFile()
 .text._ZN4mbed8FilePath4fileEv
                0x080017d0       0x1e mbed-dev\platform\FilePath.o
                0x080017d0                mbed::FilePath::file()
 .text._ZN4mbed8FilePath6existsEv
                0x080017ee        0xa mbed-dev\platform\FilePath.o
                0x080017ee                mbed::FilePath::exists()
 .text._ZN4mbed6Stream4lockEv
                0x080017f8        0x2 mbed-dev\platform\Stream.o
                0x080017f8                mbed::Stream::lock()
 .text._ZN4mbed6Stream6unlockEv
                0x080017fa        0x2 mbed-dev\platform\Stream.o
                0x080017fa                mbed::Stream::unlock()
 .text._ZN4mbed6Stream5closeEv
                0x080017fc        0x4 mbed-dev\platform\Stream.o
                0x080017fc                mbed::Stream::close()
 .text._ZN4mbed6Stream5writeEPKvj
                0x08001800       0x42 mbed-dev\platform\Stream.o
                0x08001800                mbed::Stream::write(void const*, unsigned int)
 .text._ZN4mbed6Stream4readEPvj
                0x08001842       0x32 mbed-dev\platform\Stream.o
                0x08001842                mbed::Stream::read(void*, unsigned int)
 .text._ZN4mbed6Stream4seekEli
                0x08001874        0x4 mbed-dev\platform\Stream.o
                0x08001874                mbed::Stream::seek(long, int)
 .text._ZN4mbed6Stream4tellEv
                0x08001878        0x4 mbed-dev\platform\Stream.o
                0x08001878                mbed::Stream::tell()
 .text._ZN4mbed6Stream6rewindEv
                0x0800187c        0x2 mbed-dev\platform\Stream.o
                0x0800187c                mbed::Stream::rewind()
 .text._ZN4mbed6Stream6isattyEv
                0x0800187e        0x4 mbed-dev\platform\Stream.o
                0x0800187e                mbed::Stream::isatty()
 .text._ZN4mbed6Stream4syncEv
                0x08001882        0x4 mbed-dev\platform\Stream.o
                0x08001882                mbed::Stream::sync()
 .text._ZN4mbed6Stream4sizeEv
                0x08001886        0x4 mbed-dev\platform\Stream.o
                0x08001886                mbed::Stream::size()
 *fill*         0x0800188a        0x2 
 .text._ZN4mbed6StreamC2EPKc
                0x0800188c       0x58 mbed-dev\platform\Stream.o
                0x0800188c                mbed::Stream::Stream(char const*)
                0x0800188c                mbed::Stream::Stream(char const*)
 .text._ZN4mbed6StreamD2Ev
                0x080018e4       0x30 mbed-dev\platform\Stream.o
                0x080018e4                mbed::Stream::~Stream()
                0x080018e4                mbed::Stream::~Stream()
 .text._ZN4mbed6Stream4putcEi
                0x08001914       0x28 mbed-dev\platform\Stream.o
                0x08001914                mbed::Stream::putc(int)
 .text._ZN4mbed6Stream4getcEv
                0x0800193c       0x24 mbed-dev\platform\Stream.o
                0x0800193c                mbed::Stream::getc()
 .text.mbed_die
                0x08001960       0x5a mbed-dev\platform\mbed_board.o
                0x08001960                mbed_die
 .text.core_util_are_interrupts_enabled
                0x080019ba       0x10 mbed-dev\platform\mbed_critical.o
                0x080019ba                core_util_are_interrupts_enabled
 .text.core_util_is_isr_active
                0x080019ca        0xc mbed-dev\platform\mbed_critical.o
                0x080019ca                core_util_is_isr_active
 *fill*         0x080019d6        0x2 
 .text.core_util_critical_section_enter
                0x080019d8       0x14 mbed-dev\platform\mbed_critical.o
                0x080019d8                core_util_critical_section_enter
 .text.core_util_critical_section_exit
                0x080019ec       0x24 mbed-dev\platform\mbed_critical.o
                0x080019ec                core_util_critical_section_exit
 .text.core_util_atomic_incr_u16
                0x08001a10       0x1a mbed-dev\platform\mbed_critical.o
                0x08001a10                core_util_atomic_incr_u16
 .text.core_util_atomic_decr_u16
                0x08001a2a       0x1a mbed-dev\platform\mbed_critical.o
                0x08001a2a                core_util_atomic_decr_u16
 .text.handle_error
                0x08001a44       0x80 mbed-dev\platform\mbed_error.o
 .text.mbed_halt_system
                0x08001ac4       0x1c mbed-dev\platform\mbed_error.o
 .text.error    0x08001ae0       0x38 mbed-dev\platform\mbed_error.o
                0x08001ae0                error
 .text.mbed_error
                0x08001b18       0x24 mbed-dev\platform\mbed_error.o
                0x08001b18                mbed_error
 .text._ZN12DirectSerial4seekEli
                0x08001b3c        0x6 mbed-dev\platform\mbed_retarget.o
                0x08001b3c                DirectSerial::seek(long, int)
 .text._ZN12DirectSerial4sizeEv
                0x08001b42        0x6 mbed-dev\platform\mbed_retarget.o
                0x08001b42                DirectSerial::size()
 .text._ZN12DirectSerial6isattyEv
                0x08001b48        0x4 mbed-dev\platform\mbed_retarget.o
                0x08001b48                DirectSerial::isatty()
 .text._ZN12DirectSerial5closeEv
                0x08001b4c        0x4 mbed-dev\platform\mbed_retarget.o
                0x08001b4c                DirectSerial::close()
 .text._ZL12convert_crlfi
                0x08001b50        0x4 mbed-dev\platform\mbed_retarget.o
 .text._ZN12DirectSerialD2Ev
                0x08001b54        0x2 mbed-dev\platform\mbed_retarget.o
                0x08001b54                DirectSerial::~DirectSerial()
                0x08001b54                DirectSerial::~DirectSerial()
 *fill*         0x08001b56        0x2 
 .text._ZN12DirectSerial5writeEPKvj
                0x08001b58       0x20 mbed-dev\platform\mbed_retarget.o
                0x08001b58                DirectSerial::write(void const*, unsigned int)
 .text._ZN12DirectSerial4readEPvj
                0x08001b78       0x1c mbed-dev\platform\mbed_retarget.o
                0x08001b78                DirectSerial::read(void*, unsigned int)
 .text._ZNK12DirectSerial4pollEs
                0x08001b94       0x50 mbed-dev\platform\mbed_retarget.o
                0x08001b94                DirectSerial::poll(short) const
 .text._ZL14unbind_from_fdiPN4mbed10FileHandleE
                0x08001be4       0x2c mbed-dev\platform\mbed_retarget.o
 .text._ZL18handle_open_errorsij
                0x08001c10       0x20 mbed-dev\platform\mbed_retarget.o
 .text._ZL18reserve_filehandlev
                0x08001c30       0x6c mbed-dev\platform\mbed_retarget.o
 .text._ZN4mbed17remove_filehandleEPNS_10FileHandleE
                0x08001c9c       0x48 mbed-dev\platform\mbed_retarget.o
                0x08001c9c                mbed::remove_filehandle(mbed::FileHandle*)
 .text._ZN12DirectSerialC2E7PinNameS0_i
                0x08001ce4       0x38 mbed-dev\platform\mbed_retarget.o
                0x08001ce4                DirectSerial::DirectSerial(PinName, PinName, int)
                0x08001ce4                DirectSerial::DirectSerial(PinName, PinName, int)
 .text._ZL15default_consolev
                0x08001d1c       0x40 mbed-dev\platform\mbed_retarget.o
 .text._ZN4mbed28mbed_target_override_consoleEi
                0x08001d5c        0x4 mbed-dev\platform\mbed_retarget.o
                0x08001d5c                mbed::mbed_target_override_console(int)
 .text._ZN4mbed21mbed_override_consoleEi
                0x08001d60        0x4 mbed-dev\platform\mbed_retarget.o
                0x08001d60                mbed::mbed_override_console(int)
 .text._ZL11get_consolei
                0x08001d64       0x1e mbed-dev\platform\mbed_retarget.o
 *fill*         0x08001d82        0x2 
 .text._ZL7get_fhci
                0x08001d84       0x30 mbed-dev\platform\mbed_retarget.o
 .text._ZN4mbed10bind_to_fdEPNS_10FileHandleE
                0x08001db4       0x2c mbed-dev\platform\mbed_retarget.o
                0x08001db4                mbed::bind_to_fd(mbed::FileHandle*)
 .text.open     0x08001de0       0xa8 mbed-dev\platform\mbed_retarget.o
                0x08001de0                open
 .text._open    0x08001e88       0x7c mbed-dev\platform\mbed_retarget.o
                0x08001e88                _open
 .text.close    0x08001f04       0x44 mbed-dev\platform\mbed_retarget.o
                0x08001f04                close
 .text._close   0x08001f48        0x8 mbed-dev\platform\mbed_retarget.o
                0x08001f48                _close
 .text.write    0x08001f50       0x3c mbed-dev\platform\mbed_retarget.o
                0x08001f50                write
 .text._write   0x08001f8c       0xdc mbed-dev\platform\mbed_retarget.o
                0x08001f8c                _write
 .text.read     0x08002068       0x3c mbed-dev\platform\mbed_retarget.o
                0x08002068                read
 .text._read    0x080020a4       0xa0 mbed-dev\platform\mbed_retarget.o
                0x080020a4                _read
 .text.isatty   0x08002144       0x30 mbed-dev\platform\mbed_retarget.o
                0x08002144                isatty
 .text._isatty  0x08002174        0x8 mbed-dev\platform\mbed_retarget.o
                0x08002174                _isatty
 .text.lseek    0x0800217c       0x3c mbed-dev\platform\mbed_retarget.o
                0x0800217c                lseek
 .text._lseek   0x080021b8        0x8 mbed-dev\platform\mbed_retarget.o
                0x080021b8                _lseek
 .text.fstat    0x080021c0       0x3e mbed-dev\platform\mbed_retarget.o
                0x080021c0                fstat
 .text._fstat   0x080021fe        0x8 mbed-dev\platform\mbed_retarget.o
                0x080021fe                _fstat
 .text.__cxa_pure_virtual
                0x08002206        0x8 mbed-dev\platform\mbed_retarget.o
                0x08002206                __cxa_pure_virtual
 *fill*         0x0800220e        0x2 
 .text._sbrk    0x08002210       0x50 mbed-dev\platform\mbed_retarget.o
                0x08002210                _sbrk
 .text._exit    0x08002260       0x28 mbed-dev\platform\mbed_retarget.o
                0x08002260                _exit
 .text.__aeabi_atexit
                0x08002288        0x4 mbed-dev\platform\mbed_retarget.o
                0x08002288                __aeabi_atexit
 .text._ZN4mbed26mbed_set_unbuffered_streamEP7__sFILE
                0x0800228c        0xa mbed-dev\platform\mbed_retarget.o
                0x0800228c                mbed::mbed_set_unbuffered_stream(__sFILE*)
 .text.fdopen   0x08002296       0x4c mbed-dev\platform\mbed_retarget.o
                0x08002296                fdopen
 .text._ZN4mbed6fdopenEPNS_10FileHandleEPKc
                0x080022e2       0x2a mbed-dev\platform\mbed_retarget.o
                0x080022e2                mbed::fdopen(mbed::FileHandle*, char const*)
 .text._ZN4mbed9mbed_getcEP7__sFILE
                0x0800230c        0x8 mbed-dev\platform\mbed_retarget.o
                0x0800230c                mbed::mbed_getc(__sFILE*)
 .text.__rtos_malloc_lock
                0x08002314        0x2 mbed-dev\platform\mbed_retarget.o
                0x08002314                __rtos_malloc_lock
 .text.__rtos_malloc_unlock
                0x08002316        0x2 mbed-dev\platform\mbed_retarget.o
                0x08002316                __rtos_malloc_unlock
 .text.__malloc_lock
                0x08002318        0x8 mbed-dev\platform\mbed_retarget.o
                0x08002318                __malloc_lock
 .text.__malloc_unlock
                0x08002320        0x8 mbed-dev\platform\mbed_retarget.o
                0x08002320                __malloc_unlock
 .text._ZdlPv   0x08002328        0x8 mbed-dev\platform\mbed_retarget.o
                0x08002328                operator delete(void*)
 .text._ZN12DirectSerialD0Ev
                0x08002330        0xc mbed-dev\platform\mbed_retarget.o
                0x08002330                DirectSerial::~DirectSerial()
 .text.software_init_hook_rtos
                0x0800233c        0x2 mbed-dev\platform\mbed_sdk_boot.o
                0x0800233c                software_init_hook_rtos
 .text.software_init_hook
                0x0800233e        0xc mbed-dev\platform\mbed_sdk_boot.o
                0x0800233e                software_init_hook
 .text.wait_us  0x0800234a       0x1e mbed-dev\platform\mbed_wait_api_no_rtos.o
                0x0800234a                wait_us
 .text.wait_ms  0x08002368        0xe mbed-dev\platform\mbed_wait_api_no_rtos.o
                0x08002368                wait_ms
 *fill*         0x08002376        0x2 
 .text.Reset_Handler
                0x08002378       0x54 mbed-dev\targets\TARGET_STM\TARGET_STM32F0\TARGET_NUCLEO_F070RB\device\TOOLCHAIN_GCC_ARM\startup_stm32f070xb.o
                0x08002378                Reset_Handler
 .text.Default_Handler
                0x080023cc        0x2 mbed-dev\targets\TARGET_STM\TARGET_STM32F0\TARGET_NUCLEO_F070RB\device\TOOLCHAIN_GCC_ARM\startup_stm32f070xb.o
                0x080023cc                TIM1_CC_IRQHandler
                0x080023cc                HardFault_Handler
                0x080023cc                TIM6_IRQHandler
                0x080023cc                SysTick_Handler
                0x080023cc                PendSV_Handler
                0x080023cc                NMI_Handler
                0x080023cc                I2C1_IRQHandler
                0x080023cc                SPI1_IRQHandler
                0x080023cc                USART3_4_IRQHandler
                0x080023cc                EXTI2_3_IRQHandler
                0x080023cc                ADC1_IRQHandler
                0x080023cc                I2C2_IRQHandler
                0x080023cc                TIM17_IRQHandler
                0x080023cc                RTC_IRQHandler
                0x080023cc                TIM16_IRQHandler
                0x080023cc                TIM3_IRQHandler
                0x080023cc                EXTI4_15_IRQHandler
                0x080023cc                RCC_IRQHandler
                0x080023cc                DMA1_Channel1_IRQHandler
                0x080023cc                Default_Handler
                0x080023cc                TIM14_IRQHandler
                0x080023cc                DMA1_Channel4_5_IRQHandler
                0x080023cc                TIM7_IRQHandler
                0x080023cc                TIM15_IRQHandler
                0x080023cc                EXTI0_1_IRQHandler
                0x080023cc                USB_IRQHandler
                0x080023cc                SPI2_IRQHandler
                0x080023cc                SVC_Handler
                0x080023cc                WWDG_IRQHandler
                0x080023cc                DMA1_Channel2_3_IRQHandler
                0x080023cc                USART2_IRQHandler
                0x080023cc                FLASH_IRQHandler
                0x080023cc                USART1_IRQHandler
                0x080023cc                TIM1_BRK_UP_TRG_COM_IRQHandler
 *fill*         0x080023ce        0x2 
 .text.NVIC_SetVector
                0x080023d0       0x4c mbed-dev\targets\TARGET_STM\TARGET_STM32F0\TARGET_NUCLEO_F070RB\device\cmsis_nvic.o
                0x080023d0                NVIC_SetVector
 .text.SystemInit
                0x0800241c       0x6c mbed-dev\targets\TARGET_STM\TARGET_STM32F0\TARGET_NUCLEO_F070RB\device\system_clock.o
                0x0800241c                SystemInit
 .text.SetSysClock_PLL_HSE
                0x08002488       0x84 mbed-dev\targets\TARGET_STM\TARGET_STM32F0\TARGET_NUCLEO_F070RB\device\system_clock.o
                0x08002488                SetSysClock_PLL_HSE
 .text.SetSysClock_PLL_HSI
                0x0800250c       0x5e mbed-dev\targets\TARGET_STM\TARGET_STM32F0\TARGET_NUCLEO_F070RB\device\system_clock.o
                0x0800250c                SetSysClock_PLL_HSI
 *fill*         0x0800256a        0x2 
 .text.SetSysClock
                0x0800256c       0x24 mbed-dev\targets\TARGET_STM\TARGET_STM32F0\TARGET_NUCLEO_F070RB\device\system_clock.o
                0x0800256c                SetSysClock
 .text.HAL_MspInit
                0x08002590        0x2 mbed-dev\targets\TARGET_STM\TARGET_STM32F0\device\stm32f0xx_hal.o
                0x08002590                HAL_MspInit
 *fill*         0x08002592        0x2 
 .text.HAL_Init
                0x08002594       0x20 mbed-dev\targets\TARGET_STM\TARGET_STM32F0\device\stm32f0xx_hal.o
                0x08002594                HAL_Init
 .text.HAL_RCC_OscConfig
                0x080025b4      0x460 mbed-dev\targets\TARGET_STM\TARGET_STM32F0\device\stm32f0xx_hal_rcc.o
                0x080025b4                HAL_RCC_OscConfig
 .text.HAL_RCC_GetSysClockFreq
                0x08002a14       0x74 mbed-dev\targets\TARGET_STM\TARGET_STM32F0\device\stm32f0xx_hal_rcc.o
                0x08002a14                HAL_RCC_GetSysClockFreq
 .text.HAL_RCC_ClockConfig
                0x08002a88      0x154 mbed-dev\targets\TARGET_STM\TARGET_STM32F0\device\stm32f0xx_hal_rcc.o
                0x08002a88                HAL_RCC_ClockConfig
 .text.HAL_RCC_GetHCLKFreq
                0x08002bdc        0xc mbed-dev\targets\TARGET_STM\TARGET_STM32F0\device\stm32f0xx_hal_rcc.o
                0x08002bdc                HAL_RCC_GetHCLKFreq
 .text.HAL_RCC_GetPCLK1Freq
                0x08002be8       0x20 mbed-dev\targets\TARGET_STM\TARGET_STM32F0\device\stm32f0xx_hal_rcc.o
                0x08002be8                HAL_RCC_GetPCLK1Freq
 .text.HAL_TIM_Base_MspInit
                0x08002c08        0x2 mbed-dev\targets\TARGET_STM\TARGET_STM32F0\device\stm32f0xx_hal_tim.o
                0x08002c08                HAL_TIM_Base_MspInit
 .text.HAL_TIM_Base_Start
                0x08002c0a       0x18 mbed-dev\targets\TARGET_STM\TARGET_STM32F0\device\stm32f0xx_hal_tim.o
                0x08002c0a                HAL_TIM_Base_Start
 *fill*         0x08002c22        0x2 
 .text.TIM_Base_SetConfig
                0x08002c24       0x94 mbed-dev\targets\TARGET_STM\TARGET_STM32F0\device\stm32f0xx_hal_tim.o
                0x08002c24                TIM_Base_SetConfig
 .text.HAL_TIM_Base_Init
                0x08002cb8       0x34 mbed-dev\targets\TARGET_STM\TARGET_STM32F0\device\stm32f0xx_hal_tim.o
                0x08002cb8                HAL_TIM_Base_Init
 .text.TIM_CCxChannelCmd
                0x08002cec       0x16 mbed-dev\targets\TARGET_STM\TARGET_STM32F0\device\stm32f0xx_hal_tim.o
                0x08002cec                TIM_CCxChannelCmd
 *fill*         0x08002d02        0x2 
 .text.HAL_TIM_OC_Start
                0x08002d04       0x64 mbed-dev\targets\TARGET_STM\TARGET_STM32F0\device\stm32f0xx_hal_tim.o
                0x08002d04                HAL_TIM_OC_Start
 .text.HAL_UART_MspInit
                0x08002d68        0x2 mbed-dev\targets\TARGET_STM\TARGET_STM32F0\device\stm32f0xx_hal_uart.o
                0x08002d68                HAL_UART_MspInit
 *fill*         0x08002d6a        0x2 
 .text.UART_SetConfig
                0x08002d6c      0x1d0 mbed-dev\targets\TARGET_STM\TARGET_STM32F0\device\stm32f0xx_hal_uart.o
                0x08002d6c                UART_SetConfig
 .text.UART_AdvFeatureConfig
                0x08002f3c       0xe0 mbed-dev\targets\TARGET_STM\TARGET_STM32F0\device\stm32f0xx_hal_uart.o
                0x08002f3c                UART_AdvFeatureConfig
 .text.UART_CheckIdleState
                0x0800301c       0x16 mbed-dev\targets\TARGET_STM\TARGET_STM32F0\device\stm32f0xx_hal_uart.o
                0x0800301c                UART_CheckIdleState
 *fill*         0x08003032        0x2 
 .text.HAL_UART_Init
                0x08003034       0x70 mbed-dev\targets\TARGET_STM\TARGET_STM32F0\device\stm32f0xx_hal_uart.o
                0x08003034                HAL_UART_Init
 .text.SystemCoreClockUpdate
                0x080030a4       0x94 mbed-dev\targets\TARGET_STM\TARGET_STM32F0\device\system_stm32f0xx.o
                0x080030a4                SystemCoreClockUpdate
 .text.uart_irq
                0x08003138       0x84 mbed-dev\targets\TARGET_STM\TARGET_STM32F0\serial_device.o
 .text.uart3_8_irq
                0x080031bc       0x30 mbed-dev\targets\TARGET_STM\TARGET_STM32F0\serial_device.o
 .text.uart2_irq
                0x080031ec       0x10 mbed-dev\targets\TARGET_STM\TARGET_STM32F0\serial_device.o
 .text.uart1_irq
                0x080031fc       0x10 mbed-dev\targets\TARGET_STM\TARGET_STM32F0\serial_device.o
 .text.serial_irq_handler
                0x0800320c       0x18 mbed-dev\targets\TARGET_STM\TARGET_STM32F0\serial_device.o
                0x0800320c                serial_irq_handler
 .text.serial_irq_set
                0x08003224      0x10c mbed-dev\targets\TARGET_STM\TARGET_STM32F0\serial_device.o
                0x08003224                serial_irq_set
 .text.serial_getc
                0x08003330       0x28 mbed-dev\targets\TARGET_STM\TARGET_STM32F0\serial_device.o
                0x08003330                serial_getc
 .text.serial_putc
                0x08003358       0x28 mbed-dev\targets\TARGET_STM\TARGET_STM32F0\serial_device.o
                0x08003358                serial_putc
 .text.Set_GPIO_Clock
                0x08003380       0xb4 mbed-dev\targets\TARGET_STM\gpio_api.o
                0x08003380                Set_GPIO_Clock
 .text.gpio_set
                0x08003434       0x14 mbed-dev\targets\TARGET_STM\gpio_api.o
                0x08003434                gpio_set
 .text.gpio_init
                0x08003448       0x44 mbed-dev\targets\TARGET_STM\gpio_api.o
                0x08003448                gpio_init
 .text.gpio_mode
                0x0800348c        0xc mbed-dev\targets\TARGET_STM\gpio_api.o
                0x0800348c                gpio_mode
 .text.gpio_dir
                0x08003498       0x2c mbed-dev\targets\TARGET_STM\gpio_api.o
                0x08003498                gpio_dir
 .text.HAL_InitTick
                0x080034c4        0xa mbed-dev\targets\TARGET_STM\hal_tick_overrides.o
                0x080034c4                HAL_InitTick
 *fill*         0x080034ce        0x2 
 .text.HAL_GetTick
                0x080034d0       0x58 mbed-dev\targets\TARGET_STM\hal_tick_overrides.o
                0x080034d0                HAL_GetTick
 .text.mbed_sdk_init
                0x08003528       0x20 mbed-dev\targets\TARGET_STM\mbed_overrides.o
                0x08003528                mbed_sdk_init
 .text.pin_function
                0x08003548      0x114 mbed-dev\targets\TARGET_STM\pinmap.o
                0x08003548                pin_function
 .text.pin_mode
                0x0800365c       0x8c mbed-dev\targets\TARGET_STM\pinmap.o
                0x0800365c                pin_mode
 .text.serial_readable
                0x080036e8       0x30 mbed-dev\targets\TARGET_STM\serial_api.o
                0x080036e8                serial_readable
 .text.serial_writable
                0x08003718       0x1c mbed-dev\targets\TARGET_STM\serial_api.o
                0x08003718                serial_writable
 .text.init_uart
                0x08003734       0x80 mbed-dev\targets\TARGET_STM\serial_api.o
                0x08003734                init_uart
 .text.serial_baud
                0x080037b4        0xa mbed-dev\targets\TARGET_STM\serial_api.o
                0x080037b4                serial_baud
 *fill*         0x080037be        0x2 
 .text.get_uart_index
                0x080037c0       0x40 mbed-dev\targets\TARGET_STM\serial_api.o
                0x080037c0                get_uart_index
 .text.serial_init
                0x08003800      0x154 mbed-dev\targets\TARGET_STM\serial_api.o
                0x08003800                serial_init
 .text.timer_update_irq_handler
                0x08003954       0x10 mbed-dev\targets\TARGET_STM\us_ticker.o
                0x08003954                timer_update_irq_handler
 .text.timer_oc_irq_handler
                0x08003964       0x30 mbed-dev\targets\TARGET_STM\us_ticker.o
                0x08003964                timer_oc_irq_handler
 .text.us_ticker_get_info
                0x08003994        0x8 mbed-dev\targets\TARGET_STM\us_ticker.o
                0x08003994                us_ticker_get_info
 .text.init_16bit_timer
                0x0800399c       0xe8 mbed-dev\targets\TARGET_STM\us_ticker.o
                0x0800399c                init_16bit_timer
 .text.us_ticker_init
                0x08003a84       0x14 mbed-dev\targets\TARGET_STM\us_ticker.o
                0x08003a84                us_ticker_init
 .text.us_ticker_read
                0x08003a98        0xc mbed-dev\targets\TARGET_STM\us_ticker.o
                0x08003a98                us_ticker_read
 .text.us_ticker_set_interrupt
                0x08003aa4       0x1c mbed-dev\targets\TARGET_STM\us_ticker.o
                0x08003aa4                us_ticker_set_interrupt
 .text.us_ticker_fire_interrupt
                0x08003ac0       0x20 mbed-dev\targets\TARGET_STM\us_ticker.o
                0x08003ac0                us_ticker_fire_interrupt
 .text.us_ticker_disable_interrupt
                0x08003ae0       0x14 mbed-dev\targets\TARGET_STM\us_ticker.o
                0x08003ae0                us_ticker_disable_interrupt
 .text.us_ticker_clear_interrupt
                0x08003af4       0x10 mbed-dev\targets\TARGET_STM\us_ticker.o
                0x08003af4                us_ticker_clear_interrupt
 .text.__errno  0x08003b04        0xc c:/truestudio for stm32 9.1.0/armtools/bin/../lib/gcc/arm-atollic-eabi/6.3.1/../../../../arm-atollic-eabi/lib/armv6-m\libc.a(lib_a-errno.o)
                0x08003b04                __errno
 .text.exit     0x08003b10       0x20 c:/truestudio for stm32 9.1.0/armtools/bin/../lib/gcc/arm-atollic-eabi/6.3.1/../../../../arm-atollic-eabi/lib/armv6-m\libc.a(lib_a-exit.o)
                0x08003b10                exit
 .text._fclose_r
                0x08003b30       0xe4 c:/truestudio for stm32 9.1.0/armtools/bin/../lib/gcc/arm-atollic-eabi/6.3.1/../../../../arm-atollic-eabi/lib/armv6-m\libc.a(lib_a-fclose.o)
                0x08003b30                _fclose_r
 .text.fclose   0x08003c14       0x14 c:/truestudio for stm32 9.1.0/armtools/bin/../lib/gcc/arm-atollic-eabi/6.3.1/../../../../arm-atollic-eabi/lib/armv6-m\libc.a(lib_a-fclose.o)
                0x08003c14                fclose
 .text.__sflush_r
                0x08003c28      0x130 c:/truestudio for stm32 9.1.0/armtools/bin/../lib/gcc/arm-atollic-eabi/6.3.1/../../../../arm-atollic-eabi/lib/armv6-m\libc.a(lib_a-fflush.o)
                0x08003c28                __sflush_r
 .text._fflush_r
                0x08003d58       0x80 c:/truestudio for stm32 9.1.0/armtools/bin/../lib/gcc/arm-atollic-eabi/6.3.1/../../../../arm-atollic-eabi/lib/armv6-m\libc.a(lib_a-fflush.o)
                0x08003d58                _fflush_r
 .text.fflush   0x08003dd8       0x28 c:/truestudio for stm32 9.1.0/armtools/bin/../lib/gcc/arm-atollic-eabi/6.3.1/../../../../arm-atollic-eabi/lib/armv6-m\libc.a(lib_a-fflush.o)
                0x08003dd8                fflush
 .text._fgetc_r
                0x08003e00       0x84 c:/truestudio for stm32 9.1.0/armtools/bin/../lib/gcc/arm-atollic-eabi/6.3.1/../../../../arm-atollic-eabi/lib/armv6-m\libc.a(lib_a-fgetc.o)
                0x08003e00                _fgetc_r
 .text.fgetc    0x08003e84       0x14 c:/truestudio for stm32 9.1.0/armtools/bin/../lib/gcc/arm-atollic-eabi/6.3.1/../../../../arm-atollic-eabi/lib/armv6-m\libc.a(lib_a-fgetc.o)
                0x08003e84                fgetc
 .text._cleanup_r
                0x08003e98       0x10 c:/truestudio for stm32 9.1.0/armtools/bin/../lib/gcc/arm-atollic-eabi/6.3.1/../../../../arm-atollic-eabi/lib/armv6-m\libc.a(lib_a-findfp.o)
                0x08003e98                _cleanup_r
 .text.std.isra.0
                0x08003ea8       0x48 c:/truestudio for stm32 9.1.0/armtools/bin/../lib/gcc/arm-atollic-eabi/6.3.1/../../../../arm-atollic-eabi/lib/armv6-m\libc.a(lib_a-findfp.o)
 .text.__sfmoreglue
                0x08003ef0       0x2c c:/truestudio for stm32 9.1.0/armtools/bin/../lib/gcc/arm-atollic-eabi/6.3.1/../../../../arm-atollic-eabi/lib/armv6-m\libc.a(lib_a-findfp.o)
                0x08003ef0                __sfmoreglue
 .text.__sfp_lock_acquire
                0x08003f1c       0x10 c:/truestudio for stm32 9.1.0/armtools/bin/../lib/gcc/arm-atollic-eabi/6.3.1/../../../../arm-atollic-eabi/lib/armv6-m\libc.a(lib_a-findfp.o)
                0x08003f1c                __sfp_lock_acquire
 .text.__sfp_lock_release
                0x08003f2c       0x10 c:/truestudio for stm32 9.1.0/armtools/bin/../lib/gcc/arm-atollic-eabi/6.3.1/../../../../arm-atollic-eabi/lib/armv6-m\libc.a(lib_a-findfp.o)
                0x08003f2c                __sfp_lock_release
 .text.__sinit_lock_acquire
                0x08003f3c       0x10 c:/truestudio for stm32 9.1.0/armtools/bin/../lib/gcc/arm-atollic-eabi/6.3.1/../../../../arm-atollic-eabi/lib/armv6-m\libc.a(lib_a-findfp.o)
                0x08003f3c                __sinit_lock_acquire
 .text.__sinit_lock_release
                0x08003f4c       0x10 c:/truestudio for stm32 9.1.0/armtools/bin/../lib/gcc/arm-atollic-eabi/6.3.1/../../../../arm-atollic-eabi/lib/armv6-m\libc.a(lib_a-findfp.o)
                0x08003f4c                __sinit_lock_release
 .text.__sinit  0x08003f5c       0x74 c:/truestudio for stm32 9.1.0/armtools/bin/../lib/gcc/arm-atollic-eabi/6.3.1/../../../../arm-atollic-eabi/lib/armv6-m\libc.a(lib_a-findfp.o)
                0x08003f5c                __sinit
 .text.__sfp    0x08003fd0       0x90 c:/truestudio for stm32 9.1.0/armtools/bin/../lib/gcc/arm-atollic-eabi/6.3.1/../../../../arm-atollic-eabi/lib/armv6-m\libc.a(lib_a-findfp.o)
                0x08003fd0                __sfp
 .text._fopen_r
                0x08004060       0xa4 c:/truestudio for stm32 9.1.0/armtools/bin/../lib/gcc/arm-atollic-eabi/6.3.1/../../../../arm-atollic-eabi/lib/armv6-m\libc.a(lib_a-fopen.o)
                0x08004060                _fopen_r
 .text.fopen    0x08004104       0x14 c:/truestudio for stm32 9.1.0/armtools/bin/../lib/gcc/arm-atollic-eabi/6.3.1/../../../../arm-atollic-eabi/lib/armv6-m\libc.a(lib_a-fopen.o)
                0x08004104                fopen
 .text._fputc_r
                0x08004118       0x74 c:/truestudio for stm32 9.1.0/armtools/bin/../lib/gcc/arm-atollic-eabi/6.3.1/../../../../arm-atollic-eabi/lib/armv6-m\libc.a(lib_a-fputc.o)
                0x08004118                _fputc_r
 .text.fputc    0x0800418c       0x14 c:/truestudio for stm32 9.1.0/armtools/bin/../lib/gcc/arm-atollic-eabi/6.3.1/../../../../arm-atollic-eabi/lib/armv6-m\libc.a(lib_a-fputc.o)
                0x0800418c                fputc
 .text._malloc_trim_r
                0x080041a0       0xa8 c:/truestudio for stm32 9.1.0/armtools/bin/../lib/gcc/arm-atollic-eabi/6.3.1/../../../../arm-atollic-eabi/lib/armv6-m\libc.a(lib_a-freer.o)
                0x080041a0                _malloc_trim_r
 .text._free_r  0x08004248      0x168 c:/truestudio for stm32 9.1.0/armtools/bin/../lib/gcc/arm-atollic-eabi/6.3.1/../../../../arm-atollic-eabi/lib/armv6-m\libc.a(lib_a-freer.o)
                0x08004248                _free_r
 .text._fseek_r
                0x080043b0        0x8 c:/truestudio for stm32 9.1.0/armtools/bin/../lib/gcc/arm-atollic-eabi/6.3.1/../../../../arm-atollic-eabi/lib/armv6-m\libc.a(lib_a-fseek.o)
                0x080043b0                _fseek_r
 .text._fseeko_r
                0x080043b8      0x2fc c:/truestudio for stm32 9.1.0/armtools/bin/../lib/gcc/arm-atollic-eabi/6.3.1/../../../../arm-atollic-eabi/lib/armv6-m\libc.a(lib_a-fseeko.o)
                0x080043b8                _fseeko_r
 .text._fstat_r
                0x080046b4       0x24 c:/truestudio for stm32 9.1.0/armtools/bin/../lib/gcc/arm-atollic-eabi/6.3.1/../../../../arm-atollic-eabi/lib/armv6-m\libc.a(lib_a-fstatr.o)
                0x080046b4                _fstat_r
 .text._fwalk   0x080046d8       0x38 c:/truestudio for stm32 9.1.0/armtools/bin/../lib/gcc/arm-atollic-eabi/6.3.1/../../../../arm-atollic-eabi/lib/armv6-m\libc.a(lib_a-fwalk.o)
                0x080046d8                _fwalk
 .text._fwalk_reent
                0x08004710       0x42 c:/truestudio for stm32 9.1.0/armtools/bin/../lib/gcc/arm-atollic-eabi/6.3.1/../../../../arm-atollic-eabi/lib/armv6-m\libc.a(lib_a-fwalk.o)
                0x08004710                _fwalk_reent
 *fill*         0x08004752        0x2 
 .text.__libc_init_array
                0x08004754       0x48 c:/truestudio for stm32 9.1.0/armtools/bin/../lib/gcc/arm-atollic-eabi/6.3.1/../../../../arm-atollic-eabi/lib/armv6-m\libc.a(lib_a-init.o)
                0x08004754                __libc_init_array
 .text.__retarget_lock_init_recursive
                0x0800479c        0x2 c:/truestudio for stm32 9.1.0/armtools/bin/../lib/gcc/arm-atollic-eabi/6.3.1/../../../../arm-atollic-eabi/lib/armv6-m\libc.a(lib_a-lock.o)
                0x0800479c                __retarget_lock_init_recursive
 .text.__retarget_lock_close_recursive
                0x0800479e        0x2 c:/truestudio for stm32 9.1.0/armtools/bin/../lib/gcc/arm-atollic-eabi/6.3.1/../../../../arm-atollic-eabi/lib/armv6-m\libc.a(lib_a-lock.o)
                0x0800479e                __retarget_lock_close_recursive
 .text.__retarget_lock_acquire_recursive
                0x080047a0        0x2 c:/truestudio for stm32 9.1.0/armtools/bin/../lib/gcc/arm-atollic-eabi/6.3.1/../../../../arm-atollic-eabi/lib/armv6-m\libc.a(lib_a-lock.o)
                0x080047a0                __retarget_lock_acquire_recursive
 .text.__retarget_lock_release_recursive
                0x080047a2        0x2 c:/truestudio for stm32 9.1.0/armtools/bin/../lib/gcc/arm-atollic-eabi/6.3.1/../../../../arm-atollic-eabi/lib/armv6-m\libc.a(lib_a-lock.o)
                0x080047a2                __retarget_lock_release_recursive
 .text.__swhatbuf_r
                0x080047a4       0x60 c:/truestudio for stm32 9.1.0/armtools/bin/../lib/gcc/arm-atollic-eabi/6.3.1/../../../../arm-atollic-eabi/lib/armv6-m\libc.a(lib_a-makebuf.o)
                0x080047a4                __swhatbuf_r
 .text.__smakebuf_r
                0x08004804       0x88 c:/truestudio for stm32 9.1.0/armtools/bin/../lib/gcc/arm-atollic-eabi/6.3.1/../../../../arm-atollic-eabi/lib/armv6-m\libc.a(lib_a-makebuf.o)
                0x08004804                __smakebuf_r
 .text.malloc   0x0800488c       0x14 c:/truestudio for stm32 9.1.0/armtools/bin/../lib/gcc/arm-atollic-eabi/6.3.1/../../../../arm-atollic-eabi/lib/armv6-m\libc.a(lib_a-malloc.o)
                0x0800488c                malloc
 .text.free     0x080048a0       0x14 c:/truestudio for stm32 9.1.0/armtools/bin/../lib/gcc/arm-atollic-eabi/6.3.1/../../../../arm-atollic-eabi/lib/armv6-m\libc.a(lib_a-malloc.o)
                0x080048a0                free
 .text._malloc_r
                0x080048b4      0x408 c:/truestudio for stm32 9.1.0/armtools/bin/../lib/gcc/arm-atollic-eabi/6.3.1/../../../../arm-atollic-eabi/lib/armv6-m\libc.a(lib_a-mallocr.o)
                0x080048b4                _malloc_r
 .text.memcpy   0x08004cbc       0x12 c:/truestudio for stm32 9.1.0/armtools/bin/../lib/gcc/arm-atollic-eabi/6.3.1/../../../../arm-atollic-eabi/lib/armv6-m\libc.a(lib_a-memcpy-stub.o)
                0x08004cbc                memcpy
 .text.memset   0x08004cce       0x10 c:/truestudio for stm32 9.1.0/armtools/bin/../lib/gcc/arm-atollic-eabi/6.3.1/../../../../arm-atollic-eabi/lib/armv6-m\libc.a(lib_a-memset.o)
                0x08004cce                memset
 *fill*         0x08004cde        0x2 
 .text._open_r  0x08004ce0       0x28 c:/truestudio for stm32 9.1.0/armtools/bin/../lib/gcc/arm-atollic-eabi/6.3.1/../../../../arm-atollic-eabi/lib/armv6-m\libc.a(lib_a-openr.o)
                0x08004ce0                _open_r
 .text._putc_r  0x08004d08       0x94 c:/truestudio for stm32 9.1.0/armtools/bin/../lib/gcc/arm-atollic-eabi/6.3.1/../../../../arm-atollic-eabi/lib/armv6-m\libc.a(lib_a-putc.o)
                0x08004d08                _putc_r
 .text.lflush   0x08004d9c       0x18 c:/truestudio for stm32 9.1.0/armtools/bin/../lib/gcc/arm-atollic-eabi/6.3.1/../../../../arm-atollic-eabi/lib/armv6-m\libc.a(lib_a-refill.o)
 .text.__srefill_r
                0x08004db4      0x13c c:/truestudio for stm32 9.1.0/armtools/bin/../lib/gcc/arm-atollic-eabi/6.3.1/../../../../arm-atollic-eabi/lib/armv6-m\libc.a(lib_a-refill.o)
                0x08004db4                __srefill_r
 .text.__srget_r
                0x08004ef0       0x60 c:/truestudio for stm32 9.1.0/armtools/bin/../lib/gcc/arm-atollic-eabi/6.3.1/../../../../arm-atollic-eabi/lib/armv6-m\libc.a(lib_a-rget.o)
                0x08004ef0                __srget_r
 .text._sbrk_r  0x08004f50       0x24 c:/truestudio for stm32 9.1.0/armtools/bin/../lib/gcc/arm-atollic-eabi/6.3.1/../../../../arm-atollic-eabi/lib/armv6-m\libc.a(lib_a-sbrkr.o)
                0x08004f50                _sbrk_r
 .text.setbuf   0x08004f74       0x12 c:/truestudio for stm32 9.1.0/armtools/bin/../lib/gcc/arm-atollic-eabi/6.3.1/../../../../arm-atollic-eabi/lib/armv6-m\libc.a(lib_a-setbuf.o)
                0x08004f74                setbuf
 *fill*         0x08004f86        0x2 
 .text.setvbuf  0x08004f88      0x19c c:/truestudio for stm32 9.1.0/armtools/bin/../lib/gcc/arm-atollic-eabi/6.3.1/../../../../arm-atollic-eabi/lib/armv6-m\libc.a(lib_a-setvbuf.o)
                0x08004f88                setvbuf
 .text.__sread  0x08005124       0x28 c:/truestudio for stm32 9.1.0/armtools/bin/../lib/gcc/arm-atollic-eabi/6.3.1/../../../../arm-atollic-eabi/lib/armv6-m\libc.a(lib_a-stdio.o)
                0x08005124                __sread
 .text.__swrite
                0x0800514c       0x38 c:/truestudio for stm32 9.1.0/armtools/bin/../lib/gcc/arm-atollic-eabi/6.3.1/../../../../arm-atollic-eabi/lib/armv6-m\libc.a(lib_a-stdio.o)
                0x0800514c                __swrite
 .text.__sseek  0x08005184       0x2c c:/truestudio for stm32 9.1.0/armtools/bin/../lib/gcc/arm-atollic-eabi/6.3.1/../../../../arm-atollic-eabi/lib/armv6-m\libc.a(lib_a-stdio.o)
                0x08005184                __sseek
 .text.__sclose
                0x080051b0        0xc c:/truestudio for stm32 9.1.0/armtools/bin/../lib/gcc/arm-atollic-eabi/6.3.1/../../../../arm-atollic-eabi/lib/armv6-m\libc.a(lib_a-stdio.o)
                0x080051b0                __sclose
 .text.strncmp  0x080051bc       0x22 c:/truestudio for stm32 9.1.0/armtools/bin/../lib/gcc/arm-atollic-eabi/6.3.1/../../../../arm-atollic-eabi/lib/armv6-m\libc.a(lib_a-strncmp.o)
                0x080051bc                strncmp
 .text.strspn   0x080051de       0x22 c:/truestudio for stm32 9.1.0/armtools/bin/../lib/gcc/arm-atollic-eabi/6.3.1/../../../../arm-atollic-eabi/lib/armv6-m\libc.a(lib_a-strspn.o)
                0x080051de                strspn
 .text.__swbuf_r
                0x08005200       0xcc c:/truestudio for stm32 9.1.0/armtools/bin/../lib/gcc/arm-atollic-eabi/6.3.1/../../../../arm-atollic-eabi/lib/armv6-m\libc.a(lib_a-wbuf.o)
                0x08005200                __swbuf_r
 .text._write_r
                0x080052cc       0x28 c:/truestudio for stm32 9.1.0/armtools/bin/../lib/gcc/arm-atollic-eabi/6.3.1/../../../../arm-atollic-eabi/lib/armv6-m\libc.a(lib_a-writer.o)
                0x080052cc                _write_r
 .text.__swsetup_r
                0x080052f4       0xec c:/truestudio for stm32 9.1.0/armtools/bin/../lib/gcc/arm-atollic-eabi/6.3.1/../../../../arm-atollic-eabi/lib/armv6-m\libc.a(lib_a-wsetup.o)
                0x080052f4                __swsetup_r
 .text.__call_exitprocs
                0x080053e0      0x104 c:/truestudio for stm32 9.1.0/armtools/bin/../lib/gcc/arm-atollic-eabi/6.3.1/../../../../arm-atollic-eabi/lib/armv6-m\libc.a(lib_a-__call_atexit.o)
                0x080053e0                __call_exitprocs
 .text._close_r
                0x080054e4       0x24 c:/truestudio for stm32 9.1.0/armtools/bin/../lib/gcc/arm-atollic-eabi/6.3.1/../../../../arm-atollic-eabi/lib/armv6-m\libc.a(lib_a-closer.o)
                0x080054e4                _close_r
 .text.__sflags
                0x08005508       0x72 c:/truestudio for stm32 9.1.0/armtools/bin/../lib/gcc/arm-atollic-eabi/6.3.1/../../../../arm-atollic-eabi/lib/armv6-m\libc.a(lib_a-flags.o)
                0x08005508                __sflags
 *fill*         0x0800557a        0x2 
 .text._isatty_r
                0x0800557c       0x24 c:/truestudio for stm32 9.1.0/armtools/bin/../lib/gcc/arm-atollic-eabi/6.3.1/../../../../arm-atollic-eabi/lib/armv6-m\libc.a(lib_a-isattyr.o)
                0x0800557c                _isatty_r
 .text._lseek_r
                0x080055a0       0x28 c:/truestudio for stm32 9.1.0/armtools/bin/../lib/gcc/arm-atollic-eabi/6.3.1/../../../../arm-atollic-eabi/lib/armv6-m\libc.a(lib_a-lseekr.o)
                0x080055a0                _lseek_r
 .text._read_r  0x080055c8       0x28 c:/truestudio for stm32 9.1.0/armtools/bin/../lib/gcc/arm-atollic-eabi/6.3.1/../../../../arm-atollic-eabi/lib/armv6-m\libc.a(lib_a-readr.o)
                0x080055c8                _read_r
 *(.glue_7)
 .glue_7        0x080055f0        0x0 linker stubs
 *(.glue_7t)
 .glue_7t       0x080055f0        0x0 linker stubs
 *(.eh_frame)
 .eh_frame      0x080055f0        0x0 c:/truestudio for stm32 9.1.0/armtools/bin/../lib/gcc/arm-atollic-eabi/6.3.1/armv6-m/crtbegin.o
 .eh_frame      0x080055f0        0x4 c:/truestudio for stm32 9.1.0/armtools/bin/../lib/gcc/arm-atollic-eabi/6.3.1/armv6-m/crtend.o
 *(.init)
 .init          0x080055f4        0x4 c:/truestudio for stm32 9.1.0/armtools/bin/../lib/gcc/arm-atollic-eabi/6.3.1/armv6-m/crti.o
                0x080055f4                _init
 .init          0x080055f8        0x8 c:/truestudio for stm32 9.1.0/armtools/bin/../lib/gcc/arm-atollic-eabi/6.3.1/armv6-m/crtn.o
 *(.fini)
 .fini          0x08005600        0x4 c:/truestudio for stm32 9.1.0/armtools/bin/../lib/gcc/arm-atollic-eabi/6.3.1/armv6-m/crti.o
                0x08005600                _fini
 .fini          0x08005604        0x8 c:/truestudio for stm32 9.1.0/armtools/bin/../lib/gcc/arm-atollic-eabi/6.3.1/armv6-m/crtn.o
 *crtbegin.o(.ctors)
 *crtbegin?.o(.ctors)
 *(EXCLUDE_FILE(*crtend.o *crtend?.o) .ctors)
 *(SORT(.ctors.*))
 *(.ctors)
 *crtbegin.o(.dtors)
 *crtbegin?.o(.dtors)
 *(EXCLUDE_FILE(*crtend.o *crtend?.o) .dtors)
 *(SORT(.dtors.*))
 *(.dtors)
 *(.rodata*)
 .rodata._ZZN4mbed8CallbackIFvvEE8generateIPS1_EEvRKT_E3ops
                0x0800560c        0xc main.o
                0x0800560c                void mbed::Callback<void ()>::generate<void (*)()>(void (* const&)())::ops
 .rodata._ZTVN4mbed6SerialE
                0x08005618       0x90 mbed-dev\drivers\Serial.o
                0x08005618                vtable for mbed::Serial
 .rodata._ZTVN4mbed10SerialBaseE
                0x080056a8       0x18 mbed-dev\drivers\SerialBase.o
                0x080056a8                vtable for mbed::SerialBase
 .rodata._ZTVN4mbed6TickerE
                0x080056c0       0x14 mbed-dev\drivers\Ticker.o
                0x080056c0                vtable for mbed::Ticker
 .rodata._ZTVN4mbed10TimerEventE
                0x080056d4       0x14 mbed-dev\drivers\TimerEvent.o
                0x080056d4                vtable for mbed::TimerEvent
 .rodata.us_data
                0x080056e8        0x8 mbed-dev\hal\mbed_us_ticker_api.o
 .rodata.us_interface
                0x080056f0       0x1c mbed-dev\hal\mbed_us_ticker_api.o
 .rodata._ZTVN4mbed8FileBaseE
                0x0800570c       0x10 mbed-dev\platform\FileBase.o
                0x0800570c                vtable for mbed::FileBase
 .rodata._ZTVN4mbed10FileHandleE
                0x0800571c       0x50 mbed-dev\platform\FileHandle.o
                0x0800571c                vtable for mbed::FileHandle
 .rodata._ZN4mbed8FilePathC2EPKc.str1.4
                0x0800576c        0x2 mbed-dev\platform\FilePath.o
 *fill*         0x0800576e        0x2 
 .rodata._ZTVN4mbed8FileLikeE
                0x08005770       0x60 mbed-dev\platform\Stream.o
                0x08005770                vtable for mbed::FileLike
 .rodata._ZN4mbed6StreamC2EPKc.str1.4
                0x080057d0        0x3 mbed-dev\platform\Stream.o
 *fill*         0x080057d3        0x1 
 .rodata._ZTVN4mbed6StreamE
                0x080057d4       0x70 mbed-dev\platform\Stream.o
                0x080057d4                vtable for mbed::Stream
 .rodata._ZTV12DirectSerial
                0x08005844       0x50 mbed-dev\platform\mbed_retarget.o
                0x08005844                vtable for DirectSerial
 .rodata.__stderr_name
                0x08005894        0x8 mbed-dev\platform\mbed_retarget.o
                0x08005894                __stderr_name
 .rodata.__stdin_name
                0x0800589c        0x7 mbed-dev\platform\mbed_retarget.o
                0x0800589c                __stdin_name
 *fill*         0x080058a3        0x1 
 .rodata.__stdout_name
                0x080058a4        0x8 mbed-dev\platform\mbed_retarget.o
                0x080058a4                __stdout_name
 .rodata._write.str1.4
                0x080058ac        0x2 mbed-dev\platform\mbed_retarget.o
 *fill*         0x080058ae        0x2 
 .rodata.PinMap_UART_RX
                0x080058b0       0x78 mbed-dev\targets\TARGET_STM\TARGET_STM32F0\TARGET_NUCLEO_F070RB\PeripheralPins.o
                0x080058b0                PinMap_UART_RX
 .rodata.PinMap_UART_TX
                0x08005928       0x78 mbed-dev\targets\TARGET_STM\TARGET_STM32F0\TARGET_NUCLEO_F070RB\PeripheralPins.o
                0x08005928                PinMap_UART_TX
 .rodata.SetSysClock.str1.4
                0x080059a0       0x14 mbed-dev\targets\TARGET_STM\TARGET_STM32F0\TARGET_NUCLEO_F070RB\device\system_clock.o
 .rodata        0x080059b4       0x20 mbed-dev\targets\TARGET_STM\TARGET_STM32F0\device\stm32f0xx_hal_rcc.o
 .rodata.AHBPrescTable
                0x080059d4       0x10 mbed-dev\targets\TARGET_STM\TARGET_STM32F0\device\system_stm32f0xx.o
                0x080059d4                AHBPrescTable
 .rodata.APBPrescTable
                0x080059e4        0x8 mbed-dev\targets\TARGET_STM\TARGET_STM32F0\device\system_stm32f0xx.o
                0x080059e4                APBPrescTable
 .rodata.Set_GPIO_Clock
                0x080059ec       0x18 mbed-dev\targets\TARGET_STM\gpio_api.o
 .rodata.Set_GPIO_Clock.str1.4
                0x08005a04       0x21 mbed-dev\targets\TARGET_STM\gpio_api.o
 *fill*         0x08005a25        0x3 
 .rodata.ll_pin_defines
                0x08005a28       0x40 mbed-dev\targets\TARGET_STM\pinmap.o
                0x08005a28                ll_pin_defines
 .rodata.serial_init.str1.4
                0x08005a68       0x38 mbed-dev\targets\TARGET_STM\serial_api.o
                                 0x35 (size before relaxing)
 .rodata.info.9237
                0x08005aa0        0x8 mbed-dev\targets\TARGET_STM\us_ticker.o
 .rodata.__sf_fake_stderr
                0x08005aa8       0x20 c:/truestudio for stm32 9.1.0/armtools/bin/../lib/gcc/arm-atollic-eabi/6.3.1/../../../../arm-atollic-eabi/lib/armv6-m\libc.a(lib_a-findfp.o)
                0x08005aa8                __sf_fake_stderr
 .rodata.__sf_fake_stdin
                0x08005ac8       0x20 c:/truestudio for stm32 9.1.0/armtools/bin/../lib/gcc/arm-atollic-eabi/6.3.1/../../../../arm-atollic-eabi/lib/armv6-m\libc.a(lib_a-findfp.o)
                0x08005ac8                __sf_fake_stdin
 .rodata.__sf_fake_stdout
                0x08005ae8       0x20 c:/truestudio for stm32 9.1.0/armtools/bin/../lib/gcc/arm-atollic-eabi/6.3.1/../../../../arm-atollic-eabi/lib/armv6-m\libc.a(lib_a-findfp.o)
                0x08005ae8                __sf_fake_stdout
 .rodata._global_impure_ptr
                0x08005b08        0x4 c:/truestudio for stm32 9.1.0/armtools/bin/../lib/gcc/arm-atollic-eabi/6.3.1/../../../../arm-atollic-eabi/lib/armv6-m\libc.a(lib_a-impure.o)
                0x08005b08                _global_impure_ptr
 *(.eh_frame*)

.vfp11_veneer   0x08005b0c        0x0
 .vfp11_veneer  0x08005b0c        0x0 linker stubs

.v4_bx          0x08005b0c        0x0
 .v4_bx         0x08005b0c        0x0 linker stubs

.iplt           0x08005b0c        0x0
 .iplt          0x08005b0c        0x0 c:/truestudio for stm32 9.1.0/armtools/bin/../lib/gcc/arm-atollic-eabi/6.3.1/armv6-m/crtbegin.o

.ARM.extab
 *(.ARM.extab* .gnu.linkonce.armextab.*)
                0x08005b0c                __exidx_start = .

.ARM.exidx      0x08005b0c        0x8
 *(.ARM.exidx* .gnu.linkonce.armexidx.*)
 .ARM.exidx     0x08005b0c        0x8 c:/truestudio for stm32 9.1.0/armtools/bin/../lib/gcc/arm-atollic-eabi/6.3.1/armv6-m\libgcc.a(_udivmoddi4.o)
                0x08005b14                __exidx_end = .
                0x08005b14                __etext = .
                0x08005b14                _sidata = .

.rel.dyn        0x08005b14        0x0
 .rel.iplt      0x08005b14        0x0 c:/truestudio for stm32 9.1.0/armtools/bin/../lib/gcc/arm-atollic-eabi/6.3.1/armv6-m/crtbegin.o

.data           0x200000c0      0x628 load address 0x08005b14
                0x200000c0                __data_start__ = .
                0x200000c0                _sdata = .
 *(vtable)
 *(.data*)
 .data          0x200000c0        0x4 c:/truestudio for stm32 9.1.0/armtools/bin/../lib/gcc/arm-atollic-eabi/6.3.1/armv6-m/crtbegin.o
                0x200000c0                __dso_handle
 .data.irq_handler
                0x200000c4        0x4 mbed-dev\hal\mbed_us_ticker_api.o
 .data._ZL11filehandles
                0x200000c8      0x100 mbed-dev\platform\mbed_retarget.o
 .data._ZZ5_sbrkE4heap
                0x200001c8        0x4 mbed-dev\platform\mbed_retarget.o
 .data.SystemCoreClock
                0x200001cc        0x4 mbed-dev\targets\TARGET_STM\TARGET_STM32F0\device\system_stm32f0xx.o
                0x200001cc                SystemCoreClock
 .data._impure_ptr
                0x200001d0        0x4 c:/truestudio for stm32 9.1.0/armtools/bin/../lib/gcc/arm-atollic-eabi/6.3.1/../../../../arm-atollic-eabi/lib/armv6-m\libc.a(lib_a-impure.o)
                0x200001d0                _impure_ptr
 .data.impure_data
                0x200001d4       0xf0 c:/truestudio for stm32 9.1.0/armtools/bin/../lib/gcc/arm-atollic-eabi/6.3.1/../../../../arm-atollic-eabi/lib/armv6-m\libc.a(lib_a-impure.o)
 .data.__malloc_av_
                0x200002c4      0x408 c:/truestudio for stm32 9.1.0/armtools/bin/../lib/gcc/arm-atollic-eabi/6.3.1/../../../../arm-atollic-eabi/lib/armv6-m\libc.a(lib_a-mallocr.o)
                0x200002c4                __malloc_av_
 .data.__malloc_sbrk_base
                0x200006cc        0x4 c:/truestudio for stm32 9.1.0/armtools/bin/../lib/gcc/arm-atollic-eabi/6.3.1/../../../../arm-atollic-eabi/lib/armv6-m\libc.a(lib_a-mallocr.o)
                0x200006cc                __malloc_sbrk_base
 .data.__malloc_trim_threshold
                0x200006d0        0x4 c:/truestudio for stm32 9.1.0/armtools/bin/../lib/gcc/arm-atollic-eabi/6.3.1/../../../../arm-atollic-eabi/lib/armv6-m\libc.a(lib_a-mallocr.o)
                0x200006d0                __malloc_trim_threshold
 .data.__atexit_recursive_mutex
                0x200006d4        0x4 c:/truestudio for stm32 9.1.0/armtools/bin/../lib/gcc/arm-atollic-eabi/6.3.1/../../../../arm-atollic-eabi/lib/armv6-m\libc.a(lib_a-__call_atexit.o)
                0x200006d4                __atexit_recursive_mutex
                0x200006d8                . = ALIGN (0x4)
                0x200006d8                PROVIDE (__preinit_array_start, .)
 *(.preinit_array)
                0x200006d8                PROVIDE (__preinit_array_end, .)
                0x200006d8                . = ALIGN (0x4)
                0x200006d8                PROVIDE (__init_array_start, .)
 *(SORT(.init_array.*))
 *(.init_array)
 .init_array    0x200006d8        0x4 c:/truestudio for stm32 9.1.0/armtools/bin/../lib/gcc/arm-atollic-eabi/6.3.1/armv6-m/crtbegin.o
 .init_array    0x200006dc        0x4 main.o
 .init_array    0x200006e0        0x4 mbed-dev\drivers\SPI.o
                0x200006e4                PROVIDE (__init_array_end, .)
                0x200006e4                . = ALIGN (0x4)
                [!provide]                PROVIDE (__fini_array_start, .)
 *(SORT(.fini_array.*))
 *(.fini_array)
 .fini_array    0x200006e4        0x4 c:/truestudio for stm32 9.1.0/armtools/bin/../lib/gcc/arm-atollic-eabi/6.3.1/armv6-m/crtbegin.o
                [!provide]                PROVIDE (__fini_array_end, .)
 *(.jcr*)
                0x200006e8                . = ALIGN (0x4)
                0x200006e8                __data_end__ = .
                0x200006e8                _edata = .

.igot.plt       0x200006e8        0x0 load address 0x0800613c
 .igot.plt      0x200006e8        0x0 c:/truestudio for stm32 9.1.0/armtools/bin/../lib/gcc/arm-atollic-eabi/6.3.1/armv6-m/crtbegin.o

.bss            0x200006e8      0x63c load address 0x08006140
                0x200006e8                . = ALIGN (0x4)
                0x200006e8                __bss_start__ = .
                0x200006e8                _sbss = .
 *(.bss*)
 .bss           0x200006e8       0x1c c:/truestudio for stm32 9.1.0/armtools/bin/../lib/gcc/arm-atollic-eabi/6.3.1/armv6-m/crtbegin.o
 .bss.Senal     0x20000704        0x4 main.o
                0x20000704                Senal
 .bss.SenalS0N0
                0x20000708       0x1c main.o
                0x20000708                SenalS0N0
 .bss.SenalS1N0
                0x20000724       0x1c main.o
                0x20000724                SenalS1N0
 .bss.SenalS2N0
                0x20000740       0x1c main.o
                0x20000740                SenalS2N0
 .bss.SenalS3N0
                0x2000075c       0x1c main.o
                0x2000075c                SenalS3N0
 .bss.ZonaAfectada
                0x20000778        0x4 main.o
                0x20000778                ZonaAfectada
 .bss._ZZ5myirqvE1c
                0x2000077c        0x5 main.o
 *fill*         0x20000781        0x3 
 .bss.pc        0x20000784       0xd8 main.o
                0x20000784                pc
 *fill*         0x2000085c        0x4 
 .bss.timer1    0x20000860       0x40 main.o
                0x20000860                timer1
 .bss._ZN4mbed3SPI19_transaction_bufferE
                0x200008a0       0x64 mbed-dev\drivers\SPI.o
                0x200008a0                mbed::SPI::_transaction_buffer
 .bss.critical_interrupts_enabled
                0x20000904        0x1 mbed-dev\hal\mbed_critical_section_api.o
 .bss.state_saved
                0x20000905        0x1 mbed-dev\hal\mbed_critical_section_api.o
 .bss.deep_sleep_lock
                0x20000906        0x2 mbed-dev\hal\mbed_sleep_manager.o
 .bss.events    0x20000908       0x40 mbed-dev\hal\mbed_us_ticker_api.o
 .bss._ZN4mbed8FileBase5_headE
                0x20000948        0x4 mbed-dev\platform\FileBase.o
                0x20000948                mbed::FileBase::_head
 .bss._ZN4mbed8FileBase6_mutexE
                0x2000094c        0x8 mbed-dev\platform\FileBase.o
                0x2000094c                mbed::FileBase::_mutex
 .bss.critical_section_reentrancy_counter
                0x20000954        0x4 mbed-dev\platform\mbed_critical.o
 .bss.error_count
                0x20000958        0x4 mbed-dev\platform\mbed_error.o
 .bss.error_hook
                0x2000095c        0x4 mbed-dev\platform\mbed_error.o
 .bss.error_in_progress
                0x20000960        0x1 mbed-dev\platform\mbed_error.o
 *fill*         0x20000961        0x3 
 .bss.first_error_ctx
                0x20000964       0x34 mbed-dev\platform\mbed_error.o
 .bss.last_error_ctx
                0x20000998       0x34 mbed-dev\platform\mbed_error.o
 .bss._ZGVZL15default_consolevE7console
                0x200009cc        0x4 mbed-dev\platform\mbed_retarget.o
 .bss._ZL13stdio_in_prev
                0x200009d0       0x40 mbed-dev\platform\mbed_retarget.o
 .bss._ZL14stdio_out_prev
                0x20000a10       0x40 mbed-dev\platform\mbed_retarget.o
 .bss._ZL16filehandle_mutex
                0x20000a50        0x8 mbed-dev\platform\mbed_retarget.o
 .bss._ZZL15default_consolevE7console
                0x20000a58        0x4 mbed-dev\platform\mbed_retarget.o
 .bss.mbed_heap_size
                0x20000a5c        0x4 mbed-dev\platform\mbed_retarget.o
                0x20000a5c                mbed_heap_size
 .bss.mbed_heap_start
                0x20000a60        0x4 mbed-dev\platform\mbed_retarget.o
                0x20000a60                mbed_heap_start
 .bss.irq_handler
                0x20000a64        0x4 mbed-dev\targets\TARGET_STM\TARGET_STM32F0\serial_device.o
 .bss.serial_irq_ids
                0x20000a68       0x10 mbed-dev\targets\TARGET_STM\TARGET_STM32F0\serial_device.o
                0x20000a68                serial_irq_ids
 .bss.elapsed_time
                0x20000a78        0x4 mbed-dev\targets\TARGET_STM\hal_tick_overrides.o
                0x20000a78                elapsed_time
 .bss.prev_time
                0x20000a7c        0x4 mbed-dev\targets\TARGET_STM\hal_tick_overrides.o
                0x20000a7c                prev_time
 .bss.mbed_sdk_inited
                0x20000a80        0x4 mbed-dev\targets\TARGET_STM\mbed_overrides.o
                0x20000a80                mbed_sdk_inited
 .bss.stdio_uart_inited
                0x20000a84        0x4 mbed-dev\targets\TARGET_STM\serial_api.o
                0x20000a84                stdio_uart_inited
 .bss.__malloc_current_mallinfo
                0x20000a88       0x28 c:/truestudio for stm32 9.1.0/armtools/bin/../lib/gcc/arm-atollic-eabi/6.3.1/../../../../arm-atollic-eabi/lib/armv6-m\libc.a(lib_a-mallocr.o)
                0x20000a88                __malloc_current_mallinfo
 .bss.__malloc_max_sbrked_mem
                0x20000ab0        0x4 c:/truestudio for stm32 9.1.0/armtools/bin/../lib/gcc/arm-atollic-eabi/6.3.1/../../../../arm-atollic-eabi/lib/armv6-m\libc.a(lib_a-mallocr.o)
                0x20000ab0                __malloc_max_sbrked_mem
 .bss.__malloc_max_total_mem
                0x20000ab4        0x4 c:/truestudio for stm32 9.1.0/armtools/bin/../lib/gcc/arm-atollic-eabi/6.3.1/../../../../arm-atollic-eabi/lib/armv6-m\libc.a(lib_a-mallocr.o)
                0x20000ab4                __malloc_max_total_mem
 .bss.__malloc_top_pad
                0x20000ab8        0x4 c:/truestudio for stm32 9.1.0/armtools/bin/../lib/gcc/arm-atollic-eabi/6.3.1/../../../../arm-atollic-eabi/lib/armv6-m\libc.a(lib_a-mallocr.o)
                0x20000ab8                __malloc_top_pad
 *(COMMON)
 COMMON         0x20000abc      0x1c0 mbed-dev\targets\TARGET_STM\TARGET_STM32F0\serial_device.o
                0x20000abc                uart_handlers
 COMMON         0x20000c7c       0x4c mbed-dev\targets\TARGET_STM\serial_api.o
                0x20000c7c                stdio_uart
 COMMON         0x20000cc8       0x4c mbed-dev\targets\TARGET_STM\us_ticker.o
                0x20000cc8                timer_dier_reg
                0x20000ccc                TimMasterHandle
                0x20000d0c                timer_ccr1_reg
                0x20000d10                timer_cnt_reg
 COMMON         0x20000d14        0x9 c:/truestudio for stm32 9.1.0/armtools/bin/../lib/gcc/arm-atollic-eabi/6.3.1/../../../../arm-atollic-eabi/lib/armv6-m\libc.a(lib_a-lock.o)
                0x20000d14                __lock___atexit_recursive_mutex
                0x20000d15                __lock___arc4random_mutex
                0x20000d16                __lock___env_recursive_mutex
                0x20000d17                __lock___sinit_recursive_mutex
                0x20000d18                __lock___malloc_recursive_mutex
                0x20000d19                __lock___at_quick_exit_mutex
                0x20000d1a                __lock___dd_hash_mutex
                0x20000d1b                __lock___tz_mutex
                0x20000d1c                __lock___sfp_recursive_mutex
 *fill*         0x20000d1d        0x3 
 COMMON         0x20000d20        0x4 c:/truestudio for stm32 9.1.0/armtools/bin/../lib/gcc/arm-atollic-eabi/6.3.1/../../../../arm-atollic-eabi/lib/armv6-m\libc.a(lib_a-reent.o)
                0x20000d20                errno
                0x20000d24                . = ALIGN (0x4)
                0x20000d24                __bss_end__ = .
                0x20000d24                _ebss = .

.heap           0x20000d24        0x0
                0x20000d24                __end__ = .
                0x20000d24                end = __end__
 *(.heap*)
                0x20000d24                __HeapLimit = .

.stack_dummy    0x20000d24        0x0
 *(.stack*)
                0x20004000                __StackTop = (ORIGIN (RAM) + LENGTH (RAM))
                0x20004000                _estack = __StackTop
                0x20004000                __StackLimit = (__StackTop - SIZEOF (.stack_dummy))
                [!provide]                PROVIDE (__stack, __StackTop)
                0x00000001                ASSERT ((__StackLimit >= __HeapLimit), region RAM overflowed with stack)
OUTPUT(Proyecto_base_Exportado-debug.elf elf32-littlearm)

.ARM.attributes
                0x00000000       0x28
 .ARM.attributes
                0x00000000       0x1e c:/truestudio for stm32 9.1.0/armtools/bin/../lib/gcc/arm-atollic-eabi/6.3.1/armv6-m/crti.o
 .ARM.attributes
                0x0000001e       0x2c c:/truestudio for stm32 9.1.0/armtools/bin/../lib/gcc/arm-atollic-eabi/6.3.1/armv6-m/crtbegin.o
 .ARM.attributes
                0x0000004a       0x31 main.o
 .ARM.attributes
                0x0000007b       0x31 mbed-dev\drivers\SPI.o
 .ARM.attributes
                0x000000ac       0x31 mbed-dev\drivers\Serial.o
 .ARM.attributes
                0x000000dd       0x31 mbed-dev\drivers\SerialBase.o
 .ARM.attributes
                0x0000010e       0x31 mbed-dev\drivers\Ticker.o
 .ARM.attributes
                0x0000013f       0x31 mbed-dev\drivers\TimerEvent.o
 .ARM.attributes
                0x00000170       0x31 mbed-dev\drivers\UARTSerial.o
 .ARM.attributes
                0x000001a1       0x31 mbed-dev\hal\mbed_critical_section_api.o
 .ARM.attributes
                0x000001d2       0x31 mbed-dev\hal\mbed_gpio.o
 .ARM.attributes
                0x00000203       0x31 mbed-dev\hal\mbed_pinmap_common.o
 .ARM.attributes
                0x00000234       0x31 mbed-dev\hal\mbed_sleep_manager.o
 .ARM.attributes
                0x00000265       0x31 mbed-dev\hal\mbed_ticker_api.o
 .ARM.attributes
                0x00000296       0x31 mbed-dev\hal\mbed_us_ticker_api.o
 .ARM.attributes
                0x000002c7       0x31 mbed-dev\platform\FileBase.o
 .ARM.attributes
                0x000002f8       0x31 mbed-dev\platform\FileHandle.o
 .ARM.attributes
                0x00000329       0x31 mbed-dev\platform\FilePath.o
 .ARM.attributes
                0x0000035a       0x31 mbed-dev\platform\Stream.o
 .ARM.attributes
                0x0000038b       0x31 mbed-dev\platform\mbed_board.o
 .ARM.attributes
                0x000003bc       0x31 mbed-dev\platform\mbed_critical.o
 .ARM.attributes
                0x000003ed       0x31 mbed-dev\platform\mbed_error.o
 .ARM.attributes
                0x0000041e       0x31 mbed-dev\platform\mbed_retarget.o
 .ARM.attributes
                0x0000044f       0x31 mbed-dev\platform\mbed_sdk_boot.o
 .ARM.attributes
                0x00000480       0x31 mbed-dev\platform\mbed_wait_api_no_rtos.o
 .ARM.attributes
                0x000004b1       0x31 mbed-dev\targets\TARGET_STM\TARGET_STM32F0\TARGET_NUCLEO_F070RB\PeripheralPins.o
 .ARM.attributes
                0x000004e2       0x21 mbed-dev\targets\TARGET_STM\TARGET_STM32F0\TARGET_NUCLEO_F070RB\device\TOOLCHAIN_GCC_ARM\startup_stm32f070xb.o
 .ARM.attributes
                0x00000503       0x31 mbed-dev\targets\TARGET_STM\TARGET_STM32F0\TARGET_NUCLEO_F070RB\device\cmsis_nvic.o
 .ARM.attributes
                0x00000534       0x31 mbed-dev\targets\TARGET_STM\TARGET_STM32F0\TARGET_NUCLEO_F070RB\device\system_clock.o
 .ARM.attributes
                0x00000565       0x31 mbed-dev\targets\TARGET_STM\TARGET_STM32F0\device\stm32f0xx_hal.o
 .ARM.attributes
                0x00000596       0x31 mbed-dev\targets\TARGET_STM\TARGET_STM32F0\device\stm32f0xx_hal_rcc.o
 .ARM.attributes
                0x000005c7       0x31 mbed-dev\targets\TARGET_STM\TARGET_STM32F0\device\stm32f0xx_hal_tim.o
 .ARM.attributes
                0x000005f8       0x31 mbed-dev\targets\TARGET_STM\TARGET_STM32F0\device\stm32f0xx_hal_uart.o
 .ARM.attributes
                0x00000629       0x31 mbed-dev\targets\TARGET_STM\TARGET_STM32F0\device\system_stm32f0xx.o
 .ARM.attributes
                0x0000065a       0x31 mbed-dev\targets\TARGET_STM\TARGET_STM32F0\serial_device.o
 .ARM.attributes
                0x0000068b       0x31 mbed-dev\targets\TARGET_STM\gpio_api.o
 .ARM.attributes
                0x000006bc       0x31 mbed-dev\targets\TARGET_STM\hal_tick_overrides.o
 .ARM.attributes
                0x000006ed       0x31 mbed-dev\targets\TARGET_STM\mbed_overrides.o
 .ARM.attributes
                0x0000071e       0x31 mbed-dev\targets\TARGET_STM\pinmap.o
 .ARM.attributes
                0x0000074f       0x31 mbed-dev\targets\TARGET_STM\serial_api.o
 .ARM.attributes